Archive member included to satisfy reference by file (symbol)

/Users/saranyim/Library/Application Support/Code/User/globalStorage/vexrobotics.vexcode/sdk/cpp/IQ2/IQ2_20250520_15_00_00/vexiq2/libviq2rt.a(iq2_startup.c.o)
                              (vexStartup)
/Users/saranyim/Library/Application Support/Code/User/globalStorage/vexrobotics.vexcode/sdk/cpp/IQ2/IQ2_20250520_15_00_00/vexiq2/libviq2rt.a(iq2_apijump.c.o)
                              /Users/saranyim/Library/Application Support/Code/User/globalStorage/vexrobotics.vexcode/sdk/cpp/IQ2/IQ2_20250520_15_00_00/vexiq2/libviq2rt.a(iq2_startup.c.o) (vexTaskAdd)
/Users/saranyim/Library/Application Support/Code/User/globalStorage/vexrobotics.vexcode/sdk/cpp/IQ2/IQ2_20250520_15_00_00/vexiq2/libviq2rt.a(iq2_apiversions.c.o)
                              /Users/saranyim/Library/Application Support/Code/User/globalStorage/vexrobotics.vexcode/sdk/cpp/IQ2/IQ2_20250520_15_00_00/vexiq2/libviq2rt.a(iq2_apijump.c.o) (vexSystemVersion)
/Users/saranyim/Library/Application Support/Code/User/globalStorage/vexrobotics.vexcode/sdk/cpp/IQ2/IQ2_20250520_15_00_00/vexiq2/libviq2rt.a(vex_global.cpp.o)
                              build/src/autonomous.o (vex::wait(double, vex::timeUnits))
/Users/saranyim/Library/Application Support/Code/User/globalStorage/vexrobotics.vexcode/sdk/cpp/IQ2/IQ2_20250520_15_00_00/vexiq2/libviq2rt.a(vex_color.cpp.o)
                              build/src/autonomous.o (vex::color::~color())
/Users/saranyim/Library/Application Support/Code/User/globalStorage/vexrobotics.vexcode/sdk/cpp/IQ2/IQ2_20250520_15_00_00/vexiq2/libviq2rt.a(vex_task.cpp.o)
                              build/src/autonomous.o (vex::task::task(int (*)()))
/Users/saranyim/Library/Application Support/Code/User/globalStorage/vexrobotics.vexcode/sdk/cpp/IQ2/IQ2_20250520_15_00_00/vexiq2/libviq2rt.a(vex_thread.cpp.o)
                              /Users/saranyim/Library/Application Support/Code/User/globalStorage/vexrobotics.vexcode/sdk/cpp/IQ2/IQ2_20250520_15_00_00/vexiq2/libviq2rt.a(vex_global.cpp.o) (vex::this_thread::sleep_for(unsigned long))
/Users/saranyim/Library/Application Support/Code/User/globalStorage/vexrobotics.vexcode/sdk/cpp/IQ2/IQ2_20250520_15_00_00/vexiq2/libviq2rt.a(vex_brain.cpp.o)
                              build/src/main.o (vex::brain::~brain())
/Users/saranyim/Library/Application Support/Code/User/globalStorage/vexrobotics.vexcode/sdk/cpp/IQ2/IQ2_20250520_15_00_00/vexiq2/libviq2rt.a(vex_timer.cpp.o)
                              build/src/main.o (vex::timer::~timer())
/Users/saranyim/Library/Application Support/Code/User/globalStorage/vexrobotics.vexcode/sdk/cpp/IQ2/IQ2_20250520_15_00_00/vexiq2/libviq2rt.a(vex_motor.cpp.o)
                              build/src/main.o (vex::motor::~motor())
/Users/saranyim/Library/Application Support/Code/User/globalStorage/vexrobotics.vexcode/sdk/cpp/IQ2/IQ2_20250520_15_00_00/vexiq2/libviq2rt.a(vex_touchled.cpp.o)
                              build/src/main.o (vex::touchled::touchled(long))
/Users/saranyim/Library/Application Support/Code/User/globalStorage/vexrobotics.vexcode/sdk/cpp/IQ2/IQ2_20250520_15_00_00/vexiq2/libviq2rt.a(vex_distance.cpp.o)
                              build/src/main.o (vex::distance::distance(long))
/Users/saranyim/Library/Application Support/Code/User/globalStorage/vexrobotics.vexcode/sdk/cpp/IQ2/IQ2_20250520_15_00_00/vexiq2/libviq2rt.a(vex_pneumatic.cpp.o)
                              build/src/main.o (vex::pneumatic::pneumatic(long, bool))
/Users/saranyim/Library/Application Support/Code/User/globalStorage/vexrobotics.vexcode/sdk/cpp/IQ2/IQ2_20250520_15_00_00/vexiq2/libviq2rt.a(vex_motorgroup.cpp.o)
                              build/src/main.o (vex::motor_group::motor_group())
/Users/saranyim/Library/Application Support/Code/User/globalStorage/vexrobotics.vexcode/sdk/cpp/IQ2/IQ2_20250520_15_00_00/vexiq2/libviq2rt.a(vex_controller.cpp.o)
                              build/src/main.o (vex::controller::controller())
/Users/saranyim/Library/Application Support/Code/User/globalStorage/vexrobotics.vexcode/sdk/cpp/IQ2/IQ2_20250520_15_00_00/vexiq2/libviq2rt.a(vex_event.cpp.o)
                              /Users/saranyim/Library/Application Support/Code/User/globalStorage/vexrobotics.vexcode/sdk/cpp/IQ2/IQ2_20250520_15_00_00/vexiq2/libviq2rt.a(vex_brain.cpp.o) (vex::event::init(unsigned long, unsigned long, void (*)()))
/Users/saranyim/Library/Application Support/Code/User/globalStorage/vexrobotics.vexcode/sdk/cpp/IQ2/IQ2_20250520_15_00_00/vexiq2/libviq2rt.a(vex_device.cpp.o)
                              /Users/saranyim/Library/Application Support/Code/User/globalStorage/vexrobotics.vexcode/sdk/cpp/IQ2/IQ2_20250520_15_00_00/vexiq2/libviq2rt.a(vex_pneumatic.cpp.o) (vex::device::value())
/Users/saranyim/Library/Application Support/Code/User/globalStorage/vexrobotics.vexcode/sdk/cpp/IQ2/IQ2_20250520_15_00_00/vexiq2/gcc/libs/libc_nano.a(lib_a-aeabi_atexit.o)
[...]
Memory Configuration

Name             Origin             Length             Attributes
SRAM_1_2_3       0x0000000020010000 0x0000000000018000 xrw
*default*        0x0000000000000000 0xffffffffffffffff

Linker script and memory map

                0x0000000000000020                _STACK_SIZE = DEFINED (_STACK_SIZE)?_STACK_SIZE:0x20
                0x0000000000001000                _HEAP_SIZE = DEFINED (_HEAP_SIZE)?_HEAP_SIZE:0x1000

.text           0x0000000020010000     0x5092
 *(.vectors)
 *(.boot_data)
 .boot_data     0x0000000020010000       0x10 /Users/saranyim/Library/Application Support/Code/User/globalStorage/vexrobotics.vexcode/sdk/cpp/IQ2/IQ2_20250520_15_00_00/vexiq2/libviq2rt.a(iq2_startup.c.o)
                0x0000000020010000                vexCodeSig
                0x0000000000000020                . = 0x20
 *fill*         0x0000000020010010       0x10 
 *(.boot)
 .boot          0x0000000020010020       0x64 /Users/saranyim/Library/Application Support/Code/User/globalStorage/vexrobotics.vexcode/sdk/cpp/IQ2/IQ2_20250520_15_00_00/vexiq2/libviq2rt.a(iq2_startup.c.o)
                0x0000000020010020                vexStartup
                0x00000000200100c0                . = ALIGN (0x40)
 *fill*         0x0000000020010084       0x3c 
 *(.freertos_vectors)
 *(.text)
 .text          0x00000000200100c0       0xa0 /Users/saranyim/Library/Application Support/Code/User/globalStorage/vexrobotics.vexcode/sdk/cpp/IQ2/IQ2_20250520_15_00_00/vexiq2/gcc/libs/libc_nano.a(lib_a-memchr.o)
                0x00000000200100c0                memchr
 .text          0x0000000020010160      0x378 /Users/saranyim/Library/Application Support/Code/User/globalStorage/vexrobotics.vexcode/sdk/cpp/IQ2/IQ2_20250520_15_00_00/vexiq2/gcc/libs/libgcc.a(_arm_addsubdf3.o)
                0x0000000020010160                __aeabi_drsub
                0x0000000020010168                __subdf3
                0x0000000020010168                __aeabi_dsub
                0x000000002001016c                __aeabi_dadd
                0x000000002001016c                __adddf3
                0x00000000200103e4                __aeabi_ui2d
                0x00000000200103e4                __floatunsidf
                0x0000000020010404                __floatsidf
                0x0000000020010404                __aeabi_i2d
                0x0000000020010428                __extendsfdf2
                0x0000000020010428                __aeabi_f2d
                0x000000002001046c                __aeabi_ul2d
                0x000000002001046c                __floatundidf
                0x000000002001047c                __aeabi_l2d
                0x000000002001047c                __floatdidf
 .text          0x00000000200104d8      0x424 /Users/saranyim/Library/Application Support/Code/User/globalStorage/vexrobotics.vexcode/sdk/cpp/IQ2/IQ2_20250520_15_00_00/vexiq2/gcc/libs/libgcc.a(_arm_muldivdf3.o)
                0x00000000200104d8                __aeabi_dmul
                0x00000000200104d8                __muldf3
                0x000000002001072c                __aeabi_ddiv
                0x000000002001072c                __divdf3
 .text          0x00000000200108fc      0x110 /Users/saranyim/Library/Application Support/Code/User/globalStorage/vexrobotics.vexcode/sdk/cpp/IQ2/IQ2_20250520_15_00_00/vexiq2/gcc/libs/libgcc.a(_arm_cmpdf2.o)
                0x00000000200108fc                __gedf2
                0x00000000200108fc                __gtdf2
                0x0000000020010904                __ledf2
                0x0000000020010904                __ltdf2
                0x000000002001090c                __cmpdf2
                0x000000002001090c                __eqdf2
                0x000000002001090c                __nedf2
                0x0000000020010988                __aeabi_cdrcmple
                0x0000000020010998                __aeabi_cdcmple
                0x0000000020010998                __aeabi_cdcmpeq
                0x00000000200109a8                __aeabi_dcmpeq
                0x00000000200109bc                __aeabi_dcmplt
                0x00000000200109d0                __aeabi_dcmple
                0x00000000200109e4                __aeabi_dcmpge
                0x00000000200109f8                __aeabi_dcmpgt
 .text          0x0000000020010a0c       0x50 /Users/saranyim/Library/Application Support/Code/User/globalStorage/vexrobotics.vexcode/sdk/cpp/IQ2/IQ2_20250520_15_00_00/vexiq2/gcc/libs/libgcc.a(_arm_fixdfsi.o)
                0x0000000020010a0c                __fixdfsi
                0x0000000020010a0c                __aeabi_d2iz
 *(.text.*)
 *fill*         0x0000000020010a5c        0x4 
 .text._Z28myblockfunction_Grab_Beam_upv
                0x0000000020010a60      0x148 build/src/beam.o
                0x0000000020010a60                myblockfunction_Grab_Beam_up()
 .text._Z26myblockfunction_Place_beamv
                0x0000000020010ba8      0x448 build/src/beam.o
                0x0000000020010ba8                myblockfunction_Place_beam()
 .text._Z30myblockfunction_Drop_down_beamv
                0x0000000020010ff0      0x1f0 build/src/beam.o
                0x0000000020010ff0                myblockfunction_Drop_down_beam()
 .text._Z8TaskBeamv
                0x00000000200111e0      0x3a0 build/src/beam.o
                0x00000000200111e0                TaskBeam()
 .text._Z14TaskDriveTrainv
                0x0000000020011580      0x1e0 build/src/drive.o
                0x0000000020011580                TaskDriveTrain()
 .text._Z36onevent_ControllerButtonL3_pressed_0v
                0x0000000020011760       0x4a build/src/main.o
                0x0000000020011760                onevent_ControllerButtonL3_pressed_0()
 *fill*         0x00000000200117aa        0x6 
 .text._Z36onevent_ControllerButtonR3_pressed_0v
                0x00000000200117b0       0x48 build/src/main.o
                0x00000000200117b0                onevent_ControllerButtonR3_pressed_0()
 .text._Z37onevent_ControllerButtonEUp_pressed_0v
                0x00000000200117f8       0x22 build/src/main.o
                0x00000000200117f8                onevent_ControllerButtonEUp_pressed_0()
 *fill*         0x000000002001181a        0x6 
 .text.main     0x0000000020011820      0x1a0 build/src/main.o
                0x0000000020011820                main
 .text._Z11TaskControlv
                0x00000000200119c0      0x522 build/src/main.o
                0x00000000200119c0                TaskControl()
 .text._GLOBAL__sub_I_main.cpp
                0x0000000020011ee2      0x268 build/src/main.o
 *fill*         0x000000002001214a        0x6 
 .text._Z33myblockfunction_Drop_Down_Grab_Upv
                0x0000000020012150      0x1d0 build/src/pin.o
                0x0000000020012150                myblockfunction_Drop_Down_Grab_Up()
 .text._Z25myblockfunction_Drop_downv
                0x0000000020012320      0x250 build/src/pin.o
                0x0000000020012320                myblockfunction_Drop_down()
 .text._Z28myblockfunction_Grab_then_upv
                0x0000000020012570      0x110 build/src/pin.o
                0x0000000020012570                myblockfunction_Grab_then_up()
 .text._Z29myblockfunction_Flip_Pin_Overv
                0x0000000020012680      0x290 build/src/pin.o
                0x0000000020012680                myblockfunction_Flip_Pin_Over()
 .text._Z16Grab_Release_Pinv
                0x0000000020012910       0x7a build/src/pin.o
                0x0000000020012910                Grab_Release_Pin()
 *fill*         0x000000002001298a        0x6 
 .text._Z7TaskPinv
                0x0000000020012990      0x1e0 build/src/pin.o
                0x0000000020012990                TaskPin()
 .text.vexMain  0x0000000020012b70       0x60 /Users/saranyim/Library/Application Support/Code/User/globalStorage/vexrobotics.vexcode/sdk/cpp/IQ2/IQ2_20250520_15_00_00/vexiq2/libviq2rt.a(iq2_startup.c.o)
                0x0000000020012b70                vexMain
 .text.__vex_function_prolog
                0x0000000020012bd0       0x10 /Users/saranyim/Library/Application Support/Code/User/globalStorage/vexrobotics.vexcode/sdk/cpp/IQ2/IQ2_20250520_15_00_00/vexiq2/libviq2rt.a(iq2_startup.c.o)
                0x0000000020012bd0                __vex_function_prolog
 .text._init    0x0000000020012be0        0x2 /Users/saranyim/Library/Application Support/Code/User/globalStorage/vexrobotics.vexcode/sdk/cpp/IQ2/IQ2_20250520_15_00_00/vexiq2/libviq2rt.a(iq2_startup.c.o)
                0x0000000020012be0                _init
 .text._fini    0x0000000020012be2        0x2 /Users/saranyim/Library/Application Support/Code/User/globalStorage/vexrobotics.vexcode/sdk/cpp/IQ2/IQ2_20250520_15_00_00/vexiq2/libviq2rt.a(iq2_startup.c.o)
                0x0000000020012be2                _fini
 .text._sbrk    0x0000000020012be4       0x38 /Users/saranyim/Library/Application Support/Code/User/globalStorage/vexrobotics.vexcode/sdk/cpp/IQ2/IQ2_20250520_15_00_00/vexiq2/libviq2rt.a(iq2_startup.c.o)
                0x0000000020012be4                _sbrk
 .text.__cxa_atexit
                0x0000000020012c1c        0x4 /Users/saranyim/Library/Application Support/Code/User/globalStorage/vexrobotics.vexcode/sdk/cpp/IQ2/IQ2_20250520_15_00_00/vexiq2/libviq2rt.a(iq2_startup.c.o)
                0x0000000020012c1c                __cxa_atexit
 .text.vexTaskAdd
                0x0000000020012c20        0xc /Users/saranyim/Library/Application Support/Code/User/globalStorage/vexrobotics.vexcode/sdk/cpp/IQ2/IQ2_20250520_15_00_00/vexiq2/libviq2rt.a(iq2_apijump.c.o)
                0x0000000020012c20                vexTaskAdd
 .text.vexTaskCheckTimeslice
                0x0000000020012c2c        0xc /Users/saranyim/Library/Application Support/Code/User/globalStorage/vexrobotics.vexcode/sdk/cpp/IQ2/IQ2_20250520_15_00_00/vexiq2/libviq2rt.a(iq2_apijump.c.o)
                0x0000000020012c2c                vexTaskCheckTimeslice
 .text.vexTaskSleep
                0x0000000020012c38        0xc /Users/saranyim/Library/Application Support/Code/User/globalStorage/vexrobotics.vexcode/sdk/cpp/IQ2/IQ2_20250520_15_00_00/vexiq2/libviq2rt.a(iq2_apijump.c.o)
                0x0000000020012c38                vexTaskSleep
 .text.vexTasksDump
                0x0000000020012c44       0x18 /Users/saranyim/Library/Application Support/Code/User/globalStorage/vexrobotics.vexcode/sdk/cpp/IQ2/IQ2_20250520_15_00_00/vexiq2/libviq2rt.a(iq2_apijump.c.o)
                0x0000000020012c44                vexTasksDump
 .text.vexTaskGetTaskIndex
                0x0000000020012c5c        0xc /Users/saranyim/Library/Application Support/Code/User/globalStorage/vexrobotics.vexcode/sdk/cpp/IQ2/IQ2_20250520_15_00_00/vexiq2/libviq2rt.a(iq2_apijump.c.o)
                0x0000000020012c5c                vexTaskGetTaskIndex
 .text.vexTaskCompletionIdSet
                0x0000000020012c68        0xc /Users/saranyim/Library/Application Support/Code/User/globalStorage/vexrobotics.vexcode/sdk/cpp/IQ2/IQ2_20250520_15_00_00/vexiq2/libviq2rt.a(iq2_apijump.c.o)
                0x0000000020012c68                vexTaskCompletionIdSet
 .text.vexCriticalSection
                0x0000000020012c74        0xc /Users/saranyim/Library/Application Support/Code/User/globalStorage/vexrobotics.vexcode/sdk/cpp/IQ2/IQ2_20250520_15_00_00/vexiq2/libviq2rt.a(iq2_apijump.c.o)
                0x0000000020012c74                vexCriticalSection
 .text.vexDisplayContextSwitch
                0x0000000020012c80        0xc /Users/saranyim/Library/Application Support/Code/User/globalStorage/vexrobotics.vexcode/sdk/cpp/IQ2/IQ2_20250520_15_00_00/vexiq2/libviq2rt.a(iq2_apijump.c.o)
                0x0000000020012c80                vexDisplayContextSwitch
 .text.vexEventAdd
                0x0000000020012c8c       0x24 /Users/saranyim/Library/Application Support/Code/User/globalStorage/vexrobotics.vexcode/sdk/cpp/IQ2/IQ2_20250520_15_00_00/vexiq2/libviq2rt.a(iq2_apijump.c.o)
                0x0000000020012c8c                vexEventAdd
 .text.vexEventUserIndexGet
                0x0000000020012cb0       0x18 /Users/saranyim/Library/Application Support/Code/User/globalStorage/vexrobotics.vexcode/sdk/cpp/IQ2/IQ2_20250520_15_00_00/vexiq2/libviq2rt.a(iq2_apijump.c.o)
                0x0000000020012cb0                vexEventUserIndexGet
 .text.vexDebug
                0x0000000020012cc8       0x2c /Users/saranyim/Library/Application Support/Code/User/globalStorage/vexrobotics.vexcode/sdk/cpp/IQ2/IQ2_20250520_15_00_00/vexiq2/libviq2rt.a(iq2_apijump.c.o)
                0x0000000020012cc8                vexDebug
 .text.vex_sprintf
                0x0000000020012cf4       0x30 /Users/saranyim/Library/Application Support/Code/User/globalStorage/vexrobotics.vexcode/sdk/cpp/IQ2/IQ2_20250520_15_00_00/vexiq2/libviq2rt.a(iq2_apijump.c.o)
                0x0000000020012cf4                vex_sprintf
 .text.vexSystemTimeGet
                0x0000000020012d24       0x18 /Users/saranyim/Library/Application Support/Code/User/globalStorage/vexrobotics.vexcode/sdk/cpp/IQ2/IQ2_20250520_15_00_00/vexiq2/libviq2rt.a(iq2_apijump.c.o)
                0x0000000020012d24                vexSystemTimeGet
 .text.vexSystemExitRequest
                0x0000000020012d3c       0x18 /Users/saranyim/Library/Application Support/Code/User/globalStorage/vexrobotics.vexcode/sdk/cpp/IQ2/IQ2_20250520_15_00_00/vexiq2/libviq2rt.a(iq2_apijump.c.o)
                0x0000000020012d3c                vexSystemExitRequest
 .text._write_user
                0x0000000020012d54       0x28 /Users/saranyim/Library/Application Support/Code/User/globalStorage/vexrobotics.vexcode/sdk/cpp/IQ2/IQ2_20250520_15_00_00/vexiq2/libviq2rt.a(iq2_apijump.c.o)
                0x0000000020012d54                _write_user
 .text._read_user
                0x0000000020012d7c       0x28 /Users/saranyim/Library/Application Support/Code/User/globalStorage/vexrobotics.vexcode/sdk/cpp/IQ2/IQ2_20250520_15_00_00/vexiq2/libviq2rt.a(iq2_apijump.c.o)
                0x0000000020012d7c                _read_user
 .text._close_user
                0x0000000020012da4       0x14 /Users/saranyim/Library/Application Support/Code/User/globalStorage/vexrobotics.vexcode/sdk/cpp/IQ2/IQ2_20250520_15_00_00/vexiq2/libviq2rt.a(iq2_apijump.c.o)
                0x0000000020012da4                _close_user
 .text._lseek_user
                0x0000000020012db8       0x28 /Users/saranyim/Library/Application Support/Code/User/globalStorage/vexrobotics.vexcode/sdk/cpp/IQ2/IQ2_20250520_15_00_00/vexiq2/libviq2rt.a(iq2_apijump.c.o)
                0x0000000020012db8                _lseek_user
 .text._fstat_user
                0x0000000020012de0       0x1c /Users/saranyim/Library/Application Support/Code/User/globalStorage/vexrobotics.vexcode/sdk/cpp/IQ2/IQ2_20250520_15_00_00/vexiq2/libviq2rt.a(iq2_apijump.c.o)
                0x0000000020012de0                _fstat_user
 .text._isatty_user
                0x0000000020012dfc       0x18 /Users/saranyim/Library/Application Support/Code/User/globalStorage/vexrobotics.vexcode/sdk/cpp/IQ2/IQ2_20250520_15_00_00/vexiq2/libviq2rt.a(iq2_apijump.c.o)
                0x0000000020012dfc                _isatty_user
 .text.vexDeviceGetByIndex
                0x0000000020012e14       0x1c /Users/saranyim/Library/Application Support/Code/User/globalStorage/vexrobotics.vexcode/sdk/cpp/IQ2/IQ2_20250520_15_00_00/vexiq2/libviq2rt.a(iq2_apijump.c.o)
                0x0000000020012e14                vexDeviceGetByIndex
 .text.vexTouchledValueGet
                0x0000000020012e30       0x1c /Users/saranyim/Library/Application Support/Code/User/globalStorage/vexrobotics.vexcode/sdk/cpp/IQ2/IQ2_20250520_15_00_00/vexiq2/libviq2rt.a(iq2_apijump.c.o)
                0x0000000020012e30                vexTouchledValueGet
 .text.vexTouchledRgbSet
                0x0000000020012e4c       0x2c /Users/saranyim/Library/Application Support/Code/User/globalStorage/vexrobotics.vexcode/sdk/cpp/IQ2/IQ2_20250520_15_00_00/vexiq2/libviq2rt.a(iq2_apijump.c.o)
                0x0000000020012e4c                vexTouchledRgbSet
 .text.vexTouchledOn
                0x0000000020012e78       0x1c /Users/saranyim/Library/Application Support/Code/User/globalStorage/vexrobotics.vexcode/sdk/cpp/IQ2/IQ2_20250520_15_00_00/vexiq2/libviq2rt.a(iq2_apijump.c.o)
                0x0000000020012e78                vexTouchledOn
 .text.vexTouchledBrightnessSet
                0x0000000020012e94       0x20 /Users/saranyim/Library/Application Support/Code/User/globalStorage/vexrobotics.vexcode/sdk/cpp/IQ2/IQ2_20250520_15_00_00/vexiq2/libviq2rt.a(iq2_apijump.c.o)
                0x0000000020012e94                vexTouchledBrightnessSet
 .text.vexMotorVelocitySet
                0x0000000020012eb4       0x20 /Users/saranyim/Library/Application Support/Code/User/globalStorage/vexrobotics.vexcode/sdk/cpp/IQ2/IQ2_20250520_15_00_00/vexiq2/libviq2rt.a(iq2_apijump.c.o)
                0x0000000020012eb4                vexMotorVelocitySet
 .text.vexMotorActualVelocityGet
                0x0000000020012ed4       0x1c /Users/saranyim/Library/Application Support/Code/User/globalStorage/vexrobotics.vexcode/sdk/cpp/IQ2/IQ2_20250520_15_00_00/vexiq2/libviq2rt.a(iq2_apijump.c.o)
                0x0000000020012ed4                vexMotorActualVelocityGet
 .text.vexMotorModeGet
                0x0000000020012ef0       0x1c /Users/saranyim/Library/Application Support/Code/User/globalStorage/vexrobotics.vexcode/sdk/cpp/IQ2/IQ2_20250520_15_00_00/vexiq2/libviq2rt.a(iq2_apijump.c.o)
                0x0000000020012ef0                vexMotorModeGet
 .text.vexMotorCurrentLimitSet
                0x0000000020012f0c       0x20 /Users/saranyim/Library/Application Support/Code/User/globalStorage/vexrobotics.vexcode/sdk/cpp/IQ2/IQ2_20250520_15_00_00/vexiq2/libviq2rt.a(iq2_apijump.c.o)
                0x0000000020012f0c                vexMotorCurrentLimitSet
 .text.vexMotorZeroPositionFlagGet
                0x0000000020012f2c       0x1c /Users/saranyim/Library/Application Support/Code/User/globalStorage/vexrobotics.vexcode/sdk/cpp/IQ2/IQ2_20250520_15_00_00/vexiq2/libviq2rt.a(iq2_apijump.c.o)
                0x0000000020012f2c                vexMotorZeroPositionFlagGet
 .text.vexMotorReverseFlagSet
                0x0000000020012f48       0x20 /Users/saranyim/Library/Application Support/Code/User/globalStorage/vexrobotics.vexcode/sdk/cpp/IQ2/IQ2_20250520_15_00_00/vexiq2/libviq2rt.a(iq2_apijump.c.o)
                0x0000000020012f48                vexMotorReverseFlagSet
 .text.vexMotorEncoderUnitsSet
                0x0000000020012f68       0x20 /Users/saranyim/Library/Application Support/Code/User/globalStorage/vexrobotics.vexcode/sdk/cpp/IQ2/IQ2_20250520_15_00_00/vexiq2/libviq2rt.a(iq2_apijump.c.o)
                0x0000000020012f68                vexMotorEncoderUnitsSet
 .text.vexMotorBrakeModeSet
                0x0000000020012f88       0x20 /Users/saranyim/Library/Application Support/Code/User/globalStorage/vexrobotics.vexcode/sdk/cpp/IQ2/IQ2_20250520_15_00_00/vexiq2/libviq2rt.a(iq2_apijump.c.o)
                0x0000000020012f88                vexMotorBrakeModeSet
 .text.vexMotorPositionSet
                0x0000000020012fa8       0x34 /Users/saranyim/Library/Application Support/Code/User/globalStorage/vexrobotics.vexcode/sdk/cpp/IQ2/IQ2_20250520_15_00_00/vexiq2/libviq2rt.a(iq2_apijump.c.o)
                0x0000000020012fa8                vexMotorPositionSet
 .text.vexMotorRelativeTargetSet
                0x0000000020012fdc       0x38 /Users/saranyim/Library/Application Support/Code/User/globalStorage/vexrobotics.vexcode/sdk/cpp/IQ2/IQ2_20250520_15_00_00/vexiq2/libviq2rt.a(iq2_apijump.c.o)
                0x0000000020012fdc                vexMotorRelativeTargetSet
 .text.vexDistanceDistanceGet
                0x0000000020013014       0x1c /Users/saranyim/Library/Application Support/Code/User/globalStorage/vexrobotics.vexcode/sdk/cpp/IQ2/IQ2_20250520_15_00_00/vexiq2/libviq2rt.a(iq2_apijump.c.o)
                0x0000000020013014                vexDistanceDistanceGet
 .text.vexSoundPlay
                0x0000000020013030       0x20 /Users/saranyim/Library/Application Support/Code/User/globalStorage/vexrobotics.vexcode/sdk/cpp/IQ2/IQ2_20250520_15_00_00/vexiq2/libviq2rt.a(iq2_apijump.c.o)
                0x0000000020013030                vexSoundPlay
 .text.vexPneumaticCompressorSet
                0x0000000020013050       0x20 /Users/saranyim/Library/Application Support/Code/User/globalStorage/vexrobotics.vexcode/sdk/cpp/IQ2/IQ2_20250520_15_00_00/vexiq2/libviq2rt.a(iq2_apijump.c.o)
                0x0000000020013050                vexPneumaticCompressorSet
 .text.vexPneumaticCylinderSet
                0x0000000020013070       0x24 /Users/saranyim/Library/Application Support/Code/User/globalStorage/vexrobotics.vexcode/sdk/cpp/IQ2/IQ2_20250520_15_00_00/vexiq2/libviq2rt.a(iq2_apijump.c.o)
                0x0000000020013070                vexPneumaticCylinderSet
 .text.vexDisplayForegroundColor
                0x0000000020013094       0x1c /Users/saranyim/Library/Application Support/Code/User/globalStorage/vexrobotics.vexcode/sdk/cpp/IQ2/IQ2_20250520_15_00_00/vexiq2/libviq2rt.a(iq2_apijump.c.o)
                0x0000000020013094                vexDisplayForegroundColor
 .text.vexDisplayBackgroundColor
                0x00000000200130b0       0x1c /Users/saranyim/Library/Application Support/Code/User/globalStorage/vexrobotics.vexcode/sdk/cpp/IQ2/IQ2_20250520_15_00_00/vexiq2/libviq2rt.a(iq2_apijump.c.o)
                0x00000000200130b0                vexDisplayBackgroundColor
 .text.vexDisplayTextSize
                0x00000000200130cc       0x20 /Users/saranyim/Library/Application Support/Code/User/globalStorage/vexrobotics.vexcode/sdk/cpp/IQ2/IQ2_20250520_15_00_00/vexiq2/libviq2rt.a(iq2_apijump.c.o)
                0x00000000200130cc                vexDisplayTextSize
 .text.vexDisplayFontNamedSet
                0x00000000200130ec       0x1c /Users/saranyim/Library/Application Support/Code/User/globalStorage/vexrobotics.vexcode/sdk/cpp/IQ2/IQ2_20250520_15_00_00/vexiq2/libviq2rt.a(iq2_apijump.c.o)
                0x00000000200130ec                vexDisplayFontNamedSet
 .text.vexControllerGet
                0x0000000020013108       0x20 /Users/saranyim/Library/Application Support/Code/User/globalStorage/vexrobotics.vexcode/sdk/cpp/IQ2/IQ2_20250520_15_00_00/vexiq2/libviq2rt.a(iq2_apijump.c.o)
                0x0000000020013108                vexControllerGet
 .text._ZN3vex4waitEdNS_9timeUnitsE
                0x0000000020013128       0x3c /Users/saranyim/Library/Application Support/Code/User/globalStorage/vexrobotics.vexcode/sdk/cpp/IQ2/IQ2_20250520_15_00_00/vexiq2/libviq2rt.a(vex_global.cpp.o)
                0x0000000020013128                vex::wait(double, vex::timeUnits)
 .text._ZN3vex5colorD2Ev
                0x0000000020013164        0x2 /Users/saranyim/Library/Application Support/Code/User/globalStorage/vexrobotics.vexcode/sdk/cpp/IQ2/IQ2_20250520_15_00_00/vexiq2/libviq2rt.a(vex_color.cpp.o)
                0x0000000020013164                vex::color::~color()
                0x0000000020013164                vex::color::~color()
 .text._ZNK3vex5color3rgbEv
                0x0000000020013166        0x4 /Users/saranyim/Library/Application Support/Code/User/globalStorage/vexrobotics.vexcode/sdk/cpp/IQ2/IQ2_20250520_15_00_00/vexiq2/libviq2rt.a(vex_color.cpp.o)
                0x0000000020013166                vex::color::rgb() const
 *fill*         0x000000002001316a        0x2 
 .text.startup._GLOBAL__sub_I__ZN3vex5color5blackE
                0x000000002001316c      0x18c /Users/saranyim/Library/Application Support/Code/User/globalStorage/vexrobotics.vexcode/sdk/cpp/IQ2/IQ2_20250520_15_00_00/vexiq2/libviq2rt.a(vex_color.cpp.o)
 .text._ZN3vex4taskC2EPFivE
                0x00000000200132f8       0x38 /Users/saranyim/Library/Application Support/Code/User/globalStorage/vexrobotics.vexcode/sdk/cpp/IQ2/IQ2_20250520_15_00_00/vexiq2/libviq2rt.a(vex_task.cpp.o)
                0x00000000200132f8                vex::task::task(int (*)())
                0x00000000200132f8                vex::task::task(int (*)())
 .text._ZN3vex4taskD2Ev
                0x0000000020013330        0x2 /Users/saranyim/Library/Application Support/Code/User/globalStorage/vexrobotics.vexcode/sdk/cpp/IQ2/IQ2_20250520_15_00_00/vexiq2/libviq2rt.a(vex_task.cpp.o)
                0x0000000020013330                vex::task::~task()
                0x0000000020013330                vex::task::~task()
 .text._ZN3vex11this_thread9sleep_forEm
                0x0000000020013332        0x4 /Users/saranyim/Library/Application Support/Code/User/globalStorage/vexrobotics.vexcode/sdk/cpp/IQ2/IQ2_20250520_15_00_00/vexiq2/libviq2rt.a(vex_thread.cpp.o)
                0x0000000020013332                vex::this_thread::sleep_for(unsigned long)
 .text._ZN3vex5brainD2Ev
                0x0000000020013336        0xe /Users/saranyim/Library/Application Support/Code/User/globalStorage/vexrobotics.vexcode/sdk/cpp/IQ2/IQ2_20250520_15_00_00/vexiq2/libviq2rt.a(vex_brain.cpp.o)
                0x0000000020013336                vex::brain::~brain()
                0x0000000020013336                vex::brain::~brain()
 .text._ZN3vex5brain3lcd9setCursorEll
                0x0000000020013344       0x40 /Users/saranyim/Library/Application Support/Code/User/globalStorage/vexrobotics.vexcode/sdk/cpp/IQ2/IQ2_20250520_15_00_00/vexiq2/libviq2rt.a(vex_brain.cpp.o)
                0x0000000020013344                vex::brain::lcd::setCursor(long, long)
 .text._ZN3vex5brain3lcd7setFontENS_8fontTypeE
                0x0000000020013384      0x144 /Users/saranyim/Library/Application Support/Code/User/globalStorage/vexrobotics.vexcode/sdk/cpp/IQ2/IQ2_20250520_15_00_00/vexiq2/libviq2rt.a(vex_brain.cpp.o)
                0x0000000020013384                vex::brain::lcd::setFont(vex::fontType)
 .text._ZN3vex5brain3lcdC2Ev
                0x00000000200134c8       0x34 /Users/saranyim/Library/Application Support/Code/User/globalStorage/vexrobotics.vexcode/sdk/cpp/IQ2/IQ2_20250520_15_00_00/vexiq2/libviq2rt.a(vex_brain.cpp.o)
                0x00000000200134c8                vex::brain::lcd::lcd()
                0x00000000200134c8                vex::brain::lcd::lcd()
 .text._ZN3vex5brainC2Ev
                0x00000000200134fc       0x32 /Users/saranyim/Library/Application Support/Code/User/globalStorage/vexrobotics.vexcode/sdk/cpp/IQ2/IQ2_20250520_15_00_00/vexiq2/libviq2rt.a(vex_brain.cpp.o)
                0x00000000200134fc                vex::brain::brain()
                0x00000000200134fc                vex::brain::brain()
 *fill*         0x000000002001352e        0x2 
 .text._ZN3vex5brain9playSoundENS_9soundTypeE
                0x0000000020013530       0x14 /Users/saranyim/Library/Application Support/Code/User/globalStorage/vexrobotics.vexcode/sdk/cpp/IQ2/IQ2_20250520_15_00_00/vexiq2/libviq2rt.a(vex_brain.cpp.o)
                0x0000000020013530                vex::brain::playSound(vex::soundType)
 .text._ZN3vex5brain11programStopEv
                0x0000000020013544        0x4 /Users/saranyim/Library/Application Support/Code/User/globalStorage/vexrobotics.vexcode/sdk/cpp/IQ2/IQ2_20250520_15_00_00/vexiq2/libviq2rt.a(vex_brain.cpp.o)
                0x0000000020013544                vex::brain::programStop()
 .text._ZN3vex5timerD2Ev
                0x0000000020013548        0x2 /Users/saranyim/Library/Application Support/Code/User/globalStorage/vexrobotics.vexcode/sdk/cpp/IQ2/IQ2_20250520_15_00_00/vexiq2/libviq2rt.a(vex_timer.cpp.o)
                0x0000000020013548                vex::timer::~timer()
                0x0000000020013548                vex::timer::~timer()
 .text._ZN3vex5timer5clearEv
                0x000000002001354a       0x10 /Users/saranyim/Library/Application Support/Code/User/globalStorage/vexrobotics.vexcode/sdk/cpp/IQ2/IQ2_20250520_15_00_00/vexiq2/libviq2rt.a(vex_timer.cpp.o)
                0x000000002001354a                vex::timer::clear()
 .text._ZN3vex5timerC2Ev
                0x000000002001355a        0xc /Users/saranyim/Library/Application Support/Code/User/globalStorage/vexrobotics.vexcode/sdk/cpp/IQ2/IQ2_20250520_15_00_00/vexiq2/libviq2rt.a(vex_timer.cpp.o)
                0x000000002001355a                vex::timer::timer()
                0x000000002001355a                vex::timer::timer()
 .text._ZN3vex5timer5resetEv
                0x0000000020013566        0x4 /Users/saranyim/Library/Application Support/Code/User/globalStorage/vexrobotics.vexcode/sdk/cpp/IQ2/IQ2_20250520_15_00_00/vexiq2/libviq2rt.a(vex_timer.cpp.o)
                0x0000000020013566                vex::timer::reset()
 *fill*         0x000000002001356a        0x2 
 .text._ZNK3vex5timer4timeENS_9timeUnitsE
                0x000000002001356c       0x30 /Users/saranyim/Library/Application Support/Code/User/globalStorage/vexrobotics.vexcode/sdk/cpp/IQ2/IQ2_20250520_15_00_00/vexiq2/libviq2rt.a(vex_timer.cpp.o)
                0x000000002001356c                vex::timer::time(vex::timeUnits) const
 .text._ZNK3vex5timer5valueEv
                0x000000002001359c        0x6 /Users/saranyim/Library/Application Support/Code/User/globalStorage/vexrobotics.vexcode/sdk/cpp/IQ2/IQ2_20250520_15_00_00/vexiq2/libviq2rt.a(vex_timer.cpp.o)
                0x000000002001359c                vex::timer::value() const
 .text._ZN3vex5motor9installedEv
                0x00000000200135a2        0xe /Users/saranyim/Library/Application Support/Code/User/globalStorage/vexrobotics.vexcode/sdk/cpp/IQ2/IQ2_20250520_15_00_00/vexiq2/libviq2rt.a(vex_motor.cpp.o)
                0x00000000200135a2                vex::motor::installed()
 .text._ZN3vex5motorD2Ev
                0x00000000200135b0       0x14 /Users/saranyim/Library/Application Support/Code/User/globalStorage/vexrobotics.vexcode/sdk/cpp/IQ2/IQ2_20250520_15_00_00/vexiq2/libviq2rt.a(vex_motor.cpp.o)
                0x00000000200135b0                vex::motor::~motor()
                0x00000000200135b0                vex::motor::~motor()
 .text._ZN3vex5motor15defaultStoppingENS_9brakeTypeE
                0x00000000200135c4       0x1a /Users/saranyim/Library/Application Support/Code/User/globalStorage/vexrobotics.vexcode/sdk/cpp/IQ2/IQ2_20250520_15_00_00/vexiq2/libviq2rt.a(vex_motor.cpp.o)
                0x00000000200135c4                vex::motor::defaultStopping(vex::brakeType)
 .text._ZN3vex5motor11setStoppingENS_9brakeTypeE
                0x00000000200135de        0x4 /Users/saranyim/Library/Application Support/Code/User/globalStorage/vexrobotics.vexcode/sdk/cpp/IQ2/IQ2_20250520_15_00_00/vexiq2/libviq2rt.a(vex_motor.cpp.o)
                0x00000000200135de                vex::motor::setStopping(vex::brakeType)
 *fill*         0x00000000200135e2        0x6 
 .text._ZN3vex5motorC2El
                0x00000000200135e8       0x60 /Users/saranyim/Library/Application Support/Code/User/globalStorage/vexrobotics.vexcode/sdk/cpp/IQ2/IQ2_20250520_15_00_00/vexiq2/libviq2rt.a(vex_motor.cpp.o)
                0x00000000200135e8                vex::motor::motor(long)
                0x00000000200135e8                vex::motor::motor(long)
 .text._ZN3vex5motorC2Elb
                0x0000000020013648       0x16 /Users/saranyim/Library/Application Support/Code/User/globalStorage/vexrobotics.vexcode/sdk/cpp/IQ2/IQ2_20250520_15_00_00/vexiq2/libviq2rt.a(vex_motor.cpp.o)
                0x0000000020013648                vex::motor::motor(long, bool)
                0x0000000020013648                vex::motor::motor(long, bool)
 *fill*         0x000000002001365e        0x2 
 .text._ZN3vex5motor10setTimeoutElNS_9timeUnitsE
                0x0000000020013660       0x2c /Users/saranyim/Library/Application Support/Code/User/globalStorage/vexrobotics.vexcode/sdk/cpp/IQ2/IQ2_20250520_15_00_00/vexiq2/libviq2rt.a(vex_motor.cpp.o)
                0x0000000020013660                vex::motor::setTimeout(long, vex::timeUnits)
 .text._ZN3vex5motor14isSpinningModeEv
                0x000000002001368c       0x16 /Users/saranyim/Library/Application Support/Code/User/globalStorage/vexrobotics.vexcode/sdk/cpp/IQ2/IQ2_20250520_15_00_00/vexiq2/libviq2rt.a(vex_motor.cpp.o)
                0x000000002001368c                vex::motor::isSpinningMode()
 .text._ZN3vex5motor10isSpinningEv
                0x00000000200136a2       0x20 /Users/saranyim/Library/Application Support/Code/User/globalStorage/vexrobotics.vexcode/sdk/cpp/IQ2/IQ2_20250520_15_00_00/vexiq2/libviq2rt.a(vex_motor.cpp.o)
                0x00000000200136a2                vex::motor::isSpinning()
 .text._ZN3vex5motor4stopENS_9brakeTypeE
                0x00000000200136c2       0x1e /Users/saranyim/Library/Application Support/Code/User/globalStorage/vexrobotics.vexcode/sdk/cpp/IQ2/IQ2_20250520_15_00_00/vexiq2/libviq2rt.a(vex_motor.cpp.o)
                0x00000000200136c2                vex::motor::stop(vex::brakeType)
 .text._ZN3vex5motor4stopEv
                0x00000000200136e0        0x6 /Users/saranyim/Library/Application Support/Code/User/globalStorage/vexrobotics.vexcode/sdk/cpp/IQ2/IQ2_20250520_15_00_00/vexiq2/libviq2rt.a(vex_motor.cpp.o)
                0x00000000200136e0                vex::motor::stop()
 *fill*         0x00000000200136e6        0x2 
 .text._ZN3vex5motor12setMaxTorqueEdNS_12percentUnitsE
                0x00000000200136e8       0x98 /Users/saranyim/Library/Application Support/Code/User/globalStorage/vexrobotics.vexcode/sdk/cpp/IQ2/IQ2_20250520_15_00_00/vexiq2/libviq2rt.a(vex_motor.cpp.o)
                0x00000000200136e8                vex::motor::setMaxTorque(double, vex::percentUnits)
 .text._ZN3vex5motor16velocityToScaledEdNS_13velocityUnitsE
                0x0000000020013780       0x70 /Users/saranyim/Library/Application Support/Code/User/globalStorage/vexrobotics.vexcode/sdk/cpp/IQ2/IQ2_20250520_15_00_00/vexiq2/libviq2rt.a(vex_motor.cpp.o)
                0x0000000020013780                vex::motor::velocityToScaled(double, vex::velocityUnits)
 .text._ZN3vex5motor8velocityENS_13velocityUnitsE
                0x00000000200137f0       0x18 /Users/saranyim/Library/Application Support/Code/User/globalStorage/vexrobotics.vexcode/sdk/cpp/IQ2/IQ2_20250520_15_00_00/vexiq2/libviq2rt.a(vex_motor.cpp.o)
                0x00000000200137f0                vex::motor::velocity(vex::velocityUnits)
 .text._ZN3vex5motor5valueEv
                0x0000000020013808       0x12 /Users/saranyim/Library/Application Support/Code/User/globalStorage/vexrobotics.vexcode/sdk/cpp/IQ2/IQ2_20250520_15_00_00/vexiq2/libviq2rt.a(vex_motor.cpp.o)
                0x0000000020013808                vex::motor::value()
 *fill*         0x000000002001381a        0x6 
 .text._ZN3vex5motor16scaledToVelocityEdNS_13velocityUnitsE
                0x0000000020013820       0x74 /Users/saranyim/Library/Application Support/Code/User/globalStorage/vexrobotics.vexcode/sdk/cpp/IQ2/IQ2_20250520_15_00_00/vexiq2/libviq2rt.a(vex_motor.cpp.o)
                0x0000000020013820                vex::motor::scaledToVelocity(double, vex::velocityUnits)
 .text._ZN3vex5motor4spinENS_13directionTypeEdNS_13velocityUnitsE
                0x0000000020013894       0x32 /Users/saranyim/Library/Application Support/Code/User/globalStorage/vexrobotics.vexcode/sdk/cpp/IQ2/IQ2_20250520_15_00_00/vexiq2/libviq2rt.a(vex_motor.cpp.o)
                0x0000000020013894                vex::motor::spin(vex::directionType, double, vex::velocityUnits)
 .text._ZN3vex5motor4spinENS_13directionTypeE
                0x00000000200138c6       0x1e /Users/saranyim/Library/Application Support/Code/User/globalStorage/vexrobotics.vexcode/sdk/cpp/IQ2/IQ2_20250520_15_00_00/vexiq2/libviq2rt.a(vex_motor.cpp.o)
                0x00000000200138c6                vex::motor::spin(vex::directionType)
 .text._ZN3vex5motor11setVelocityEdNS_13velocityUnitsE
                0x00000000200138e4       0x54 /Users/saranyim/Library/Application Support/Code/User/globalStorage/vexrobotics.vexcode/sdk/cpp/IQ2/IQ2_20250520_15_00_00/vexiq2/libviq2rt.a(vex_motor.cpp.o)
                0x00000000200138e4                vex::motor::setVelocity(double, vex::velocityUnits)
 .text._ZN3vex5motor16setRotationUnitsENS_13rotationUnitsE
                0x0000000020013938       0x12 /Users/saranyim/Library/Application Support/Code/User/globalStorage/vexrobotics.vexcode/sdk/cpp/IQ2/IQ2_20250520_15_00_00/vexiq2/libviq2rt.a(vex_motor.cpp.o)
                0x0000000020013938                vex::motor::setRotationUnits(vex::rotationUnits)
 .text._ZN3vex5motor11setPositionEdNS_13rotationUnitsE
                0x000000002001394a       0x3e /Users/saranyim/Library/Application Support/Code/User/globalStorage/vexrobotics.vexcode/sdk/cpp/IQ2/IQ2_20250520_15_00_00/vexiq2/libviq2rt.a(vex_motor.cpp.o)
                0x000000002001394a                vex::motor::setPosition(double, vex::rotationUnits)
 .text._ZN3vex5motor7spinForEdNS_13rotationUnitsEdNS_13velocityUnitsEb
                0x0000000020013988       0xe0 /Users/saranyim/Library/Application Support/Code/User/globalStorage/vexrobotics.vexcode/sdk/cpp/IQ2/IQ2_20250520_15_00_00/vexiq2/libviq2rt.a(vex_motor.cpp.o)
                0x0000000020013988                vex::motor::spinFor(double, vex::rotationUnits, double, vex::velocityUnits, bool)
 .text._ZN3vex5motor7spinForENS_13directionTypeEdNS_13rotationUnitsEb
                0x0000000020013a68       0x40 /Users/saranyim/Library/Application Support/Code/User/globalStorage/vexrobotics.vexcode/sdk/cpp/IQ2/IQ2_20250520_15_00_00/vexiq2/libviq2rt.a(vex_motor.cpp.o)
                0x0000000020013a68                vex::motor::spinFor(vex::directionType, double, vex::rotationUnits, bool)
 .text._ZN3vex8touchled9installedEv
                0x0000000020013aa8        0xe /Users/saranyim/Library/Application Support/Code/User/globalStorage/vexrobotics.vexcode/sdk/cpp/IQ2/IQ2_20250520_15_00_00/vexiq2/libviq2rt.a(vex_touchled.cpp.o)
                0x0000000020013aa8                vex::touchled::installed()
 *fill*         0x0000000020013ab6        0x2 
 .text._ZN3vex8touchledC2El
                0x0000000020013ab8       0x28 /Users/saranyim/Library/Application Support/Code/User/globalStorage/vexrobotics.vexcode/sdk/cpp/IQ2/IQ2_20250520_15_00_00/vexiq2/libviq2rt.a(vex_touchled.cpp.o)
                0x0000000020013ab8                vex::touchled::touchled(long)
                0x0000000020013ab8                vex::touchled::touchled(long)
 .text._ZN3vex8touchledD2Ev
                0x0000000020013ae0       0x14 /Users/saranyim/Library/Application Support/Code/User/globalStorage/vexrobotics.vexcode/sdk/cpp/IQ2/IQ2_20250520_15_00_00/vexiq2/libviq2rt.a(vex_touchled.cpp.o)
                0x0000000020013ae0                vex::touchled::~touchled()
                0x0000000020013ae0                vex::touchled::~touchled()
 .text._ZN3vex8touchled8pressingEv
                0x0000000020013af4       0x10 /Users/saranyim/Library/Application Support/Code/User/globalStorage/vexrobotics.vexcode/sdk/cpp/IQ2/IQ2_20250520_15_00_00/vexiq2/libviq2rt.a(vex_touchled.cpp.o)
                0x0000000020013af4                vex::touchled::pressing()
 .text._ZN3vex8touchled5valueEv
                0x0000000020013b04        0x8 /Users/saranyim/Library/Application Support/Code/User/globalStorage/vexrobotics.vexcode/sdk/cpp/IQ2/IQ2_20250520_15_00_00/vexiq2/libviq2rt.a(vex_touchled.cpp.o)
                0x0000000020013b04                vex::touchled::value()
 .text._ZN3vex8touchled14_setBrightnessEm
                0x0000000020013b0c       0x22 /Users/saranyim/Library/Application Support/Code/User/globalStorage/vexrobotics.vexcode/sdk/cpp/IQ2/IQ2_20250520_15_00_00/vexiq2/libviq2rt.a(vex_touchled.cpp.o)
                0x0000000020013b0c                vex::touchled::_setBrightness(unsigned long)
 .text._ZN3vex8touchled9_setColorEm
                0x0000000020013b2e       0x2c /Users/saranyim/Library/Application Support/Code/User/globalStorage/vexrobotics.vexcode/sdk/cpp/IQ2/IQ2_20250520_15_00_00/vexiq2/libviq2rt.a(vex_touchled.cpp.o)
                0x0000000020013b2e                vex::touchled::_setColor(unsigned long)
 .text._ZN3vex8touchled8setColorENS_5colorE
                0x0000000020013b5a       0x2e /Users/saranyim/Library/Application Support/Code/User/globalStorage/vexrobotics.vexcode/sdk/cpp/IQ2/IQ2_20250520_15_00_00/vexiq2/libviq2rt.a(vex_touchled.cpp.o)
                0x0000000020013b5a                vex::touchled::setColor(vex::color)
 .text._ZN3vex8distance9installedEv
                0x0000000020013b88       0x10 /Users/saranyim/Library/Application Support/Code/User/globalStorage/vexrobotics.vexcode/sdk/cpp/IQ2/IQ2_20250520_15_00_00/vexiq2/libviq2rt.a(vex_distance.cpp.o)
                0x0000000020013b88                vex::distance::installed()
 .text._ZN3vex8distance5valueEv
                0x0000000020013b98        0x6 /Users/saranyim/Library/Application Support/Code/User/globalStorage/vexrobotics.vexcode/sdk/cpp/IQ2/IQ2_20250520_15_00_00/vexiq2/libviq2rt.a(vex_distance.cpp.o)
                0x0000000020013b98                vex::distance::value()
 *fill*         0x0000000020013b9e        0x2 
 .text._ZN3vex8distanceC2El
                0x0000000020013ba0       0x14 /Users/saranyim/Library/Application Support/Code/User/globalStorage/vexrobotics.vexcode/sdk/cpp/IQ2/IQ2_20250520_15_00_00/vexiq2/libviq2rt.a(vex_distance.cpp.o)
                0x0000000020013ba0                vex::distance::distance(long)
                0x0000000020013ba0                vex::distance::distance(long)
 .text._ZN3vex8distanceD2Ev
                0x0000000020013bb4       0x14 /Users/saranyim/Library/Application Support/Code/User/globalStorage/vexrobotics.vexcode/sdk/cpp/IQ2/IQ2_20250520_15_00_00/vexiq2/libviq2rt.a(vex_distance.cpp.o)
                0x0000000020013bb4                vex::distance::~distance()
                0x0000000020013bb4                vex::distance::~distance()
 .text._ZN3vex9pneumatic9installedEv
                0x0000000020013bc8       0x10 /Users/saranyim/Library/Application Support/Code/User/globalStorage/vexrobotics.vexcode/sdk/cpp/IQ2/IQ2_20250520_15_00_00/vexiq2/libviq2rt.a(vex_pneumatic.cpp.o)
                0x0000000020013bc8                vex::pneumatic::installed()
 .text._ZN3vex9pneumaticC2Elb
                0x0000000020013bd8       0x24 /Users/saranyim/Library/Application Support/Code/User/globalStorage/vexrobotics.vexcode/sdk/cpp/IQ2/IQ2_20250520_15_00_00/vexiq2/libviq2rt.a(vex_pneumatic.cpp.o)
                0x0000000020013bd8                vex::pneumatic::pneumatic(long, bool)
                0x0000000020013bd8                vex::pneumatic::pneumatic(long, bool)
 .text._ZN3vex9pneumaticD2Ev
                0x0000000020013bfc       0x14 /Users/saranyim/Library/Application Support/Code/User/globalStorage/vexrobotics.vexcode/sdk/cpp/IQ2/IQ2_20250520_15_00_00/vexiq2/libviq2rt.a(vex_pneumatic.cpp.o)
                0x0000000020013bfc                vex::pneumatic::~pneumatic()
                0x0000000020013bfc                vex::pneumatic::~pneumatic()
 .text._ZN3vex9pneumatic6extendENS_12cylinderTypeE
                0x0000000020013c10        0x8 /Users/saranyim/Library/Application Support/Code/User/globalStorage/vexrobotics.vexcode/sdk/cpp/IQ2/IQ2_20250520_15_00_00/vexiq2/libviq2rt.a(vex_pneumatic.cpp.o)
                0x0000000020013c10                vex::pneumatic::extend(vex::cylinderType)
 .text._ZN3vex9pneumatic7retractENS_12cylinderTypeE
                0x0000000020013c18        0x8 /Users/saranyim/Library/Application Support/Code/User/globalStorage/vexrobotics.vexcode/sdk/cpp/IQ2/IQ2_20250520_15_00_00/vexiq2/libviq2rt.a(vex_pneumatic.cpp.o)
                0x0000000020013c18                vex::pneumatic::retract(vex::cylinderType)
 .text._ZN3vex9pneumatic6pumpOnEv
                0x0000000020013c20        0x8 /Users/saranyim/Library/Application Support/Code/User/globalStorage/vexrobotics.vexcode/sdk/cpp/IQ2/IQ2_20250520_15_00_00/vexiq2/libviq2rt.a(vex_pneumatic.cpp.o)
                0x0000000020013c20                vex::pneumatic::pumpOn()
 .text._ZN3vex11motor_group18motor_group_motorsC2Ev
                0x0000000020013c28       0x18 /Users/saranyim/Library/Application Support/Code/User/globalStorage/vexrobotics.vexcode/sdk/cpp/IQ2/IQ2_20250520_15_00_00/vexiq2/libviq2rt.a(vex_motorgroup.cpp.o)
                0x0000000020013c28                vex::motor_group::motor_group_motors::motor_group_motors()
                0x0000000020013c28                vex::motor_group::motor_group_motors::motor_group_motors()
 .text._ZN3vex11motor_groupC2Ev
                0x0000000020013c40       0x14 /Users/saranyim/Library/Application Support/Code/User/globalStorage/vexrobotics.vexcode/sdk/cpp/IQ2/IQ2_20250520_15_00_00/vexiq2/libviq2rt.a(vex_motorgroup.cpp.o)
                0x0000000020013c40                vex::motor_group::motor_group()
                0x0000000020013c40                vex::motor_group::motor_group()
 .text._ZN3vex11motor_groupD2Ev
                0x0000000020013c54        0x2 /Users/saranyim/Library/Application Support/Code/User/globalStorage/vexrobotics.vexcode/sdk/cpp/IQ2/IQ2_20250520_15_00_00/vexiq2/libviq2rt.a(vex_motorgroup.cpp.o)
                0x0000000020013c54                vex::motor_group::~motor_group()
                0x0000000020013c54                vex::motor_group::~motor_group()
 .text._ZN3vex11motor_group9_addMotorERNS_5motorE
                0x0000000020013c56       0x14 /Users/saranyim/Library/Application Support/Code/User/globalStorage/vexrobotics.vexcode/sdk/cpp/IQ2/IQ2_20250520_15_00_00/vexiq2/libviq2rt.a(vex_motorgroup.cpp.o)
                0x0000000020013c56                vex::motor_group::_addMotor(vex::motor&)
 .text._ZN3vex11motor_group11setVelocityEdNS_13velocityUnitsE
                0x0000000020013c6a       0x3a /Users/saranyim/Library/Application Support/Code/User/globalStorage/vexrobotics.vexcode/sdk/cpp/IQ2/IQ2_20250520_15_00_00/vexiq2/libviq2rt.a(vex_motorgroup.cpp.o)
                0x0000000020013c6a                vex::motor_group::setVelocity(double, vex::velocityUnits)
 .text._ZN3vex11motor_group11setStoppingENS_9brakeTypeE
                0x0000000020013ca4       0x22 /Users/saranyim/Library/Application Support/Code/User/globalStorage/vexrobotics.vexcode/sdk/cpp/IQ2/IQ2_20250520_15_00_00/vexiq2/libviq2rt.a(vex_motorgroup.cpp.o)
                0x0000000020013ca4                vex::motor_group::setStopping(vex::brakeType)
 .text._ZN3vex11motor_group11setPositionEdNS_13rotationUnitsE
                0x0000000020013cc6       0x3a /Users/saranyim/Library/Application Support/Code/User/globalStorage/vexrobotics.vexcode/sdk/cpp/IQ2/IQ2_20250520_15_00_00/vexiq2/libviq2rt.a(vex_motorgroup.cpp.o)
                0x0000000020013cc6                vex::motor_group::setPosition(double, vex::rotationUnits)
 .text._ZN3vex11motor_group10setTimeoutElNS_9timeUnitsE
                0x0000000020013d00       0x50 /Users/saranyim/Library/Application Support/Code/User/globalStorage/vexrobotics.vexcode/sdk/cpp/IQ2/IQ2_20250520_15_00_00/vexiq2/libviq2rt.a(vex_motorgroup.cpp.o)
                0x0000000020013d00                vex::motor_group::setTimeout(long, vex::timeUnits)
 .text._ZN3vex11motor_group4spinENS_13directionTypeE
                0x0000000020013d50       0x22 /Users/saranyim/Library/Application Support/Code/User/globalStorage/vexrobotics.vexcode/sdk/cpp/IQ2/IQ2_20250520_15_00_00/vexiq2/libviq2rt.a(vex_motorgroup.cpp.o)
                0x0000000020013d50                vex::motor_group::spin(vex::directionType)
 .text._ZN3vex11motor_group10isSpinningEv
                0x0000000020013d72       0x26 /Users/saranyim/Library/Application Support/Code/User/globalStorage/vexrobotics.vexcode/sdk/cpp/IQ2/IQ2_20250520_15_00_00/vexiq2/libviq2rt.a(vex_motorgroup.cpp.o)
                0x0000000020013d72                vex::motor_group::isSpinning()
 .text._ZN3vex11motor_group6isDoneEv
                0x0000000020013d98        0xe /Users/saranyim/Library/Application Support/Code/User/globalStorage/vexrobotics.vexcode/sdk/cpp/IQ2/IQ2_20250520_15_00_00/vexiq2/libviq2rt.a(vex_motorgroup.cpp.o)
                0x0000000020013d98                vex::motor_group::isDone()
 .text._ZN3vex11motor_group4stopEv
                0x0000000020013da6       0x1e /Users/saranyim/Library/Application Support/Code/User/globalStorage/vexrobotics.vexcode/sdk/cpp/IQ2/IQ2_20250520_15_00_00/vexiq2/libviq2rt.a(vex_motorgroup.cpp.o)
                0x0000000020013da6                vex::motor_group::stop()
 .text._ZN3vex11motor_group12setMaxTorqueEdNS_12percentUnitsE
                0x0000000020013dc4       0x3a /Users/saranyim/Library/Application Support/Code/User/globalStorage/vexrobotics.vexcode/sdk/cpp/IQ2/IQ2_20250520_15_00_00/vexiq2/libviq2rt.a(vex_motorgroup.cpp.o)
                0x0000000020013dc4                vex::motor_group::setMaxTorque(double, vex::percentUnits)
 .text._ZN3vex11motor_group8velocityENS_13velocityUnitsE
                0x0000000020013dfe        0x8 /Users/saranyim/Library/Application Support/Code/User/globalStorage/vexrobotics.vexcode/sdk/cpp/IQ2/IQ2_20250520_15_00_00/vexiq2/libviq2rt.a(vex_motorgroup.cpp.o)
                0x0000000020013dfe                vex::motor_group::velocity(vex::velocityUnits)
 .text._ZN3vex11motor_group20waitForCompletionAllEv
                0x0000000020013e06       0x36 /Users/saranyim/Library/Application Support/Code/User/globalStorage/vexrobotics.vexcode/sdk/cpp/IQ2/IQ2_20250520_15_00_00/vexiq2/libviq2rt.a(vex_motorgroup.cpp.o)
                0x0000000020013e06                vex::motor_group::waitForCompletionAll()
 .text._ZN3vex11motor_group7spinForENS_13directionTypeEdNS_13rotationUnitsEb
                0x0000000020013e3c       0x5a /Users/saranyim/Library/Application Support/Code/User/globalStorage/vexrobotics.vexcode/sdk/cpp/IQ2/IQ2_20250520_15_00_00/vexiq2/libviq2rt.a(vex_motorgroup.cpp.o)
                0x0000000020013e3c                vex::motor_group::spinFor(vex::directionType, double, vex::rotationUnits, bool)
 .text._ZN3vex10controllerC2Ev
                0x0000000020013e96       0x5e /Users/saranyim/Library/Application Support/Code/User/globalStorage/vexrobotics.vexcode/sdk/cpp/IQ2/IQ2_20250520_15_00_00/vexiq2/libviq2rt.a(vex_controller.cpp.o)
                0x0000000020013e96                vex::controller::controller()
                0x0000000020013e96                vex::controller::controller()
 .text._ZN3vex10controllerD2Ev
                0x0000000020013ef4        0x2 /Users/saranyim/Library/Application Support/Code/User/globalStorage/vexrobotics.vexcode/sdk/cpp/IQ2/IQ2_20250520_15_00_00/vexiq2/libviq2rt.a(vex_controller.cpp.o)
                0x0000000020013ef4                vex::controller::~controller()
                0x0000000020013ef4                vex::controller::~controller()
 .text._ZN3vex10controller5valueE19_IQ_ControllerIndex
                0x0000000020013ef6        0x6 /Users/saranyim/Library/Application Support/Code/User/globalStorage/vexrobotics.vexcode/sdk/cpp/IQ2/IQ2_20250520_15_00_00/vexiq2/libviq2rt.a(vex_controller.cpp.o)
                0x0000000020013ef6                vex::controller::value(_IQ_ControllerIndex)
 .text._ZNK3vex10controller6button8pressingEv
                0x0000000020013efc       0x52 /Users/saranyim/Library/Application Support/Code/User/globalStorage/vexrobotics.vexcode/sdk/cpp/IQ2/IQ2_20250520_15_00_00/vexiq2/libviq2rt.a(vex_controller.cpp.o)
                0x0000000020013efc                vex::controller::button::pressing() const
 .text._ZNK3vex10controller6button7pressedEPFvvE
                0x0000000020013f4e       0x76 /Users/saranyim/Library/Application Support/Code/User/globalStorage/vexrobotics.vexcode/sdk/cpp/IQ2/IQ2_20250520_15_00_00/vexiq2/libviq2rt.a(vex_controller.cpp.o)
                0x0000000020013f4e                vex::controller::button::pressed(void (*)()) const
 .text._ZNK3vex10controller4axis5valueEv
                0x0000000020013fc4       0x2a /Users/saranyim/Library/Application Support/Code/User/globalStorage/vexrobotics.vexcode/sdk/cpp/IQ2/IQ2_20250520_15_00_00/vexiq2/libviq2rt.a(vex_controller.cpp.o)
                0x0000000020013fc4                vex::controller::axis::value() const
 .text._ZNK3vex10controller4axis8positionENS_12percentUnitsE
                0x0000000020013fee       0x12 /Users/saranyim/Library/Application Support/Code/User/globalStorage/vexrobotics.vexcode/sdk/cpp/IQ2/IQ2_20250520_15_00_00/vexiq2/libviq2rt.a(vex_controller.cpp.o)
                0x0000000020013fee                vex::controller::axis::position(vex::percentUnits) const
 .text._ZN3vex5event4initEmmPFvvE
                0x0000000020014000        0x4 /Users/saranyim/Library/Application Support/Code/User/globalStorage/vexrobotics.vexcode/sdk/cpp/IQ2/IQ2_20250520_15_00_00/vexiq2/libviq2rt.a(vex_event.cpp.o)
                0x0000000020014000                vex::event::init(unsigned long, unsigned long, void (*)())
 .text._ZN3vex5event9userindexEv
                0x0000000020014004        0x4 /Users/saranyim/Library/Application Support/Code/User/globalStorage/vexrobotics.vexcode/sdk/cpp/IQ2/IQ2_20250520_15_00_00/vexiq2/libviq2rt.a(vex_event.cpp.o)
                0x0000000020014004                vex::event::userindex()
 .text._ZN3vex6device5valueEv
                0x0000000020014008        0x4 /Users/saranyim/Library/Application Support/Code/User/globalStorage/vexrobotics.vexcode/sdk/cpp/IQ2/IQ2_20250520_15_00_00/vexiq2/libviq2rt.a(vex_device.cpp.o)
                0x0000000020014008                vex::device::value()
 .text._ZN3vex6deviceD2Ev
                0x000000002001400c        0x2 /Users/saranyim/Library/Application Support/Code/User/globalStorage/vexrobotics.vexcode/sdk/cpp/IQ2/IQ2_20250520_15_00_00/vexiq2/libviq2rt.a(vex_device.cpp.o)
                0x000000002001400c                vex::device::~device()
                0x000000002001400c                vex::device::~device()
 .text._ZN3vex6device4initEl
                0x000000002001400e       0x22 /Users/saranyim/Library/Application Support/Code/User/globalStorage/vexrobotics.vexcode/sdk/cpp/IQ2/IQ2_20250520_15_00_00/vexiq2/libviq2rt.a(vex_device.cpp.o)
                0x000000002001400e                vex::device::init(long)
 .text._ZN3vex6deviceC2El
                0x0000000020014030       0x14 /Users/saranyim/Library/Application Support/Code/User/globalStorage/vexrobotics.vexcode/sdk/cpp/IQ2/IQ2_20250520_15_00_00/vexiq2/libviq2rt.a(vex_device.cpp.o)
                0x0000000020014030                vex::device::device(long)
                0x0000000020014030                vex::device::device(long)
 .text._ZN3vex6device4typeEv
                0x0000000020014044        0x8 /Users/saranyim/Library/Application Support/Code/User/globalStorage/vexrobotics.vexcode/sdk/cpp/IQ2/IQ2_20250520_15_00_00/vexiq2/libviq2rt.a(vex_device.cpp.o)
                0x0000000020014044                vex::device::type()
 .text._ZN3vex6device9installedEv
                0x000000002001404c        0xe /Users/saranyim/Library/Application Support/Code/User/globalStorage/vexrobotics.vexcode/sdk/cpp/IQ2/IQ2_20250520_15_00_00/vexiq2/libviq2rt.a(vex_device.cpp.o)
                0x000000002001404c                vex::device::installed()
 .text.__aeabi_atexit
                0x000000002001405a        0xa /Users/saranyim/Library/Application Support/Code/User/globalStorage/vexrobotics.vexcode/sdk/cpp/IQ2/IQ2_20250520_15_00_00/vexiq2/gcc/libs/libc_nano.a(lib_a-aeabi_atexit.o)
                0x000000002001405a                __aeabi_atexit
 .text.__sflush_r
                0x0000000020014064      0x10c /Users/saranyim/Library/Application Support/Code/User/globalStorage/vexrobotics.vexcode/sdk/cpp/IQ2/IQ2_20250520_15_00_00/vexiq2/gcc/libs/libc_nano.a(lib_a-fflush.o)
                0x0000000020014064                __sflush_r
 .text._fflush_r
                0x0000000020014170       0x54 /Users/saranyim/Library/Application Support/Code/User/globalStorage/vexrobotics.vexcode/sdk/cpp/IQ2/IQ2_20250520_15_00_00/vexiq2/gcc/libs/libc_nano.a(lib_a-fflush.o)
                0x0000000020014170                _fflush_r
 .text.std      0x00000000200141c4       0x48 /Users/saranyim/Library/Application Support/Code/User/globalStorage/vexrobotics.vexcode/sdk/cpp/IQ2/IQ2_20250520_15_00_00/vexiq2/gcc/libs/libc_nano.a(lib_a-findfp.o)
 .text._cleanup_r
                0x000000002001420c        0xc /Users/saranyim/Library/Application Support/Code/User/globalStorage/vexrobotics.vexcode/sdk/cpp/IQ2/IQ2_20250520_15_00_00/vexiq2/gcc/libs/libc_nano.a(lib_a-findfp.o)
                0x000000002001420c                _cleanup_r
 .text.__sfmoreglue
                0x0000000020014218       0x2c /Users/saranyim/Library/Application Support/Code/User/globalStorage/vexrobotics.vexcode/sdk/cpp/IQ2/IQ2_20250520_15_00_00/vexiq2/gcc/libs/libc_nano.a(lib_a-findfp.o)
                0x0000000020014218                __sfmoreglue
 .text.__sinit  0x0000000020014244       0x60 /Users/saranyim/Library/Application Support/Code/User/globalStorage/vexrobotics.vexcode/sdk/cpp/IQ2/IQ2_20250520_15_00_00/vexiq2/gcc/libs/libc_nano.a(lib_a-findfp.o)
                0x0000000020014244                __sinit
 .text.__sfp    0x00000000200142a4       0x78 /Users/saranyim/Library/Application Support/Code/User/globalStorage/vexrobotics.vexcode/sdk/cpp/IQ2/IQ2_20250520_15_00_00/vexiq2/gcc/libs/libc_nano.a(lib_a-findfp.o)
                0x00000000200142a4                __sfp
 .text._fwalk_reent
                0x000000002001431c       0x3c /Users/saranyim/Library/Application Support/Code/User/globalStorage/vexrobotics.vexcode/sdk/cpp/IQ2/IQ2_20250520_15_00_00/vexiq2/gcc/libs/libc_nano.a(lib_a-fwalk.o)
                0x000000002001431c                _fwalk_reent
 .text.__libc_init_array
                0x0000000020014358       0x48 /Users/saranyim/Library/Application Support/Code/User/globalStorage/vexrobotics.vexcode/sdk/cpp/IQ2/IQ2_20250520_15_00_00/vexiq2/gcc/libs/libc_nano.a(lib_a-init.o)
                0x0000000020014358                __libc_init_array
 .text.__swhatbuf_r
                0x00000000200143a0       0x48 /Users/saranyim/Library/Application Support/Code/User/globalStorage/vexrobotics.vexcode/sdk/cpp/IQ2/IQ2_20250520_15_00_00/vexiq2/gcc/libs/libc_nano.a(lib_a-makebuf.o)
                0x00000000200143a0                __swhatbuf_r
 .text.__smakebuf_r
                0x00000000200143e8       0x80 /Users/saranyim/Library/Application Support/Code/User/globalStorage/vexrobotics.vexcode/sdk/cpp/IQ2/IQ2_20250520_15_00_00/vexiq2/gcc/libs/libc_nano.a(lib_a-makebuf.o)
                0x00000000200143e8                __smakebuf_r
 .text.memset   0x0000000020014468       0x10 /Users/saranyim/Library/Application Support/Code/User/globalStorage/vexrobotics.vexcode/sdk/cpp/IQ2/IQ2_20250520_15_00_00/vexiq2/gcc/libs/libc_nano.a(lib_a-memset.o)
                0x0000000020014468                memset
 .text._free_r  0x0000000020014478       0x9c /Users/saranyim/Library/Application Support/Code/User/globalStorage/vexrobotics.vexcode/sdk/cpp/IQ2/IQ2_20250520_15_00_00/vexiq2/gcc/libs/libc_nano.a(lib_a-nano-freer.o)
                0x0000000020014478                _free_r
 .text._malloc_r
                0x0000000020014514       0xb4 /Users/saranyim/Library/Application Support/Code/User/globalStorage/vexrobotics.vexcode/sdk/cpp/IQ2/IQ2_20250520_15_00_00/vexiq2/gcc/libs/libc_nano.a(lib_a-nano-mallocr.o)
                0x0000000020014514                _malloc_r
 .text.printf   0x00000000200145c8       0x30 /Users/saranyim/Library/Application Support/Code/User/globalStorage/vexrobotics.vexcode/sdk/cpp/IQ2/IQ2_20250520_15_00_00/vexiq2/gcc/libs/libc_nano.a(lib_a-printf.o)
                0x00000000200145c8                printf
                0x00000000200145c8                iprintf
 .text.putchar  0x00000000200145f8       0x28 /Users/saranyim/Library/Application Support/Code/User/globalStorage/vexrobotics.vexcode/sdk/cpp/IQ2/IQ2_20250520_15_00_00/vexiq2/gcc/libs/libc_nano.a(lib_a-putchar.o)
                0x00000000200145f8                putchar
 .text._puts_r  0x0000000020014620       0xb8 /Users/saranyim/Library/Application Support/Code/User/globalStorage/vexrobotics.vexcode/sdk/cpp/IQ2/IQ2_20250520_15_00_00/vexiq2/gcc/libs/libc_nano.a(lib_a-puts.o)
                0x0000000020014620                _puts_r
 .text.puts     0x00000000200146d8       0x10 /Users/saranyim/Library/Application Support/Code/User/globalStorage/vexrobotics.vexcode/sdk/cpp/IQ2/IQ2_20250520_15_00_00/vexiq2/gcc/libs/libc_nano.a(lib_a-puts.o)
                0x00000000200146d8                puts
 .text._sbrk_r  0x00000000200146e8       0x20 /Users/saranyim/Library/Application Support/Code/User/globalStorage/vexrobotics.vexcode/sdk/cpp/IQ2/IQ2_20250520_15_00_00/vexiq2/gcc/libs/libc_nano.a(lib_a-sbrkr.o)
                0x00000000200146e8                _sbrk_r
 .text.__sread  0x0000000020014708       0x22 /Users/saranyim/Library/Application Support/Code/User/globalStorage/vexrobotics.vexcode/sdk/cpp/IQ2/IQ2_20250520_15_00_00/vexiq2/gcc/libs/libc_nano.a(lib_a-stdio.o)
                0x0000000020014708                __sread
 .text.__swrite
                0x000000002001472a       0x38 /Users/saranyim/Library/Application Support/Code/User/globalStorage/vexrobotics.vexcode/sdk/cpp/IQ2/IQ2_20250520_15_00_00/vexiq2/gcc/libs/libc_nano.a(lib_a-stdio.o)
                0x000000002001472a                __swrite
 .text.__sseek  0x0000000020014762       0x24 /Users/saranyim/Library/Application Support/Code/User/globalStorage/vexrobotics.vexcode/sdk/cpp/IQ2/IQ2_20250520_15_00_00/vexiq2/gcc/libs/libc_nano.a(lib_a-stdio.o)
                0x0000000020014762                __sseek
 .text.__sclose
                0x0000000020014786        0x8 /Users/saranyim/Library/Application Support/Code/User/globalStorage/vexrobotics.vexcode/sdk/cpp/IQ2/IQ2_20250520_15_00_00/vexiq2/gcc/libs/libc_nano.a(lib_a-stdio.o)
                0x0000000020014786                __sclose
 *fill*         0x000000002001478e        0x2 
 .text.__swbuf_r
                0x0000000020014790       0xa4 /Users/saranyim/Library/Application Support/Code/User/globalStorage/vexrobotics.vexcode/sdk/cpp/IQ2/IQ2_20250520_15_00_00/vexiq2/gcc/libs/libc_nano.a(lib_a-wbuf.o)
                0x0000000020014790                __swbuf_r
 .text._write_r
                0x0000000020014834       0x24 /Users/saranyim/Library/Application Support/Code/User/globalStorage/vexrobotics.vexcode/sdk/cpp/IQ2/IQ2_20250520_15_00_00/vexiq2/gcc/libs/libc_nano.a(lib_a-writer.o)
                0x0000000020014834                _write_r
 .text.__swsetup_r
                0x0000000020014858       0xdc /Users/saranyim/Library/Application Support/Code/User/globalStorage/vexrobotics.vexcode/sdk/cpp/IQ2/IQ2_20250520_15_00_00/vexiq2/gcc/libs/libc_nano.a(lib_a-wsetup.o)
                0x0000000020014858                __swsetup_r
 .text._close_r
                0x0000000020014934       0x20 /Users/saranyim/Library/Application Support/Code/User/globalStorage/vexrobotics.vexcode/sdk/cpp/IQ2/IQ2_20250520_15_00_00/vexiq2/gcc/libs/libc_nano.a(lib_a-closer.o)
                0x0000000020014934                _close_r
 .text._fstat_r
                0x0000000020014954       0x24 /Users/saranyim/Library/Application Support/Code/User/globalStorage/vexrobotics.vexcode/sdk/cpp/IQ2/IQ2_20250520_15_00_00/vexiq2/gcc/libs/libc_nano.a(lib_a-fstatr.o)
                0x0000000020014954                _fstat_r
 .text._isatty_r
                0x0000000020014978       0x20 /Users/saranyim/Library/Application Support/Code/User/globalStorage/vexrobotics.vexcode/sdk/cpp/IQ2/IQ2_20250520_15_00_00/vexiq2/gcc/libs/libc_nano.a(lib_a-isattyr.o)
                0x0000000020014978                _isatty_r
 .text._lseek_r
                0x0000000020014998       0x24 /Users/saranyim/Library/Application Support/Code/User/globalStorage/vexrobotics.vexcode/sdk/cpp/IQ2/IQ2_20250520_15_00_00/vexiq2/gcc/libs/libc_nano.a(lib_a-lseekr.o)
                0x0000000020014998                _lseek_r
 .text.__malloc_lock
                0x00000000200149bc        0x2 /Users/saranyim/Library/Application Support/Code/User/globalStorage/vexrobotics.vexcode/sdk/cpp/IQ2/IQ2_20250520_15_00_00/vexiq2/gcc/libs/libc_nano.a(lib_a-mlock.o)
                0x00000000200149bc                __malloc_lock
 .text.__malloc_unlock
                0x00000000200149be        0x2 /Users/saranyim/Library/Application Support/Code/User/globalStorage/vexrobotics.vexcode/sdk/cpp/IQ2/IQ2_20250520_15_00_00/vexiq2/gcc/libs/libc_nano.a(lib_a-mlock.o)
                0x00000000200149be                __malloc_unlock
 .text.__sfputc_r
                0x00000000200149c0       0x2e /Users/saranyim/Library/Application Support/Code/User/globalStorage/vexrobotics.vexcode/sdk/cpp/IQ2/IQ2_20250520_15_00_00/vexiq2/gcc/libs/libc_nano.a(lib_a-nano-vfprintf.o)
 .text.__sfputs_r
                0x00000000200149ee       0x24 /Users/saranyim/Library/Application Support/Code/User/globalStorage/vexrobotics.vexcode/sdk/cpp/IQ2/IQ2_20250520_15_00_00/vexiq2/gcc/libs/libc_nano.a(lib_a-nano-vfprintf.o)
                0x00000000200149ee                __sfputs_r
 *fill*         0x0000000020014a12        0x2 
 .text._vfprintf_r
                0x0000000020014a14      0x22c /Users/saranyim/Library/Application Support/Code/User/globalStorage/vexrobotics.vexcode/sdk/cpp/IQ2/IQ2_20250520_15_00_00/vexiq2/gcc/libs/libc_nano.a(lib_a-nano-vfprintf.o)
                0x0000000020014a14                _vfiprintf_r
                0x0000000020014a14                _vfprintf_r
 .text._printf_common
                0x0000000020014c40       0xea /Users/saranyim/Library/Application Support/Code/User/globalStorage/vexrobotics.vexcode/sdk/cpp/IQ2/IQ2_20250520_15_00_00/vexiq2/gcc/libs/libc_nano.a(lib_a-nano-vfprintf_i.o)
                0x0000000020014c40                _printf_common
 *fill*         0x0000000020014d2a        0x2 
 .text._printf_i
                0x0000000020014d2c      0x224 /Users/saranyim/Library/Application Support/Code/User/globalStorage/vexrobotics.vexcode/sdk/cpp/IQ2/IQ2_20250520_15_00_00/vexiq2/gcc/libs/libc_nano.a(lib_a-nano-vfprintf_i.o)
                0x0000000020014d2c                _printf_i
 .text._putc_r  0x0000000020014f50       0x6c /Users/saranyim/Library/Application Support/Code/User/globalStorage/vexrobotics.vexcode/sdk/cpp/IQ2/IQ2_20250520_15_00_00/vexiq2/gcc/libs/libc_nano.a(lib_a-putc.o)
                0x0000000020014f50                _putc_r
 .text._read_r  0x0000000020014fbc       0x24 /Users/saranyim/Library/Application Support/Code/User/globalStorage/vexrobotics.vexcode/sdk/cpp/IQ2/IQ2_20250520_15_00_00/vexiq2/gcc/libs/libc_nano.a(lib_a-readr.o)
                0x0000000020014fbc                _read_r
 .text.__errno  0x0000000020014fe0        0xc /Users/saranyim/Library/Application Support/Code/User/globalStorage/vexrobotics.vexcode/sdk/cpp/IQ2/IQ2_20250520_15_00_00/vexiq2/libviq2rt.a(iq2_fstubs.c.o)
                0x0000000020014fe0                __errno
 .text._fstat   0x0000000020014fec       0x1e /Users/saranyim/Library/Application Support/Code/User/globalStorage/vexrobotics.vexcode/sdk/cpp/IQ2/IQ2_20250520_15_00_00/vexiq2/libviq2rt.a(iq2_fstubs.c.o)
                0x0000000020014fec                _fstat
 .text._lseek   0x000000002001500a       0x1c /Users/saranyim/Library/Application Support/Code/User/globalStorage/vexrobotics.vexcode/sdk/cpp/IQ2/IQ2_20250520_15_00_00/vexiq2/libviq2rt.a(iq2_fstubs.c.o)
                0x000000002001500a                _lseek
 .text._close   0x0000000020015026       0x14 /Users/saranyim/Library/Application Support/Code/User/globalStorage/vexrobotics.vexcode/sdk/cpp/IQ2/IQ2_20250520_15_00_00/vexiq2/libviq2rt.a(iq2_fstubs.c.o)
                0x0000000020015026                _close
 .text._read    0x000000002001503a       0x1c /Users/saranyim/Library/Application Support/Code/User/globalStorage/vexrobotics.vexcode/sdk/cpp/IQ2/IQ2_20250520_15_00_00/vexiq2/libviq2rt.a(iq2_fstubs.c.o)
                0x000000002001503a                _read
 .text._write   0x0000000020015056       0x28 /Users/saranyim/Library/Application Support/Code/User/globalStorage/vexrobotics.vexcode/sdk/cpp/IQ2/IQ2_20250520_15_00_00/vexiq2/libviq2rt.a(iq2_fstubs.c.o)
                0x0000000020015056                _write
 .text._isatty  0x000000002001507e       0x14 /Users/saranyim/Library/Application Support/Code/User/globalStorage/vexrobotics.vexcode/sdk/cpp/IQ2/IQ2_20250520_15_00_00/vexiq2/libviq2rt.a(iq2_fstubs.c.o)
                0x000000002001507e                _isatty
 *(.gnu.linkonce.t.*)
 *(.plt)
 *(.gnu_warning)
 *(.gcc_except_table)
 *(.glue_7)
 .glue_7        0x0000000020015092        0x0 linker stubs
 *(.glue_7t)
 .glue_7t       0x0000000020015092        0x0 linker stubs
 *(.vfp11_veneer)
 .vfp11_veneer  0x0000000020015092        0x0 linker stubs
 *(.ARM.extab)
 *(.gnu.linkonce.armextab.*)

.v4_bx          0x0000000020015094        0x0
 .v4_bx         0x0000000020015094        0x0 linker stubs

.iplt           0x0000000020015094        0x0
 .iplt          0x0000000020015094        0x0 build/src/beam.o

.init
 *(.init)

.fini
 *(.fini)

.rodata         0x0000000020015098      0x42f
                0x0000000020015098                __rodata_start = .
 *(.rodata)
 *(.rodata.*)
 .rodata.str1.1
                0x0000000020015098       0x6e build/src/beam.o
 .rodata.str1.1
                0x0000000020015106        0xd build/src/drive.o
 .rodata.str1.1
                0x0000000020015113      0x1be build/src/main.o
 .rodata.str1.1
                0x00000000200152d1       0x40 build/src/pin.o
                                         0x5d (size before relaxing)
 .rodata.str1.1
                0x0000000020015311       0x22 /Users/saranyim/Library/Application Support/Code/User/globalStorage/vexrobotics.vexcode/sdk/cpp/IQ2/IQ2_20250520_15_00_00/vexiq2/libviq2rt.a(iq2_startup.c.o)
 *fill*         0x0000000020015333        0x1 
 .rodata._ZN3vex9cylinder2E
                0x0000000020015334        0x4 /Users/saranyim/Library/Application Support/Code/User/globalStorage/vexrobotics.vexcode/sdk/cpp/IQ2/IQ2_20250520_15_00_00/vexiq2/libviq2rt.a(vex_global.cpp.o)
                0x0000000020015334                vex::cylinder2
 .rodata._ZN3vex5PORT3E
                0x0000000020015338        0x4 /Users/saranyim/Library/Application Support/Code/User/globalStorage/vexrobotics.vexcode/sdk/cpp/IQ2/IQ2_20250520_15_00_00/vexiq2/libviq2rt.a(vex_global.cpp.o)
                0x0000000020015338                vex::PORT3
 .rodata._ZN3vex5PORT1E
                0x000000002001533c        0x4 /Users/saranyim/Library/Application Support/Code/User/globalStorage/vexrobotics.vexcode/sdk/cpp/IQ2/IQ2_20250520_15_00_00/vexiq2/libviq2rt.a(vex_global.cpp.o)
                0x000000002001533c                vex::PORT1
 .rodata._ZN3vex7reverseE
                0x0000000020015340        0x4 /Users/saranyim/Library/Application Support/Code/User/globalStorage/vexrobotics.vexcode/sdk/cpp/IQ2/IQ2_20250520_15_00_00/vexiq2/libviq2rt.a(vex_global.cpp.o)
                0x0000000020015340                vex::reverse
 .rodata._ZN3vex6PORT10E
                0x0000000020015344        0x4 /Users/saranyim/Library/Application Support/Code/User/globalStorage/vexrobotics.vexcode/sdk/cpp/IQ2/IQ2_20250520_15_00_00/vexiq2/libviq2rt.a(vex_global.cpp.o)
                0x0000000020015344                vex::PORT10
 .rodata._ZN3vex5PORT5E
                0x0000000020015348        0x4 /Users/saranyim/Library/Application Support/Code/User/globalStorage/vexrobotics.vexcode/sdk/cpp/IQ2/IQ2_20250520_15_00_00/vexiq2/libviq2rt.a(vex_global.cpp.o)
                0x0000000020015348                vex::PORT5
 .rodata._ZN3vex7forwardE
                0x000000002001534c        0x4 /Users/saranyim/Library/Application Support/Code/User/globalStorage/vexrobotics.vexcode/sdk/cpp/IQ2/IQ2_20250520_15_00_00/vexiq2/libviq2rt.a(vex_global.cpp.o)
                0x000000002001534c                vex::forward
 .rodata._ZN3vex7secondsE
                0x0000000020015350        0x4 /Users/saranyim/Library/Application Support/Code/User/globalStorage/vexrobotics.vexcode/sdk/cpp/IQ2/IQ2_20250520_15_00_00/vexiq2/libviq2rt.a(vex_global.cpp.o)
                0x0000000020015350                vex::seconds
 .rodata._ZN3vex4msecE
                0x0000000020015354        0x4 /Users/saranyim/Library/Application Support/Code/User/globalStorage/vexrobotics.vexcode/sdk/cpp/IQ2/IQ2_20250520_15_00_00/vexiq2/libviq2rt.a(vex_global.cpp.o)
                0x0000000020015354                vex::msec
 .rodata._ZN3vex5PORT9E
                0x0000000020015358        0x4 /Users/saranyim/Library/Application Support/Code/User/globalStorage/vexrobotics.vexcode/sdk/cpp/IQ2/IQ2_20250520_15_00_00/vexiq2/libviq2rt.a(vex_global.cpp.o)
                0x0000000020015358                vex::PORT9
 .rodata._ZN3vex5PORT2E
                0x000000002001535c        0x4 /Users/saranyim/Library/Application Support/Code/User/globalStorage/vexrobotics.vexcode/sdk/cpp/IQ2/IQ2_20250520_15_00_00/vexiq2/libviq2rt.a(vex_global.cpp.o)
                0x000000002001535c                vex::PORT2
 .rodata._ZN3vex6PORT11E
                0x0000000020015360        0x4 /Users/saranyim/Library/Application Support/Code/User/globalStorage/vexrobotics.vexcode/sdk/cpp/IQ2/IQ2_20250520_15_00_00/vexiq2/libviq2rt.a(vex_global.cpp.o)
                0x0000000020015360                vex::PORT11
 .rodata._ZN3vex5PORT6E
                0x0000000020015364        0x4 /Users/saranyim/Library/Application Support/Code/User/globalStorage/vexrobotics.vexcode/sdk/cpp/IQ2/IQ2_20250520_15_00_00/vexiq2/libviq2rt.a(vex_global.cpp.o)
                0x0000000020015364                vex::PORT6
 .rodata._ZN3vex5greenE
                0x0000000020015368        0x4 /Users/saranyim/Library/Application Support/Code/User/globalStorage/vexrobotics.vexcode/sdk/cpp/IQ2/IQ2_20250520_15_00_00/vexiq2/libviq2rt.a(vex_global.cpp.o)
                0x0000000020015368                vex::green
 .rodata._ZN3vex7percentE
                0x000000002001536c        0x4 /Users/saranyim/Library/Application Support/Code/User/globalStorage/vexrobotics.vexcode/sdk/cpp/IQ2/IQ2_20250520_15_00_00/vexiq2/libviq2rt.a(vex_global.cpp.o)
                0x000000002001536c                vex::percent
 .rodata._ZN3vex7degreesE
                0x0000000020015370        0x4 /Users/saranyim/Library/Application Support/Code/User/globalStorage/vexrobotics.vexcode/sdk/cpp/IQ2/IQ2_20250520_15_00_00/vexiq2/libviq2rt.a(vex_global.cpp.o)
                0x0000000020015370                vex::degrees
 .rodata._ZN3vex6orangeE
                0x0000000020015374        0x4 /Users/saranyim/Library/Application Support/Code/User/globalStorage/vexrobotics.vexcode/sdk/cpp/IQ2/IQ2_20250520_15_00_00/vexiq2/libviq2rt.a(vex_global.cpp.o)
                0x0000000020015374                vex::orange
 .rodata._ZN3vex4holdE
                0x0000000020015378        0x4 /Users/saranyim/Library/Application Support/Code/User/globalStorage/vexrobotics.vexcode/sdk/cpp/IQ2/IQ2_20250520_15_00_00/vexiq2/libviq2rt.a(vex_global.cpp.o)
                0x0000000020015378                vex::hold
 .rodata._ZN3vex6PORT12E
                0x000000002001537c        0x4 /Users/saranyim/Library/Application Support/Code/User/globalStorage/vexrobotics.vexcode/sdk/cpp/IQ2/IQ2_20250520_15_00_00/vexiq2/libviq2rt.a(vex_global.cpp.o)
                0x000000002001537c                vex::PORT12
 .rodata._ZN3vex5sirenE
                0x0000000020015380        0x4 /Users/saranyim/Library/Application Support/Code/User/globalStorage/vexrobotics.vexcode/sdk/cpp/IQ2/IQ2_20250520_15_00_00/vexiq2/libviq2rt.a(vex_global.cpp.o)
                0x0000000020015380                vex::siren
 .rodata._ZN3vex5brakeE
                0x0000000020015384        0x4 /Users/saranyim/Library/Application Support/Code/User/globalStorage/vexrobotics.vexcode/sdk/cpp/IQ2/IQ2_20250520_15_00_00/vexiq2/libviq2rt.a(vex_global.cpp.o)
                0x0000000020015384                vex::brake
 .rodata._ZN3vex5coastE
                0x0000000020015388        0x4 /Users/saranyim/Library/Application Support/Code/User/globalStorage/vexrobotics.vexcode/sdk/cpp/IQ2/IQ2_20250520_15_00_00/vexiq2/libviq2rt.a(vex_global.cpp.o)
                0x0000000020015388                vex::coast
 .rodata._ZN3vex5PORT4E
                0x000000002001538c        0x4 /Users/saranyim/Library/Application Support/Code/User/globalStorage/vexrobotics.vexcode/sdk/cpp/IQ2/IQ2_20250520_15_00_00/vexiq2/libviq2rt.a(vex_global.cpp.o)
                0x000000002001538c                vex::PORT4
 .rodata._ZN3vex9cylinder1E
                0x0000000020015390        0x4 /Users/saranyim/Library/Application Support/Code/User/globalStorage/vexrobotics.vexcode/sdk/cpp/IQ2/IQ2_20250520_15_00_00/vexiq2/libviq2rt.a(vex_global.cpp.o)
                0x0000000020015390                vex::cylinder1
 .rodata._ZN3vex5PORT8E
                0x0000000020015394        0x4 /Users/saranyim/Library/Application Support/Code/User/globalStorage/vexrobotics.vexcode/sdk/cpp/IQ2/IQ2_20250520_15_00_00/vexiq2/libviq2rt.a(vex_global.cpp.o)
                0x0000000020015394                vex::PORT8
 .rodata.str1.1
                0x0000000020015398       0x14 /Users/saranyim/Library/Application Support/Code/User/globalStorage/vexrobotics.vexcode/sdk/cpp/IQ2/IQ2_20250520_15_00_00/vexiq2/libviq2rt.a(vex_task.cpp.o)
 .rodata.str1.1
                0x00000000200153ac       0x20 /Users/saranyim/Library/Application Support/Code/User/globalStorage/vexrobotics.vexcode/sdk/cpp/IQ2/IQ2_20250520_15_00_00/vexiq2/libviq2rt.a(vex_brain.cpp.o)
 .rodata.CSWTCH.121
                0x00000000200153cc       0x10 /Users/saranyim/Library/Application Support/Code/User/globalStorage/vexrobotics.vexcode/sdk/cpp/IQ2/IQ2_20250520_15_00_00/vexiq2/libviq2rt.a(vex_brain.cpp.o)
 *fill*         0x00000000200153dc        0x4 
 .rodata._ZTVN3vex5motorE
                0x00000000200153e0       0x10 /Users/saranyim/Library/Application Support/Code/User/globalStorage/vexrobotics.vexcode/sdk/cpp/IQ2/IQ2_20250520_15_00_00/vexiq2/libviq2rt.a(vex_motor.cpp.o)
                0x00000000200153e0                vtable for vex::motor
 .rodata._ZTVN3vex8touchledE
                0x00000000200153f0       0x10 /Users/saranyim/Library/Application Support/Code/User/globalStorage/vexrobotics.vexcode/sdk/cpp/IQ2/IQ2_20250520_15_00_00/vexiq2/libviq2rt.a(vex_touchled.cpp.o)
                0x00000000200153f0                vtable for vex::touchled
 .rodata._ZTVN3vex8distanceE
                0x0000000020015400       0x10 /Users/saranyim/Library/Application Support/Code/User/globalStorage/vexrobotics.vexcode/sdk/cpp/IQ2/IQ2_20250520_15_00_00/vexiq2/libviq2rt.a(vex_distance.cpp.o)
                0x0000000020015400                vtable for vex::distance
 .rodata._ZTVN3vex9pneumaticE
                0x0000000020015410       0x10 /Users/saranyim/Library/Application Support/Code/User/globalStorage/vexrobotics.vexcode/sdk/cpp/IQ2/IQ2_20250520_15_00_00/vexiq2/libviq2rt.a(vex_pneumatic.cpp.o)
                0x0000000020015410                vtable for vex::pneumatic
 .rodata._ZTVN3vex6deviceE
                0x0000000020015420       0x10 /Users/saranyim/Library/Application Support/Code/User/globalStorage/vexrobotics.vexcode/sdk/cpp/IQ2/IQ2_20250520_15_00_00/vexiq2/libviq2rt.a(vex_device.cpp.o)
                0x0000000020015420                vtable for vex::device
 .rodata.__sf_fake_stderr
                0x0000000020015430       0x20 /Users/saranyim/Library/Application Support/Code/User/globalStorage/vexrobotics.vexcode/sdk/cpp/IQ2/IQ2_20250520_15_00_00/vexiq2/gcc/libs/libc_nano.a(lib_a-findfp.o)
                0x0000000020015430                __sf_fake_stderr
 .rodata.__sf_fake_stdin
                0x0000000020015450       0x20 /Users/saranyim/Library/Application Support/Code/User/globalStorage/vexrobotics.vexcode/sdk/cpp/IQ2/IQ2_20250520_15_00_00/vexiq2/gcc/libs/libc_nano.a(lib_a-findfp.o)
                0x0000000020015450                __sf_fake_stdin
 .rodata.__sf_fake_stdout
                0x0000000020015470       0x20 /Users/saranyim/Library/Application Support/Code/User/globalStorage/vexrobotics.vexcode/sdk/cpp/IQ2/IQ2_20250520_15_00_00/vexiq2/gcc/libs/libc_nano.a(lib_a-findfp.o)
                0x0000000020015470                __sf_fake_stdout
 .rodata._global_impure_ptr
                0x0000000020015490        0x4 /Users/saranyim/Library/Application Support/Code/User/globalStorage/vexrobotics.vexcode/sdk/cpp/IQ2/IQ2_20250520_15_00_00/vexiq2/gcc/libs/libc_nano.a(lib_a-impure.o)
                0x0000000020015490                _global_impure_ptr
 .rodata._vfprintf_r.str1.1
                0x0000000020015494       0x11 /Users/saranyim/Library/Application Support/Code/User/globalStorage/vexrobotics.vexcode/sdk/cpp/IQ2/IQ2_20250520_15_00_00/vexiq2/gcc/libs/libc_nano.a(lib_a-nano-vfprintf.o)
 .rodata._printf_i.str1.1
                0x00000000200154a5       0x22 /Users/saranyim/Library/Application Support/Code/User/globalStorage/vexrobotics.vexcode/sdk/cpp/IQ2/IQ2_20250520_15_00_00/vexiq2/gcc/libs/libc_nano.a(lib_a-nano-vfprintf_i.o)
 *(.gnu.linkonce.r.*)
                0x00000000200154c7                __rodata_end = .

.rodata1        0x00000000200154c7        0x0
                0x00000000200154c7                __rodata1_start = .
 *(.rodata1)
 *(.rodata1.*)
                0x00000000200154c7                __rodata1_end = .

.sdata2         0x00000000200154c7        0x0
                0x00000000200154c7                __sdata2_start = .
 *(.sdata2)
 *(.sdata2.*)
 *(.gnu.linkonce.s2.*)
                0x00000000200154c7                __sdata2_end = .

.sbss2          0x00000000200154c7        0x0
                0x00000000200154c7                __sbss2_start = .
 *(.sbss2)
 *(.sbss2.*)
 *(.gnu.linkonce.sb2.*)
                0x00000000200154c7                __sbss2_end = .

.data           0x00000000200154c8       0x68
                0x00000000200154c8                __data_start = .
                0x00000000200154c8                __data_load = .
 *(.data)
 *(.data.*)
 .data._ZN3vex24__default_motor_velocityE
                0x00000000200154c8        0x4 /Users/saranyim/Library/Application Support/Code/User/globalStorage/vexrobotics.vexcode/sdk/cpp/IQ2/IQ2_20250520_15_00_00/vexiq2/libviq2rt.a(vex_motor.cpp.o)
                0x00000000200154c8                vex::__default_motor_velocity
 .data._impure_ptr
                0x00000000200154cc        0x4 /Users/saranyim/Library/Application Support/Code/User/globalStorage/vexrobotics.vexcode/sdk/cpp/IQ2/IQ2_20250520_15_00_00/vexiq2/gcc/libs/libc_nano.a(lib_a-impure.o)
                0x00000000200154cc                _impure_ptr
 .data.impure_data
                0x00000000200154d0       0x60 /Users/saranyim/Library/Application Support/Code/User/globalStorage/vexrobotics.vexcode/sdk/cpp/IQ2/IQ2_20250520_15_00_00/vexiq2/gcc/libs/libc_nano.a(lib_a-impure.o)
 *(.gnu.linkonce.d.*)
 *(.jcr)
 *(.got)
 *(.got.plt)
                0x0000000020015530                __data_end = .

.igot.plt       0x0000000020015530        0x0
 .igot.plt      0x0000000020015530        0x0 build/src/beam.o

.data1          0x0000000020015530        0x0
                0x0000000020015530                __data1_start = .
                0x0000000020015530                __data1_load = .
 *(.data1)
 *(.data1.*)
                0x0000000020015530                __data1_end = .

.got
 *(.got)

.ctors          0x0000000020015530        0x0
                0x0000000020015530                __CTOR_LIST__ = .
                0x0000000020015530                ___CTORS_LIST___ = .
 *crtbegin.o(.ctors)
 *(EXCLUDE_FILE(*crtend.o) .ctors)
 *(SORT_BY_NAME(.ctors.*))
 *(.ctors)
                0x0000000020015530                __CTOR_END__ = .
                0x0000000020015530                ___CTORS_END___ = .

.dtors          0x0000000020015530        0x0
                0x0000000020015530                __DTOR_LIST__ = .
                0x0000000020015530                ___DTORS_LIST___ = .
 *crtbegin.o(.dtors)
 *(EXCLUDE_FILE(*crtend.o) .dtors)
 *(SORT_BY_NAME(.dtors.*))
 *(.dtors)
                0x0000000020015530                __DTOR_END__ = .
                0x0000000020015530                ___DTORS_END___ = .

.fixup          0x0000000020015530        0x0
                0x0000000020015530                __fixup_start = .
 *(.fixup)
                0x0000000020015530                __fixup_end = .

.eh_frame
 *(.eh_frame)

.eh_framehdr    0x0000000020015530        0x0
                0x0000000020015530                __eh_framehdr_start = .
 *(.eh_framehdr)
                0x0000000020015530                __eh_framehdr_end = .

.gcc_except_table
 *(.gcc_except_table)

.mmu_tbl        0x0000000020018000        0x0
                0x0000000020018000                __mmu_tbl_start = .
 *(.mmu_tbl)
                0x0000000020018000                __mmu_tbl_end = .

.ARM.exidx      0x0000000020015530        0x8
                0x0000000020015530                __exidx_start = .
 *(.ARM.exidx*)
 .ARM.exidx.text._Z28myblockfunction_Grab_Beam_upv
                0x0000000020015530        0x8 build/src/beam.o
 .ARM.exidx.text._Z26myblockfunction_Place_beamv
                0x0000000020015538        0x0 build/src/beam.o
                                          0x8 (size before relaxing)
 .ARM.exidx.text._Z30myblockfunction_Drop_down_beamv
                0x0000000020015538        0x0 build/src/beam.o
                                          0x8 (size before relaxing)
 .ARM.exidx.text._Z8TaskBeamv
                0x0000000020015538        0x0 build/src/beam.o
                                          0x8 (size before relaxing)
 .ARM.exidx.text._Z14TaskDriveTrainv
                0x0000000020015538        0x0 build/src/drive.o
                                          0x8 (size before relaxing)
 .ARM.exidx.text._Z36onevent_ControllerButtonL3_pressed_0v
                0x0000000020015538        0x0 build/src/main.o
                                          0x8 (size before relaxing)
 .ARM.exidx.text._Z36onevent_ControllerButtonR3_pressed_0v
                0x0000000020015538        0x0 build/src/main.o
                                          0x8 (size before relaxing)
 .ARM.exidx.text._Z37onevent_ControllerButtonEUp_pressed_0v
                0x0000000020015538        0x0 build/src/main.o
                                          0x8 (size before relaxing)
 .ARM.exidx.text.main
                0x0000000020015538        0x0 build/src/main.o
                                          0x8 (size before relaxing)
 .ARM.exidx.text._Z11TaskControlv
                0x0000000020015538        0x0 build/src/main.o
                                          0x8 (size before relaxing)
 .ARM.exidx.text._GLOBAL__sub_I_main.cpp
                0x0000000020015538        0x0 build/src/main.o
                                          0x8 (size before relaxing)
 .ARM.exidx.text._Z33myblockfunction_Drop_Down_Grab_Upv
                0x0000000020015538        0x0 build/src/pin.o
                                          0x8 (size before relaxing)
 .ARM.exidx.text._Z25myblockfunction_Drop_downv
                0x0000000020015538        0x0 build/src/pin.o
                                          0x8 (size before relaxing)
 .ARM.exidx.text._Z28myblockfunction_Grab_then_upv
                0x0000000020015538        0x0 build/src/pin.o
                                          0x8 (size before relaxing)
 .ARM.exidx.text._Z29myblockfunction_Flip_Pin_Overv
                0x0000000020015538        0x0 build/src/pin.o
                                          0x8 (size before relaxing)
 .ARM.exidx.text._Z16Grab_Release_Pinv
                0x0000000020015538        0x0 build/src/pin.o
                                          0x8 (size before relaxing)
 .ARM.exidx.text._Z7TaskPinv
                0x0000000020015538        0x0 build/src/pin.o
                                          0x8 (size before relaxing)
 *(.gnu.linkonce.armexidix.*.*)
                0x0000000020015538                __exidx_end = .

.rel.dyn        0x0000000020015538        0x0
 .rel.iplt      0x0000000020015538        0x0 build/src/beam.o

.preinit_array  0x0000000020015538        0x0
                0x0000000020015538                __preinit_array_start = .
 *(SORT_BY_NAME(.preinit_array.*))
 *(.preinit_array)
                0x0000000020015538                __preinit_array_end = .

.init_array     0x0000000020015538        0x8
                0x0000000020015538                __init_array_start = .
 *(SORT_BY_NAME(.init_array.*))
 *(.init_array)
 .init_array    0x0000000020015538        0x4 build/src/main.o
 .init_array    0x000000002001553c        0x4 /Users/saranyim/Library/Application Support/Code/User/globalStorage/vexrobotics.vexcode/sdk/cpp/IQ2/IQ2_20250520_15_00_00/vexiq2/libviq2rt.a(vex_color.cpp.o)
                0x0000000020015540                __init_array_end = .

.fini_array     0x0000000020015540        0x0
                0x0000000020015540                __fini_array_start = .
 *(SORT_BY_NAME(.fini_array.*))
 *(.fini_array)
                0x0000000020015540                __fini_array_end = .

.ARM.attributes
                0x0000000020015540       0x3d
                0x0000000020015540                __ARM.attributes_start = .
 *(.ARM.attributes)
 .ARM.attributes
                0x0000000020015540       0x49 build/src/beam.o
 .ARM.attributes
                0x0000000020015589       0x49 build/src/drive.o
 .ARM.attributes
                0x00000000200155d2       0x49 build/src/main.o
 .ARM.attributes
                0x000000002001561b       0x49 build/src/pin.o
 .ARM.attributes
                0x0000000020015664       0x39 /Users/saranyim/Library/Application Support/Code/User/globalStorage/vexrobotics.vexcode/sdk/cpp/IQ2/IQ2_20250520_15_00_00/vexiq2/libviq2rt.a(iq2_startup.c.o)
 .ARM.attributes
                0x000000002001569d       0x39 /Users/saranyim/Library/Application Support/Code/User/globalStorage/vexrobotics.vexcode/sdk/cpp/IQ2/IQ2_20250520_15_00_00/vexiq2/libviq2rt.a(iq2_apijump.c.o)
 .ARM.attributes
                0x00000000200156d6       0x39 /Users/saranyim/Library/Application Support/Code/User/globalStorage/vexrobotics.vexcode/sdk/cpp/IQ2/IQ2_20250520_15_00_00/vexiq2/libviq2rt.a(vex_global.cpp.o)
 .ARM.attributes
                0x000000002001570f       0x39 /Users/saranyim/Library/Application Support/Code/User/globalStorage/vexrobotics.vexcode/sdk/cpp/IQ2/IQ2_20250520_15_00_00/vexiq2/libviq2rt.a(vex_color.cpp.o)
 .ARM.attributes
                0x0000000020015748       0x39 /Users/saranyim/Library/Application Support/Code/User/globalStorage/vexrobotics.vexcode/sdk/cpp/IQ2/IQ2_20250520_15_00_00/vexiq2/libviq2rt.a(vex_task.cpp.o)
 .ARM.attributes
                0x0000000020015781       0x39 /Users/saranyim/Library/Application Support/Code/User/globalStorage/vexrobotics.vexcode/sdk/cpp/IQ2/IQ2_20250520_15_00_00/vexiq2/libviq2rt.a(vex_thread.cpp.o)
 .ARM.attributes
                0x00000000200157ba       0x39 /Users/saranyim/Library/Application Support/Code/User/globalStorage/vexrobotics.vexcode/sdk/cpp/IQ2/IQ2_20250520_15_00_00/vexiq2/libviq2rt.a(vex_brain.cpp.o)
 .ARM.attributes
                0x00000000200157f3       0x39 /Users/saranyim/Library/Application Support/Code/User/globalStorage/vexrobotics.vexcode/sdk/cpp/IQ2/IQ2_20250520_15_00_00/vexiq2/libviq2rt.a(vex_timer.cpp.o)
 .ARM.attributes
                0x000000002001582c       0x39 /Users/saranyim/Library/Application Support/Code/User/globalStorage/vexrobotics.vexcode/sdk/cpp/IQ2/IQ2_20250520_15_00_00/vexiq2/libviq2rt.a(vex_motor.cpp.o)
 .ARM.attributes
                0x0000000020015865       0x39 /Users/saranyim/Library/Application Support/Code/User/globalStorage/vexrobotics.vexcode/sdk/cpp/IQ2/IQ2_20250520_15_00_00/vexiq2/libviq2rt.a(vex_touchled.cpp.o)
 .ARM.attributes
                0x000000002001589e       0x39 /Users/saranyim/Library/Application Support/Code/User/globalStorage/vexrobotics.vexcode/sdk/cpp/IQ2/IQ2_20250520_15_00_00/vexiq2/libviq2rt.a(vex_distance.cpp.o)
 .ARM.attributes
                0x00000000200158d7       0x39 /Users/saranyim/Library/Application Support/Code/User/globalStorage/vexrobotics.vexcode/sdk/cpp/IQ2/IQ2_20250520_15_00_00/vexiq2/libviq2rt.a(vex_pneumatic.cpp.o)
 .ARM.attributes
                0x0000000020015910       0x39 /Users/saranyim/Library/Application Support/Code/User/globalStorage/vexrobotics.vexcode/sdk/cpp/IQ2/IQ2_20250520_15_00_00/vexiq2/libviq2rt.a(vex_motorgroup.cpp.o)
 .ARM.attributes
                0x0000000020015949       0x39 /Users/saranyim/Library/Application Support/Code/User/globalStorage/vexrobotics.vexcode/sdk/cpp/IQ2/IQ2_20250520_15_00_00/vexiq2/libviq2rt.a(vex_controller.cpp.o)
 .ARM.attributes
                0x0000000020015982       0x39 /Users/saranyim/Library/Application Support/Code/User/globalStorage/vexrobotics.vexcode/sdk/cpp/IQ2/IQ2_20250520_15_00_00/vexiq2/libviq2rt.a(vex_event.cpp.o)
 .ARM.attributes
                0x00000000200159bb       0x39 /Users/saranyim/Library/Application Support/Code/User/globalStorage/vexrobotics.vexcode/sdk/cpp/IQ2/IQ2_20250520_15_00_00/vexiq2/libviq2rt.a(vex_device.cpp.o)
 .ARM.attributes
                0x00000000200159f4       0x34 /Users/saranyim/Library/Application Support/Code/User/globalStorage/vexrobotics.vexcode/sdk/cpp/IQ2/IQ2_20250520_15_00_00/vexiq2/gcc/libs/libc_nano.a(lib_a-aeabi_atexit.o)
 .ARM.attributes
                0x0000000020015a28       0x34 /Users/saranyim/Library/Application Support/Code/User/globalStorage/vexrobotics.vexcode/sdk/cpp/IQ2/IQ2_20250520_15_00_00/vexiq2/gcc/libs/libc_nano.a(lib_a-fflush.o)
 .ARM.attributes
                0x0000000020015a5c       0x34 /Users/saranyim/Library/Application Support/Code/User/globalStorage/vexrobotics.vexcode/sdk/cpp/IQ2/IQ2_20250520_15_00_00/vexiq2/gcc/libs/libc_nano.a(lib_a-findfp.o)
 .ARM.attributes
                0x0000000020015a90       0x34 /Users/saranyim/Library/Application Support/Code/User/globalStorage/vexrobotics.vexcode/sdk/cpp/IQ2/IQ2_20250520_15_00_00/vexiq2/gcc/libs/libc_nano.a(lib_a-fwalk.o)
 .ARM.attributes
                0x0000000020015ac4       0x34 /Users/saranyim/Library/Application Support/Code/User/globalStorage/vexrobotics.vexcode/sdk/cpp/IQ2/IQ2_20250520_15_00_00/vexiq2/gcc/libs/libc_nano.a(lib_a-impure.o)
 .ARM.attributes
                0x0000000020015af8       0x34 /Users/saranyim/Library/Application Support/Code/User/globalStorage/vexrobotics.vexcode/sdk/cpp/IQ2/IQ2_20250520_15_00_00/vexiq2/gcc/libs/libc_nano.a(lib_a-init.o)
 .ARM.attributes