Archive member included because of file (symbol)

c:\Users\napat\AppData\Roaming\Code\User\globalStorage\vexrobotics.vexcode\sdk\cpp\IQ2\IQ2_20250520_15_00_00/vexiq2\libviq2rt.a(iq2_startup.c.o)
                              (vexStartup)
c:\Users\napat\AppData\Roaming\Code\User\globalStorage\vexrobotics.vexcode\sdk\cpp\IQ2\IQ2_20250520_15_00_00/vexiq2\libviq2rt.a(iq2_apijump.c.o)
                              c:\Users\napat\AppData\Roaming\Code\User\globalStorage\vexrobotics.vexcode\sdk\cpp\IQ2\IQ2_20250520_15_00_00/vexiq2\libviq2rt.a(iq2_startup.c.o) (vexTaskAdd)
c:\Users\napat\AppData\Roaming\Code\User\globalStorage\vexrobotics.vexcode\sdk\cpp\IQ2\IQ2_20250520_15_00_00/vexiq2\libviq2rt.a(iq2_apiversions.c.o)
                              c:\Users\napat\AppData\Roaming\Code\User\globalStorage\vexrobotics.vexcode\sdk\cpp\IQ2\IQ2_20250520_15_00_00/vexiq2\libviq2rt.a(iq2_apijump.c.o) (vexSystemVersion)
c:\Users\napat\AppData\Roaming\Code\User\globalStorage\vexrobotics.vexcode\sdk\cpp\IQ2\IQ2_20250520_15_00_00/vexiq2\libviq2rt.a(vex_global.cpp.o)
                              build/src/main.o (vex::wait(double, vex::timeUnits))
c:\Users\napat\AppData\Roaming\Code\User\globalStorage\vexrobotics.vexcode\sdk\cpp\IQ2\IQ2_20250520_15_00_00/vexiq2\libviq2rt.a(vex_color.cpp.o)
                              build/src/autonomous.o (vex::color::~color())
c:\Users\napat\AppData\Roaming\Code\User\globalStorage\vexrobotics.vexcode\sdk\cpp\IQ2\IQ2_20250520_15_00_00/vexiq2\libviq2rt.a(vex_task.cpp.o)
                              build/src/main.o (vex::task::task(int (*)()))
c:\Users\napat\AppData\Roaming\Code\User\globalStorage\vexrobotics.vexcode\sdk\cpp\IQ2\IQ2_20250520_15_00_00/vexiq2\libviq2rt.a(vex_thread.cpp.o)
                              c:\Users\napat\AppData\Roaming\Code\User\globalStorage\vexrobotics.vexcode\sdk\cpp\IQ2\IQ2_20250520_15_00_00/vexiq2\libviq2rt.a(vex_global.cpp.o) (vex::this_thread::sleep_for(unsigned long))
c:\Users\napat\AppData\Roaming\Code\User\globalStorage\vexrobotics.vexcode\sdk\cpp\IQ2\IQ2_20250520_15_00_00/vexiq2\libviq2rt.a(vex_brain.cpp.o)
                              build/src/main.o (vex::brain::~brain())
c:\Users\napat\AppData\Roaming\Code\User\globalStorage\vexrobotics.vexcode\sdk\cpp\IQ2\IQ2_20250520_15_00_00/vexiq2\libviq2rt.a(vex_timer.cpp.o)
                              build/src/main.o (vex::timer::~timer())
c:\Users\napat\AppData\Roaming\Code\User\globalStorage\vexrobotics.vexcode\sdk\cpp\IQ2\IQ2_20250520_15_00_00/vexiq2\libviq2rt.a(vex_motor.cpp.o)
                              build/src/main.o (vex::motor::~motor())
c:\Users\napat\AppData\Roaming\Code\User\globalStorage\vexrobotics.vexcode\sdk\cpp\IQ2\IQ2_20250520_15_00_00/vexiq2\libviq2rt.a(vex_touchled.cpp.o)
                              build/src/main.o (vex::touchled::touchled(long))
c:\Users\napat\AppData\Roaming\Code\User\globalStorage\vexrobotics.vexcode\sdk\cpp\IQ2\IQ2_20250520_15_00_00/vexiq2\libviq2rt.a(vex_distance.cpp.o)
                              build/src/main.o (vex::distance::distance(long))
c:\Users\napat\AppData\Roaming\Code\User\globalStorage\vexrobotics.vexcode\sdk\cpp\IQ2\IQ2_20250520_15_00_00/vexiq2\libviq2rt.a(vex_pneumatic.cpp.o)
                              build/src/main.o (vex::pneumatic::pneumatic(long, bool))
c:\Users\napat\AppData\Roaming\Code\User\globalStorage\vexrobotics.vexcode\sdk\cpp\IQ2\IQ2_20250520_15_00_00/vexiq2\libviq2rt.a(vex_motorgroup.cpp.o)
                              build/src/main.o (vex::motor_group::motor_group())
c:\Users\napat\AppData\Roaming\Code\User\globalStorage\vexrobotics.vexcode\sdk\cpp\IQ2\IQ2_20250520_15_00_00/vexiq2\libviq2rt.a(vex_controller.cpp.o)
                              build/src/main.o (vex::controller::controller())
c:\Users\napat\AppData\Roaming\Code\User\globalStorage\vexrobotics.vexcode\sdk\cpp\IQ2\IQ2_20250520_15_00_00/vexiq2\libviq2rt.a(vex_event.cpp.o)
                              c:\Users\napat\AppData\Roaming\Code\User\globalStorage\vexrobotics.vexcode\sdk\cpp\IQ2\IQ2_20250520_15_00_00/vexiq2\libviq2rt.a(vex_brain.cpp.o) (vex::event::init(unsigned long, unsigned long, void (*)()))
c:\Users\napat\AppData\Roaming\Code\User\globalStorage\vexrobotics.vexcode\sdk\cpp\IQ2\IQ2_20250520_15_00_00/vexiq2\libviq2rt.a(vex_device.cpp.o)
                              c:\Users\napat\AppData\Roaming\Code\User\globalStorage\vexrobotics.vexcode\sdk\cpp\IQ2\IQ2_20250520_15_00_00/vexiq2\libviq2rt.a(vex_pneumatic.cpp.o) (vex::device::value())
c:\Users\napat\AppData\Roaming\Code\User\globalStorage\vexrobotics.vexcode\sdk\cpp\IQ2\IQ2_20250520_15_00_00/vexiq2/gcc/libs\libc_nano.a(lib_a-aeabi_atexit.o)
                              c:\Users\napat\AppData\Roaming\Code\User\globalStorage\vexrobotics.vexcode\sdk\cpp\IQ2\IQ2_20250520_15_00_00/vexiq2\libviq2rt.a(vex_color.cpp.o) (__aeabi_atexit)
c:\Users\napat\AppData\Roaming\Code\User\globalStorage\vexrobotics.vexcode\sdk\cpp\IQ2\IQ2_20250520_15_00_00/vexiq2/gcc/libs\libc_nano.a(lib_a-fclose.o)
[...]
Memory Configuration

Name             Origin             Length             Attributes
SRAM_1_2_3       0x20010000         0x00018000         xrw
*default*        0x00000000         0xffffffff

Linker script and memory map

                0x00000020                _STACK_SIZE = DEFINED (_STACK_SIZE)?_STACK_SIZE:0x20
                0x00001000                _HEAP_SIZE = DEFINED (_HEAP_SIZE)?_HEAP_SIZE:0x1000

.text           0x20010000     0x50ca
 *(.vectors)
 *(.boot_data)
 .boot_data     0x20010000       0x10 c:\Users\napat\AppData\Roaming\Code\User\globalStorage\vexrobotics.vexcode\sdk\cpp\IQ2\IQ2_20250520_15_00_00/vexiq2\libviq2rt.a(iq2_startup.c.o)
                0x20010000                vexCodeSig
                0x00000020                . = 0x20
 *fill*         0x20010010       0x10 
 *(.boot)
 .boot          0x20010020       0x64 c:\Users\napat\AppData\Roaming\Code\User\globalStorage\vexrobotics.vexcode\sdk\cpp\IQ2\IQ2_20250520_15_00_00/vexiq2\libviq2rt.a(iq2_startup.c.o)
                0x20010020                vexStartup
                0x200100c0                . = ALIGN (0x40)
 *fill*         0x20010084       0x3c 
 *(.freertos_vectors)
 *(.text)
 .text          0x200100c0       0xa0 c:\Users\napat\AppData\Roaming\Code\User\globalStorage\vexrobotics.vexcode\sdk\cpp\IQ2\IQ2_20250520_15_00_00/vexiq2/gcc/libs\libc_nano.a(lib_a-memchr.o)
                0x200100c0                memchr
 .text          0x20010160      0x378 c:\Users\napat\AppData\Roaming\Code\User\globalStorage\vexrobotics.vexcode\sdk\cpp\IQ2\IQ2_20250520_15_00_00/vexiq2/gcc/libs\libgcc.a(_arm_addsubdf3.o)
                0x20010160                __aeabi_drsub
                0x20010168                __aeabi_dsub
                0x20010168                __subdf3
                0x2001016c                __aeabi_dadd
                0x2001016c                __adddf3
                0x200103e4                __floatunsidf
                0x200103e4                __aeabi_ui2d
                0x20010404                __floatsidf
                0x20010404                __aeabi_i2d
                0x20010428                __aeabi_f2d
                0x20010428                __extendsfdf2
                0x2001046c                __floatundidf
                0x2001046c                __aeabi_ul2d
                0x2001047c                __floatdidf
                0x2001047c                __aeabi_l2d
 .text          0x200104d8      0x424 c:\Users\napat\AppData\Roaming\Code\User\globalStorage\vexrobotics.vexcode\sdk\cpp\IQ2\IQ2_20250520_15_00_00/vexiq2/gcc/libs\libgcc.a(_arm_muldivdf3.o)
                0x200104d8                __aeabi_dmul
                0x200104d8                __muldf3
                0x2001072c                __divdf3
                0x2001072c                __aeabi_ddiv
 .text          0x200108fc      0x110 c:\Users\napat\AppData\Roaming\Code\User\globalStorage\vexrobotics.vexcode\sdk\cpp\IQ2\IQ2_20250520_15_00_00/vexiq2/gcc/libs\libgcc.a(_arm_cmpdf2.o)
                0x200108fc                __gtdf2
                0x200108fc                __gedf2
                0x20010904                __ltdf2
                0x20010904                __ledf2
                0x2001090c                __nedf2
                0x2001090c                __eqdf2
                0x2001090c                __cmpdf2
                0x20010988                __aeabi_cdrcmple
                0x20010998                __aeabi_cdcmpeq
                0x20010998                __aeabi_cdcmple
                0x200109a8                __aeabi_dcmpeq
                0x200109bc                __aeabi_dcmplt
                0x200109d0                __aeabi_dcmple
                0x200109e4                __aeabi_dcmpge
                0x200109f8                __aeabi_dcmpgt
 .text          0x20010a0c       0x50 c:\Users\napat\AppData\Roaming\Code\User\globalStorage\vexrobotics.vexcode\sdk\cpp\IQ2\IQ2_20250520_15_00_00/vexiq2/gcc/libs\libgcc.a(_arm_fixdfsi.o)
                0x20010a0c                __aeabi_d2iz
                0x20010a0c                __fixdfsi
 *(.text.*)
 .text._Z36onevent_ControllerButtonL3_pressed_0v
                0x20010a5c       0x4a build/src/main.o
                0x20010a5c                onevent_ControllerButtonL3_pressed_0()
 *fill*         0x20010aa6        0x2 
 .text._Z36onevent_ControllerButtonR3_pressed_0v
                0x20010aa8       0x48 build/src/main.o
                0x20010aa8                onevent_ControllerButtonR3_pressed_0()
 .text._Z37onevent_ControllerButtonEUp_pressed_0v
                0x20010af0       0x22 build/src/main.o
                0x20010af0                onevent_ControllerButtonEUp_pressed_0()
 *fill*         0x20010b12        0x6 
 .text.main     0x20010b18      0x1a0 build/src/main.o
                0x20010b18                main
 .text._Z11TaskControlv
                0x20010cb8      0x522 build/src/main.o
                0x20010cb8                TaskControl()
 .text._GLOBAL__sub_I_main.cpp
                0x200111da      0x268 build/src/main.o
 *fill*         0x20011442        0x6 
 .text._Z33myblockfunction_Drop_Down_Grab_Upv
                0x20011448      0x1d0 build/src/pin.o
                0x20011448                myblockfunction_Drop_Down_Grab_Up()
 .text._Z25myblockfunction_Drop_downv
                0x20011618      0x250 build/src/pin.o
                0x20011618                myblockfunction_Drop_down()
 .text._Z28myblockfunction_Grab_then_upv
                0x20011868      0x110 build/src/pin.o
                0x20011868                myblockfunction_Grab_then_up()
 .text._Z29myblockfunction_Flip_Pin_Overv
                0x20011978      0x290 build/src/pin.o
                0x20011978                myblockfunction_Flip_Pin_Over()
 .text._Z16Grab_Release_Pinv
                0x20011c08       0x7a build/src/pin.o
                0x20011c08                Grab_Release_Pin()
 *fill*         0x20011c82        0x6 
 .text._Z7TaskPinv
                0x20011c88      0x1e0 build/src/pin.o
                0x20011c88                TaskPin()
 .text._Z28myblockfunction_Grab_Beam_upv
                0x20011e68      0x168 build/src/beam.o
                0x20011e68                myblockfunction_Grab_Beam_up()
 .text._Z26myblockfunction_Place_beamv
                0x20011fd0      0x440 build/src/beam.o
                0x20011fd0                myblockfunction_Place_beam()
 .text._Z30myblockfunction_Drop_down_beamv
                0x20012410      0x1f0 build/src/beam.o
                0x20012410                myblockfunction_Drop_down_beam()
 .text._Z8TaskBeamv
                0x20012600      0x3c8 build/src/beam.o
                0x20012600                TaskBeam()
 .text._Z14TaskDriveTrainv
                0x200129c8      0x1e0 build/src/drive.o
                0x200129c8                TaskDriveTrain()
 .text.vexMain  0x20012ba8       0x60 c:\Users\napat\AppData\Roaming\Code\User\globalStorage\vexrobotics.vexcode\sdk\cpp\IQ2\IQ2_20250520_15_00_00/vexiq2\libviq2rt.a(iq2_startup.c.o)
                0x20012ba8                vexMain
 .text.__vex_function_prolog
                0x20012c08       0x10 c:\Users\napat\AppData\Roaming\Code\User\globalStorage\vexrobotics.vexcode\sdk\cpp\IQ2\IQ2_20250520_15_00_00/vexiq2\libviq2rt.a(iq2_startup.c.o)
                0x20012c08                __vex_function_prolog
 .text._init    0x20012c18        0x2 c:\Users\napat\AppData\Roaming\Code\User\globalStorage\vexrobotics.vexcode\sdk\cpp\IQ2\IQ2_20250520_15_00_00/vexiq2\libviq2rt.a(iq2_startup.c.o)
                0x20012c18                _init
 *fill*         0x20012c1a        0x2 
 .text._sbrk    0x20012c1c       0x38 c:\Users\napat\AppData\Roaming\Code\User\globalStorage\vexrobotics.vexcode\sdk\cpp\IQ2\IQ2_20250520_15_00_00/vexiq2\libviq2rt.a(iq2_startup.c.o)
                0x20012c1c                _sbrk
 .text.__cxa_atexit
                0x20012c54        0x4 c:\Users\napat\AppData\Roaming\Code\User\globalStorage\vexrobotics.vexcode\sdk\cpp\IQ2\IQ2_20250520_15_00_00/vexiq2\libviq2rt.a(iq2_startup.c.o)
                0x20012c54                __cxa_atexit
 .text.vexTaskAdd
                0x20012c58        0xc c:\Users\napat\AppData\Roaming\Code\User\globalStorage\vexrobotics.vexcode\sdk\cpp\IQ2\IQ2_20250520_15_00_00/vexiq2\libviq2rt.a(iq2_apijump.c.o)
                0x20012c58                vexTaskAdd
 .text.vexTaskCheckTimeslice
                0x20012c64        0xc c:\Users\napat\AppData\Roaming\Code\User\globalStorage\vexrobotics.vexcode\sdk\cpp\IQ2\IQ2_20250520_15_00_00/vexiq2\libviq2rt.a(iq2_apijump.c.o)
                0x20012c64                vexTaskCheckTimeslice
 .text.vexTaskSleep
                0x20012c70        0xc c:\Users\napat\AppData\Roaming\Code\User\globalStorage\vexrobotics.vexcode\sdk\cpp\IQ2\IQ2_20250520_15_00_00/vexiq2\libviq2rt.a(iq2_apijump.c.o)
                0x20012c70                vexTaskSleep
 .text.vexTasksDump
                0x20012c7c       0x18 c:\Users\napat\AppData\Roaming\Code\User\globalStorage\vexrobotics.vexcode\sdk\cpp\IQ2\IQ2_20250520_15_00_00/vexiq2\libviq2rt.a(iq2_apijump.c.o)
                0x20012c7c                vexTasksDump
 .text.vexTaskGetTaskIndex
                0x20012c94        0xc c:\Users\napat\AppData\Roaming\Code\User\globalStorage\vexrobotics.vexcode\sdk\cpp\IQ2\IQ2_20250520_15_00_00/vexiq2\libviq2rt.a(iq2_apijump.c.o)
                0x20012c94                vexTaskGetTaskIndex
 .text.vexTaskCompletionIdSet
                0x20012ca0        0xc c:\Users\napat\AppData\Roaming\Code\User\globalStorage\vexrobotics.vexcode\sdk\cpp\IQ2\IQ2_20250520_15_00_00/vexiq2\libviq2rt.a(iq2_apijump.c.o)
                0x20012ca0                vexTaskCompletionIdSet
 .text.vexCriticalSection
                0x20012cac        0xc c:\Users\napat\AppData\Roaming\Code\User\globalStorage\vexrobotics.vexcode\sdk\cpp\IQ2\IQ2_20250520_15_00_00/vexiq2\libviq2rt.a(iq2_apijump.c.o)
                0x20012cac                vexCriticalSection
 .text.vexDisplayContextSwitch
                0x20012cb8        0xc c:\Users\napat\AppData\Roaming\Code\User\globalStorage\vexrobotics.vexcode\sdk\cpp\IQ2\IQ2_20250520_15_00_00/vexiq2\libviq2rt.a(iq2_apijump.c.o)
                0x20012cb8                vexDisplayContextSwitch
 .text.vexEventAdd
                0x20012cc4       0x24 c:\Users\napat\AppData\Roaming\Code\User\globalStorage\vexrobotics.vexcode\sdk\cpp\IQ2\IQ2_20250520_15_00_00/vexiq2\libviq2rt.a(iq2_apijump.c.o)
                0x20012cc4                vexEventAdd
 .text.vexEventUserIndexGet
                0x20012ce8       0x18 c:\Users\napat\AppData\Roaming\Code\User\globalStorage\vexrobotics.vexcode\sdk\cpp\IQ2\IQ2_20250520_15_00_00/vexiq2\libviq2rt.a(iq2_apijump.c.o)
                0x20012ce8                vexEventUserIndexGet
 .text.vexDebug
                0x20012d00       0x2c c:\Users\napat\AppData\Roaming\Code\User\globalStorage\vexrobotics.vexcode\sdk\cpp\IQ2\IQ2_20250520_15_00_00/vexiq2\libviq2rt.a(iq2_apijump.c.o)
                0x20012d00                vexDebug
 .text.vex_sprintf
                0x20012d2c       0x30 c:\Users\napat\AppData\Roaming\Code\User\globalStorage\vexrobotics.vexcode\sdk\cpp\IQ2\IQ2_20250520_15_00_00/vexiq2\libviq2rt.a(iq2_apijump.c.o)
                0x20012d2c                vex_sprintf
 .text.vexSystemTimeGet
                0x20012d5c       0x18 c:\Users\napat\AppData\Roaming\Code\User\globalStorage\vexrobotics.vexcode\sdk\cpp\IQ2\IQ2_20250520_15_00_00/vexiq2\libviq2rt.a(iq2_apijump.c.o)
                0x20012d5c                vexSystemTimeGet
 .text.vexSystemExitRequest
                0x20012d74       0x18 c:\Users\napat\AppData\Roaming\Code\User\globalStorage\vexrobotics.vexcode\sdk\cpp\IQ2\IQ2_20250520_15_00_00/vexiq2\libviq2rt.a(iq2_apijump.c.o)
                0x20012d74                vexSystemExitRequest
 .text._write_user
                0x20012d8c       0x28 c:\Users\napat\AppData\Roaming\Code\User\globalStorage\vexrobotics.vexcode\sdk\cpp\IQ2\IQ2_20250520_15_00_00/vexiq2\libviq2rt.a(iq2_apijump.c.o)
                0x20012d8c                _write_user
 .text._read_user
                0x20012db4       0x28 c:\Users\napat\AppData\Roaming\Code\User\globalStorage\vexrobotics.vexcode\sdk\cpp\IQ2\IQ2_20250520_15_00_00/vexiq2\libviq2rt.a(iq2_apijump.c.o)
                0x20012db4                _read_user
 .text._close_user
                0x20012ddc       0x14 c:\Users\napat\AppData\Roaming\Code\User\globalStorage\vexrobotics.vexcode\sdk\cpp\IQ2\IQ2_20250520_15_00_00/vexiq2\libviq2rt.a(iq2_apijump.c.o)
                0x20012ddc                _close_user
 .text._lseek_user
                0x20012df0       0x28 c:\Users\napat\AppData\Roaming\Code\User\globalStorage\vexrobotics.vexcode\sdk\cpp\IQ2\IQ2_20250520_15_00_00/vexiq2\libviq2rt.a(iq2_apijump.c.o)
                0x20012df0                _lseek_user
 .text._fstat_user
                0x20012e18       0x1c c:\Users\napat\AppData\Roaming\Code\User\globalStorage\vexrobotics.vexcode\sdk\cpp\IQ2\IQ2_20250520_15_00_00/vexiq2\libviq2rt.a(iq2_apijump.c.o)
                0x20012e18                _fstat_user
 .text._isatty_user
                0x20012e34       0x18 c:\Users\napat\AppData\Roaming\Code\User\globalStorage\vexrobotics.vexcode\sdk\cpp\IQ2\IQ2_20250520_15_00_00/vexiq2\libviq2rt.a(iq2_apijump.c.o)
                0x20012e34                _isatty_user
 .text.vexDeviceGetByIndex
                0x20012e4c       0x1c c:\Users\napat\AppData\Roaming\Code\User\globalStorage\vexrobotics.vexcode\sdk\cpp\IQ2\IQ2_20250520_15_00_00/vexiq2\libviq2rt.a(iq2_apijump.c.o)
                0x20012e4c                vexDeviceGetByIndex
 .text.vexTouchledValueGet
                0x20012e68       0x1c c:\Users\napat\AppData\Roaming\Code\User\globalStorage\vexrobotics.vexcode\sdk\cpp\IQ2\IQ2_20250520_15_00_00/vexiq2\libviq2rt.a(iq2_apijump.c.o)
                0x20012e68                vexTouchledValueGet
 .text.vexTouchledRgbSet
                0x20012e84       0x2c c:\Users\napat\AppData\Roaming\Code\User\globalStorage\vexrobotics.vexcode\sdk\cpp\IQ2\IQ2_20250520_15_00_00/vexiq2\libviq2rt.a(iq2_apijump.c.o)
                0x20012e84                vexTouchledRgbSet
 .text.vexTouchledOn
                0x20012eb0       0x1c c:\Users\napat\AppData\Roaming\Code\User\globalStorage\vexrobotics.vexcode\sdk\cpp\IQ2\IQ2_20250520_15_00_00/vexiq2\libviq2rt.a(iq2_apijump.c.o)
                0x20012eb0                vexTouchledOn
 .text.vexTouchledBrightnessSet
                0x20012ecc       0x20 c:\Users\napat\AppData\Roaming\Code\User\globalStorage\vexrobotics.vexcode\sdk\cpp\IQ2\IQ2_20250520_15_00_00/vexiq2\libviq2rt.a(iq2_apijump.c.o)
                0x20012ecc                vexTouchledBrightnessSet
 .text.vexMotorVelocitySet
                0x20012eec       0x20 c:\Users\napat\AppData\Roaming\Code\User\globalStorage\vexrobotics.vexcode\sdk\cpp\IQ2\IQ2_20250520_15_00_00/vexiq2\libviq2rt.a(iq2_apijump.c.o)
                0x20012eec                vexMotorVelocitySet
 .text.vexMotorActualVelocityGet
                0x20012f0c       0x1c c:\Users\napat\AppData\Roaming\Code\User\globalStorage\vexrobotics.vexcode\sdk\cpp\IQ2\IQ2_20250520_15_00_00/vexiq2\libviq2rt.a(iq2_apijump.c.o)
                0x20012f0c                vexMotorActualVelocityGet
 .text.vexMotorModeGet
                0x20012f28       0x1c c:\Users\napat\AppData\Roaming\Code\User\globalStorage\vexrobotics.vexcode\sdk\cpp\IQ2\IQ2_20250520_15_00_00/vexiq2\libviq2rt.a(iq2_apijump.c.o)
                0x20012f28                vexMotorModeGet
 .text.vexMotorCurrentLimitSet
                0x20012f44       0x20 c:\Users\napat\AppData\Roaming\Code\User\globalStorage\vexrobotics.vexcode\sdk\cpp\IQ2\IQ2_20250520_15_00_00/vexiq2\libviq2rt.a(iq2_apijump.c.o)
                0x20012f44                vexMotorCurrentLimitSet
 .text.vexMotorZeroPositionFlagGet
                0x20012f64       0x1c c:\Users\napat\AppData\Roaming\Code\User\globalStorage\vexrobotics.vexcode\sdk\cpp\IQ2\IQ2_20250520_15_00_00/vexiq2\libviq2rt.a(iq2_apijump.c.o)
                0x20012f64                vexMotorZeroPositionFlagGet
 .text.vexMotorReverseFlagSet
                0x20012f80       0x20 c:\Users\napat\AppData\Roaming\Code\User\globalStorage\vexrobotics.vexcode\sdk\cpp\IQ2\IQ2_20250520_15_00_00/vexiq2\libviq2rt.a(iq2_apijump.c.o)
                0x20012f80                vexMotorReverseFlagSet
 .text.vexMotorEncoderUnitsSet
                0x20012fa0       0x20 c:\Users\napat\AppData\Roaming\Code\User\globalStorage\vexrobotics.vexcode\sdk\cpp\IQ2\IQ2_20250520_15_00_00/vexiq2\libviq2rt.a(iq2_apijump.c.o)
                0x20012fa0                vexMotorEncoderUnitsSet
 .text.vexMotorBrakeModeSet
                0x20012fc0       0x20 c:\Users\napat\AppData\Roaming\Code\User\globalStorage\vexrobotics.vexcode\sdk\cpp\IQ2\IQ2_20250520_15_00_00/vexiq2\libviq2rt.a(iq2_apijump.c.o)
                0x20012fc0                vexMotorBrakeModeSet
 .text.vexMotorPositionSet
                0x20012fe0       0x34 c:\Users\napat\AppData\Roaming\Code\User\globalStorage\vexrobotics.vexcode\sdk\cpp\IQ2\IQ2_20250520_15_00_00/vexiq2\libviq2rt.a(iq2_apijump.c.o)
                0x20012fe0                vexMotorPositionSet
 .text.vexMotorRelativeTargetSet
                0x20013014       0x38 c:\Users\napat\AppData\Roaming\Code\User\globalStorage\vexrobotics.vexcode\sdk\cpp\IQ2\IQ2_20250520_15_00_00/vexiq2\libviq2rt.a(iq2_apijump.c.o)
                0x20013014                vexMotorRelativeTargetSet
 .text.vexDistanceDistanceGet
                0x2001304c       0x1c c:\Users\napat\AppData\Roaming\Code\User\globalStorage\vexrobotics.vexcode\sdk\cpp\IQ2\IQ2_20250520_15_00_00/vexiq2\libviq2rt.a(iq2_apijump.c.o)
                0x2001304c                vexDistanceDistanceGet
 .text.vexSoundPlay
                0x20013068       0x20 c:\Users\napat\AppData\Roaming\Code\User\globalStorage\vexrobotics.vexcode\sdk\cpp\IQ2\IQ2_20250520_15_00_00/vexiq2\libviq2rt.a(iq2_apijump.c.o)
                0x20013068                vexSoundPlay
 .text.vexPneumaticCompressorSet
                0x20013088       0x20 c:\Users\napat\AppData\Roaming\Code\User\globalStorage\vexrobotics.vexcode\sdk\cpp\IQ2\IQ2_20250520_15_00_00/vexiq2\libviq2rt.a(iq2_apijump.c.o)
                0x20013088                vexPneumaticCompressorSet
 .text.vexPneumaticCylinderSet
                0x200130a8       0x24 c:\Users\napat\AppData\Roaming\Code\User\globalStorage\vexrobotics.vexcode\sdk\cpp\IQ2\IQ2_20250520_15_00_00/vexiq2\libviq2rt.a(iq2_apijump.c.o)
                0x200130a8                vexPneumaticCylinderSet
 .text.vexDisplayForegroundColor
                0x200130cc       0x1c c:\Users\napat\AppData\Roaming\Code\User\globalStorage\vexrobotics.vexcode\sdk\cpp\IQ2\IQ2_20250520_15_00_00/vexiq2\libviq2rt.a(iq2_apijump.c.o)
                0x200130cc                vexDisplayForegroundColor
 .text.vexDisplayBackgroundColor
                0x200130e8       0x1c c:\Users\napat\AppData\Roaming\Code\User\globalStorage\vexrobotics.vexcode\sdk\cpp\IQ2\IQ2_20250520_15_00_00/vexiq2\libviq2rt.a(iq2_apijump.c.o)
                0x200130e8                vexDisplayBackgroundColor
 .text.vexDisplayTextSize
                0x20013104       0x20 c:\Users\napat\AppData\Roaming\Code\User\globalStorage\vexrobotics.vexcode\sdk\cpp\IQ2\IQ2_20250520_15_00_00/vexiq2\libviq2rt.a(iq2_apijump.c.o)
                0x20013104                vexDisplayTextSize
 .text.vexDisplayFontNamedSet
                0x20013124       0x1c c:\Users\napat\AppData\Roaming\Code\User\globalStorage\vexrobotics.vexcode\sdk\cpp\IQ2\IQ2_20250520_15_00_00/vexiq2\libviq2rt.a(iq2_apijump.c.o)
                0x20013124                vexDisplayFontNamedSet
 .text.vexControllerGet
                0x20013140       0x20 c:\Users\napat\AppData\Roaming\Code\User\globalStorage\vexrobotics.vexcode\sdk\cpp\IQ2\IQ2_20250520_15_00_00/vexiq2\libviq2rt.a(iq2_apijump.c.o)
                0x20013140                vexControllerGet
 .text._ZN3vex4waitEdNS_9timeUnitsE
                0x20013160       0x3c c:\Users\napat\AppData\Roaming\Code\User\globalStorage\vexrobotics.vexcode\sdk\cpp\IQ2\IQ2_20250520_15_00_00/vexiq2\libviq2rt.a(vex_global.cpp.o)
                0x20013160                vex::wait(double, vex::timeUnits)
 .text._ZN3vex5colorD2Ev
                0x2001319c        0x2 c:\Users\napat\AppData\Roaming\Code\User\globalStorage\vexrobotics.vexcode\sdk\cpp\IQ2\IQ2_20250520_15_00_00/vexiq2\libviq2rt.a(vex_color.cpp.o)
                0x2001319c                vex::color::~color()
                0x2001319c                vex::color::~color()
 .text._ZNK3vex5color3rgbEv
                0x2001319e        0x4 c:\Users\napat\AppData\Roaming\Code\User\globalStorage\vexrobotics.vexcode\sdk\cpp\IQ2\IQ2_20250520_15_00_00/vexiq2\libviq2rt.a(vex_color.cpp.o)
                0x2001319e                vex::color::rgb() const
 *fill*         0x200131a2        0x2 
 .text.startup._GLOBAL__sub_I__ZN3vex5color5blackE
                0x200131a4      0x18c c:\Users\napat\AppData\Roaming\Code\User\globalStorage\vexrobotics.vexcode\sdk\cpp\IQ2\IQ2_20250520_15_00_00/vexiq2\libviq2rt.a(vex_color.cpp.o)
 .text._ZN3vex4taskC2EPFivE
                0x20013330       0x38 c:\Users\napat\AppData\Roaming\Code\User\globalStorage\vexrobotics.vexcode\sdk\cpp\IQ2\IQ2_20250520_15_00_00/vexiq2\libviq2rt.a(vex_task.cpp.o)
                0x20013330                vex::task::task(int (*)())
                0x20013330                vex::task::task(int (*)())
 .text._ZN3vex4taskD2Ev
                0x20013368        0x2 c:\Users\napat\AppData\Roaming\Code\User\globalStorage\vexrobotics.vexcode\sdk\cpp\IQ2\IQ2_20250520_15_00_00/vexiq2\libviq2rt.a(vex_task.cpp.o)
                0x20013368                vex::task::~task()
                0x20013368                vex::task::~task()
 .text._ZN3vex11this_thread9sleep_forEm
                0x2001336a        0x4 c:\Users\napat\AppData\Roaming\Code\User\globalStorage\vexrobotics.vexcode\sdk\cpp\IQ2\IQ2_20250520_15_00_00/vexiq2\libviq2rt.a(vex_thread.cpp.o)
                0x2001336a                vex::this_thread::sleep_for(unsigned long)
 .text._ZN3vex5brainD2Ev
                0x2001336e        0xe c:\Users\napat\AppData\Roaming\Code\User\globalStorage\vexrobotics.vexcode\sdk\cpp\IQ2\IQ2_20250520_15_00_00/vexiq2\libviq2rt.a(vex_brain.cpp.o)
                0x2001336e                vex::brain::~brain()
                0x2001336e                vex::brain::~brain()
 .text._ZN3vex5brain3lcd9setCursorEll
                0x2001337c       0x40 c:\Users\napat\AppData\Roaming\Code\User\globalStorage\vexrobotics.vexcode\sdk\cpp\IQ2\IQ2_20250520_15_00_00/vexiq2\libviq2rt.a(vex_brain.cpp.o)
                0x2001337c                vex::brain::lcd::setCursor(long, long)
 .text._ZN3vex5brain3lcd7setFontENS_8fontTypeE
                0x200133bc      0x144 c:\Users\napat\AppData\Roaming\Code\User\globalStorage\vexrobotics.vexcode\sdk\cpp\IQ2\IQ2_20250520_15_00_00/vexiq2\libviq2rt.a(vex_brain.cpp.o)
                0x200133bc                vex::brain::lcd::setFont(vex::fontType)
 .text._ZN3vex5brain3lcdC2Ev
                0x20013500       0x34 c:\Users\napat\AppData\Roaming\Code\User\globalStorage\vexrobotics.vexcode\sdk\cpp\IQ2\IQ2_20250520_15_00_00/vexiq2\libviq2rt.a(vex_brain.cpp.o)
                0x20013500                vex::brain::lcd::lcd()
                0x20013500                vex::brain::lcd::lcd()
 .text._ZN3vex5brainC2Ev
                0x20013534       0x32 c:\Users\napat\AppData\Roaming\Code\User\globalStorage\vexrobotics.vexcode\sdk\cpp\IQ2\IQ2_20250520_15_00_00/vexiq2\libviq2rt.a(vex_brain.cpp.o)
                0x20013534                vex::brain::brain()
                0x20013534                vex::brain::brain()
 *fill*         0x20013566        0x2 
 .text._ZN3vex5brain9playSoundENS_9soundTypeE
                0x20013568       0x14 c:\Users\napat\AppData\Roaming\Code\User\globalStorage\vexrobotics.vexcode\sdk\cpp\IQ2\IQ2_20250520_15_00_00/vexiq2\libviq2rt.a(vex_brain.cpp.o)
                0x20013568                vex::brain::playSound(vex::soundType)
 .text._ZN3vex5brain11programStopEv
                0x2001357c        0x4 c:\Users\napat\AppData\Roaming\Code\User\globalStorage\vexrobotics.vexcode\sdk\cpp\IQ2\IQ2_20250520_15_00_00/vexiq2\libviq2rt.a(vex_brain.cpp.o)
                0x2001357c                vex::brain::programStop()
 .text._ZN3vex5timerD2Ev
                0x20013580        0x2 c:\Users\napat\AppData\Roaming\Code\User\globalStorage\vexrobotics.vexcode\sdk\cpp\IQ2\IQ2_20250520_15_00_00/vexiq2\libviq2rt.a(vex_timer.cpp.o)
                0x20013580                vex::timer::~timer()
                0x20013580                vex::timer::~timer()
 .text._ZN3vex5timer5clearEv
                0x20013582       0x10 c:\Users\napat\AppData\Roaming\Code\User\globalStorage\vexrobotics.vexcode\sdk\cpp\IQ2\IQ2_20250520_15_00_00/vexiq2\libviq2rt.a(vex_timer.cpp.o)
                0x20013582                vex::timer::clear()
 .text._ZN3vex5timerC2Ev
                0x20013592        0xc c:\Users\napat\AppData\Roaming\Code\User\globalStorage\vexrobotics.vexcode\sdk\cpp\IQ2\IQ2_20250520_15_00_00/vexiq2\libviq2rt.a(vex_timer.cpp.o)
                0x20013592                vex::timer::timer()
                0x20013592                vex::timer::timer()
 .text._ZN3vex5timer5resetEv
                0x2001359e        0x4 c:\Users\napat\AppData\Roaming\Code\User\globalStorage\vexrobotics.vexcode\sdk\cpp\IQ2\IQ2_20250520_15_00_00/vexiq2\libviq2rt.a(vex_timer.cpp.o)
                0x2001359e                vex::timer::reset()
 *fill*         0x200135a2        0x2 
 .text._ZNK3vex5timer4timeENS_9timeUnitsE
                0x200135a4       0x30 c:\Users\napat\AppData\Roaming\Code\User\globalStorage\vexrobotics.vexcode\sdk\cpp\IQ2\IQ2_20250520_15_00_00/vexiq2\libviq2rt.a(vex_timer.cpp.o)
                0x200135a4                vex::timer::time(vex::timeUnits) const
 .text._ZNK3vex5timer5valueEv
                0x200135d4        0x6 c:\Users\napat\AppData\Roaming\Code\User\globalStorage\vexrobotics.vexcode\sdk\cpp\IQ2\IQ2_20250520_15_00_00/vexiq2\libviq2rt.a(vex_timer.cpp.o)
                0x200135d4                vex::timer::value() const
 .text._ZN3vex5motor9installedEv
                0x200135da        0xe c:\Users\napat\AppData\Roaming\Code\User\globalStorage\vexrobotics.vexcode\sdk\cpp\IQ2\IQ2_20250520_15_00_00/vexiq2\libviq2rt.a(vex_motor.cpp.o)
                0x200135da                vex::motor::installed()
 .text._ZN3vex5motorD2Ev
                0x200135e8       0x14 c:\Users\napat\AppData\Roaming\Code\User\globalStorage\vexrobotics.vexcode\sdk\cpp\IQ2\IQ2_20250520_15_00_00/vexiq2\libviq2rt.a(vex_motor.cpp.o)
                0x200135e8                vex::motor::~motor()
                0x200135e8                vex::motor::~motor()
 .text._ZN3vex5motor15defaultStoppingENS_9brakeTypeE
                0x200135fc       0x1a c:\Users\napat\AppData\Roaming\Code\User\globalStorage\vexrobotics.vexcode\sdk\cpp\IQ2\IQ2_20250520_15_00_00/vexiq2\libviq2rt.a(vex_motor.cpp.o)
                0x200135fc                vex::motor::defaultStopping(vex::brakeType)
 .text._ZN3vex5motor11setStoppingENS_9brakeTypeE
                0x20013616        0x4 c:\Users\napat\AppData\Roaming\Code\User\globalStorage\vexrobotics.vexcode\sdk\cpp\IQ2\IQ2_20250520_15_00_00/vexiq2\libviq2rt.a(vex_motor.cpp.o)
                0x20013616                vex::motor::setStopping(vex::brakeType)
 *fill*         0x2001361a        0x6 
 .text._ZN3vex5motorC2El
                0x20013620       0x60 c:\Users\napat\AppData\Roaming\Code\User\globalStorage\vexrobotics.vexcode\sdk\cpp\IQ2\IQ2_20250520_15_00_00/vexiq2\libviq2rt.a(vex_motor.cpp.o)
                0x20013620                vex::motor::motor(long)
                0x20013620                vex::motor::motor(long)
 .text._ZN3vex5motorC2Elb
                0x20013680       0x16 c:\Users\napat\AppData\Roaming\Code\User\globalStorage\vexrobotics.vexcode\sdk\cpp\IQ2\IQ2_20250520_15_00_00/vexiq2\libviq2rt.a(vex_motor.cpp.o)
                0x20013680                vex::motor::motor(long, bool)
                0x20013680                vex::motor::motor(long, bool)
 *fill*         0x20013696        0x2 
 .text._ZN3vex5motor10setTimeoutElNS_9timeUnitsE
                0x20013698       0x2c c:\Users\napat\AppData\Roaming\Code\User\globalStorage\vexrobotics.vexcode\sdk\cpp\IQ2\IQ2_20250520_15_00_00/vexiq2\libviq2rt.a(vex_motor.cpp.o)
                0x20013698                vex::motor::setTimeout(long, vex::timeUnits)
 .text._ZN3vex5motor14isSpinningModeEv
                0x200136c4       0x16 c:\Users\napat\AppData\Roaming\Code\User\globalStorage\vexrobotics.vexcode\sdk\cpp\IQ2\IQ2_20250520_15_00_00/vexiq2\libviq2rt.a(vex_motor.cpp.o)
                0x200136c4                vex::motor::isSpinningMode()
 .text._ZN3vex5motor10isSpinningEv
                0x200136da       0x20 c:\Users\napat\AppData\Roaming\Code\User\globalStorage\vexrobotics.vexcode\sdk\cpp\IQ2\IQ2_20250520_15_00_00/vexiq2\libviq2rt.a(vex_motor.cpp.o)
                0x200136da                vex::motor::isSpinning()
 .text._ZN3vex5motor4stopENS_9brakeTypeE
                0x200136fa       0x1e c:\Users\napat\AppData\Roaming\Code\User\globalStorage\vexrobotics.vexcode\sdk\cpp\IQ2\IQ2_20250520_15_00_00/vexiq2\libviq2rt.a(vex_motor.cpp.o)
                0x200136fa                vex::motor::stop(vex::brakeType)
 .text._ZN3vex5motor4stopEv
                0x20013718        0x6 c:\Users\napat\AppData\Roaming\Code\User\globalStorage\vexrobotics.vexcode\sdk\cpp\IQ2\IQ2_20250520_15_00_00/vexiq2\libviq2rt.a(vex_motor.cpp.o)
                0x20013718                vex::motor::stop()
 *fill*         0x2001371e        0x2 
 .text._ZN3vex5motor12setMaxTorqueEdNS_12percentUnitsE
                0x20013720       0x98 c:\Users\napat\AppData\Roaming\Code\User\globalStorage\vexrobotics.vexcode\sdk\cpp\IQ2\IQ2_20250520_15_00_00/vexiq2\libviq2rt.a(vex_motor.cpp.o)
                0x20013720                vex::motor::setMaxTorque(double, vex::percentUnits)
 .text._ZN3vex5motor16velocityToScaledEdNS_13velocityUnitsE
                0x200137b8       0x70 c:\Users\napat\AppData\Roaming\Code\User\globalStorage\vexrobotics.vexcode\sdk\cpp\IQ2\IQ2_20250520_15_00_00/vexiq2\libviq2rt.a(vex_motor.cpp.o)
                0x200137b8                vex::motor::velocityToScaled(double, vex::velocityUnits)
 .text._ZN3vex5motor8velocityENS_13velocityUnitsE
                0x20013828       0x18 c:\Users\napat\AppData\Roaming\Code\User\globalStorage\vexrobotics.vexcode\sdk\cpp\IQ2\IQ2_20250520_15_00_00/vexiq2\libviq2rt.a(vex_motor.cpp.o)
                0x20013828                vex::motor::velocity(vex::velocityUnits)
 .text._ZN3vex5motor5valueEv
                0x20013840       0x12 c:\Users\napat\AppData\Roaming\Code\User\globalStorage\vexrobotics.vexcode\sdk\cpp\IQ2\IQ2_20250520_15_00_00/vexiq2\libviq2rt.a(vex_motor.cpp.o)
                0x20013840                vex::motor::value()
 *fill*         0x20013852        0x6 
 .text._ZN3vex5motor16scaledToVelocityEdNS_13velocityUnitsE
                0x20013858       0x74 c:\Users\napat\AppData\Roaming\Code\User\globalStorage\vexrobotics.vexcode\sdk\cpp\IQ2\IQ2_20250520_15_00_00/vexiq2\libviq2rt.a(vex_motor.cpp.o)
                0x20013858                vex::motor::scaledToVelocity(double, vex::velocityUnits)
 .text._ZN3vex5motor4spinENS_13directionTypeEdNS_13velocityUnitsE
                0x200138cc       0x32 c:\Users\napat\AppData\Roaming\Code\User\globalStorage\vexrobotics.vexcode\sdk\cpp\IQ2\IQ2_20250520_15_00_00/vexiq2\libviq2rt.a(vex_motor.cpp.o)
                0x200138cc                vex::motor::spin(vex::directionType, double, vex::velocityUnits)
 .text._ZN3vex5motor4spinENS_13directionTypeE
                0x200138fe       0x1e c:\Users\napat\AppData\Roaming\Code\User\globalStorage\vexrobotics.vexcode\sdk\cpp\IQ2\IQ2_20250520_15_00_00/vexiq2\libviq2rt.a(vex_motor.cpp.o)
                0x200138fe                vex::motor::spin(vex::directionType)
 .text._ZN3vex5motor11setVelocityEdNS_13velocityUnitsE
                0x2001391c       0x54 c:\Users\napat\AppData\Roaming\Code\User\globalStorage\vexrobotics.vexcode\sdk\cpp\IQ2\IQ2_20250520_15_00_00/vexiq2\libviq2rt.a(vex_motor.cpp.o)
                0x2001391c                vex::motor::setVelocity(double, vex::velocityUnits)
 .text._ZN3vex5motor16setRotationUnitsENS_13rotationUnitsE
                0x20013970       0x12 c:\Users\napat\AppData\Roaming\Code\User\globalStorage\vexrobotics.vexcode\sdk\cpp\IQ2\IQ2_20250520_15_00_00/vexiq2\libviq2rt.a(vex_motor.cpp.o)
                0x20013970                vex::motor::setRotationUnits(vex::rotationUnits)
 .text._ZN3vex5motor11setPositionEdNS_13rotationUnitsE
                0x20013982       0x3e c:\Users\napat\AppData\Roaming\Code\User\globalStorage\vexrobotics.vexcode\sdk\cpp\IQ2\IQ2_20250520_15_00_00/vexiq2\libviq2rt.a(vex_motor.cpp.o)
                0x20013982                vex::motor::setPosition(double, vex::rotationUnits)
 .text._ZN3vex5motor7spinForEdNS_13rotationUnitsEdNS_13velocityUnitsEb
                0x200139c0       0xe0 c:\Users\napat\AppData\Roaming\Code\User\globalStorage\vexrobotics.vexcode\sdk\cpp\IQ2\IQ2_20250520_15_00_00/vexiq2\libviq2rt.a(vex_motor.cpp.o)
                0x200139c0                vex::motor::spinFor(double, vex::rotationUnits, double, vex::velocityUnits, bool)
 .text._ZN3vex5motor7spinForENS_13directionTypeEdNS_13rotationUnitsEb
                0x20013aa0       0x40 c:\Users\napat\AppData\Roaming\Code\User\globalStorage\vexrobotics.vexcode\sdk\cpp\IQ2\IQ2_20250520_15_00_00/vexiq2\libviq2rt.a(vex_motor.cpp.o)
                0x20013aa0                vex::motor::spinFor(vex::directionType, double, vex::rotationUnits, bool)
 .text._ZN3vex8touchled9installedEv
                0x20013ae0        0xe c:\Users\napat\AppData\Roaming\Code\User\globalStorage\vexrobotics.vexcode\sdk\cpp\IQ2\IQ2_20250520_15_00_00/vexiq2\libviq2rt.a(vex_touchled.cpp.o)
                0x20013ae0                vex::touchled::installed()
 *fill*         0x20013aee        0x2 
 .text._ZN3vex8touchledC2El
                0x20013af0       0x28 c:\Users\napat\AppData\Roaming\Code\User\globalStorage\vexrobotics.vexcode\sdk\cpp\IQ2\IQ2_20250520_15_00_00/vexiq2\libviq2rt.a(vex_touchled.cpp.o)
                0x20013af0                vex::touchled::touchled(long)
                0x20013af0                vex::touchled::touchled(long)
 .text._ZN3vex8touchledD2Ev
                0x20013b18       0x14 c:\Users\napat\AppData\Roaming\Code\User\globalStorage\vexrobotics.vexcode\sdk\cpp\IQ2\IQ2_20250520_15_00_00/vexiq2\libviq2rt.a(vex_touchled.cpp.o)
                0x20013b18                vex::touchled::~touchled()
                0x20013b18                vex::touchled::~touchled()
 .text._ZN3vex8touchled8pressingEv
                0x20013b2c       0x10 c:\Users\napat\AppData\Roaming\Code\User\globalStorage\vexrobotics.vexcode\sdk\cpp\IQ2\IQ2_20250520_15_00_00/vexiq2\libviq2rt.a(vex_touchled.cpp.o)
                0x20013b2c                vex::touchled::pressing()
 .text._ZN3vex8touchled5valueEv
                0x20013b3c        0x8 c:\Users\napat\AppData\Roaming\Code\User\globalStorage\vexrobotics.vexcode\sdk\cpp\IQ2\IQ2_20250520_15_00_00/vexiq2\libviq2rt.a(vex_touchled.cpp.o)
                0x20013b3c                vex::touchled::value()
 .text._ZN3vex8touchled14_setBrightnessEm
                0x20013b44       0x22 c:\Users\napat\AppData\Roaming\Code\User\globalStorage\vexrobotics.vexcode\sdk\cpp\IQ2\IQ2_20250520_15_00_00/vexiq2\libviq2rt.a(vex_touchled.cpp.o)
                0x20013b44                vex::touchled::_setBrightness(unsigned long)
 .text._ZN3vex8touchled9_setColorEm
                0x20013b66       0x2c c:\Users\napat\AppData\Roaming\Code\User\globalStorage\vexrobotics.vexcode\sdk\cpp\IQ2\IQ2_20250520_15_00_00/vexiq2\libviq2rt.a(vex_touchled.cpp.o)
                0x20013b66                vex::touchled::_setColor(unsigned long)
 .text._ZN3vex8touchled8setColorENS_5colorE
                0x20013b92       0x2e c:\Users\napat\AppData\Roaming\Code\User\globalStorage\vexrobotics.vexcode\sdk\cpp\IQ2\IQ2_20250520_15_00_00/vexiq2\libviq2rt.a(vex_touchled.cpp.o)
                0x20013b92                vex::touchled::setColor(vex::color)
 .text._ZN3vex8distance9installedEv
                0x20013bc0       0x10 c:\Users\napat\AppData\Roaming\Code\User\globalStorage\vexrobotics.vexcode\sdk\cpp\IQ2\IQ2_20250520_15_00_00/vexiq2\libviq2rt.a(vex_distance.cpp.o)
                0x20013bc0                vex::distance::installed()
 .text._ZN3vex8distance5valueEv
                0x20013bd0        0x6 c:\Users\napat\AppData\Roaming\Code\User\globalStorage\vexrobotics.vexcode\sdk\cpp\IQ2\IQ2_20250520_15_00_00/vexiq2\libviq2rt.a(vex_distance.cpp.o)
                0x20013bd0                vex::distance::value()
 *fill*         0x20013bd6        0x2 
 .text._ZN3vex8distanceC2El
                0x20013bd8       0x14 c:\Users\napat\AppData\Roaming\Code\User\globalStorage\vexrobotics.vexcode\sdk\cpp\IQ2\IQ2_20250520_15_00_00/vexiq2\libviq2rt.a(vex_distance.cpp.o)
                0x20013bd8                vex::distance::distance(long)
                0x20013bd8                vex::distance::distance(long)
 .text._ZN3vex8distanceD2Ev
                0x20013bec       0x14 c:\Users\napat\AppData\Roaming\Code\User\globalStorage\vexrobotics.vexcode\sdk\cpp\IQ2\IQ2_20250520_15_00_00/vexiq2\libviq2rt.a(vex_distance.cpp.o)
                0x20013bec                vex::distance::~distance()
                0x20013bec                vex::distance::~distance()
 .text._ZN3vex9pneumatic9installedEv
                0x20013c00       0x10 c:\Users\napat\AppData\Roaming\Code\User\globalStorage\vexrobotics.vexcode\sdk\cpp\IQ2\IQ2_20250520_15_00_00/vexiq2\libviq2rt.a(vex_pneumatic.cpp.o)
                0x20013c00                vex::pneumatic::installed()
 .text._ZN3vex9pneumaticC2Elb
                0x20013c10       0x24 c:\Users\napat\AppData\Roaming\Code\User\globalStorage\vexrobotics.vexcode\sdk\cpp\IQ2\IQ2_20250520_15_00_00/vexiq2\libviq2rt.a(vex_pneumatic.cpp.o)
                0x20013c10                vex::pneumatic::pneumatic(long, bool)
                0x20013c10                vex::pneumatic::pneumatic(long, bool)
 .text._ZN3vex9pneumaticD2Ev
                0x20013c34       0x14 c:\Users\napat\AppData\Roaming\Code\User\globalStorage\vexrobotics.vexcode\sdk\cpp\IQ2\IQ2_20250520_15_00_00/vexiq2\libviq2rt.a(vex_pneumatic.cpp.o)
                0x20013c34                vex::pneumatic::~pneumatic()
                0x20013c34                vex::pneumatic::~pneumatic()
 .text._ZN3vex9pneumatic6extendENS_12cylinderTypeE
                0x20013c48        0x8 c:\Users\napat\AppData\Roaming\Code\User\globalStorage\vexrobotics.vexcode\sdk\cpp\IQ2\IQ2_20250520_15_00_00/vexiq2\libviq2rt.a(vex_pneumatic.cpp.o)
                0x20013c48                vex::pneumatic::extend(vex::cylinderType)
 .text._ZN3vex9pneumatic7retractENS_12cylinderTypeE
                0x20013c50        0x8 c:\Users\napat\AppData\Roaming\Code\User\globalStorage\vexrobotics.vexcode\sdk\cpp\IQ2\IQ2_20250520_15_00_00/vexiq2\libviq2rt.a(vex_pneumatic.cpp.o)
                0x20013c50                vex::pneumatic::retract(vex::cylinderType)
 .text._ZN3vex9pneumatic6pumpOnEv
                0x20013c58        0x8 c:\Users\napat\AppData\Roaming\Code\User\globalStorage\vexrobotics.vexcode\sdk\cpp\IQ2\IQ2_20250520_15_00_00/vexiq2\libviq2rt.a(vex_pneumatic.cpp.o)
                0x20013c58                vex::pneumatic::pumpOn()
 .text._ZN3vex11motor_group18motor_group_motorsC2Ev
                0x20013c60       0x18 c:\Users\napat\AppData\Roaming\Code\User\globalStorage\vexrobotics.vexcode\sdk\cpp\IQ2\IQ2_20250520_15_00_00/vexiq2\libviq2rt.a(vex_motorgroup.cpp.o)
                0x20013c60                vex::motor_group::motor_group_motors::motor_group_motors()
                0x20013c60                vex::motor_group::motor_group_motors::motor_group_motors()
 .text._ZN3vex11motor_groupC2Ev
                0x20013c78       0x14 c:\Users\napat\AppData\Roaming\Code\User\globalStorage\vexrobotics.vexcode\sdk\cpp\IQ2\IQ2_20250520_15_00_00/vexiq2\libviq2rt.a(vex_motorgroup.cpp.o)
                0x20013c78                vex::motor_group::motor_group()
                0x20013c78                vex::motor_group::motor_group()
 .text._ZN3vex11motor_groupD2Ev
                0x20013c8c        0x2 c:\Users\napat\AppData\Roaming\Code\User\globalStorage\vexrobotics.vexcode\sdk\cpp\IQ2\IQ2_20250520_15_00_00/vexiq2\libviq2rt.a(vex_motorgroup.cpp.o)
                0x20013c8c                vex::motor_group::~motor_group()
                0x20013c8c                vex::motor_group::~motor_group()
 .text._ZN3vex11motor_group9_addMotorERNS_5motorE
                0x20013c8e       0x14 c:\Users\napat\AppData\Roaming\Code\User\globalStorage\vexrobotics.vexcode\sdk\cpp\IQ2\IQ2_20250520_15_00_00/vexiq2\libviq2rt.a(vex_motorgroup.cpp.o)
                0x20013c8e                vex::motor_group::_addMotor(vex::motor&)
 .text._ZN3vex11motor_group11setVelocityEdNS_13velocityUnitsE
                0x20013ca2       0x3a c:\Users\napat\AppData\Roaming\Code\User\globalStorage\vexrobotics.vexcode\sdk\cpp\IQ2\IQ2_20250520_15_00_00/vexiq2\libviq2rt.a(vex_motorgroup.cpp.o)
                0x20013ca2                vex::motor_group::setVelocity(double, vex::velocityUnits)
 .text._ZN3vex11motor_group11setStoppingENS_9brakeTypeE
                0x20013cdc       0x22 c:\Users\napat\AppData\Roaming\Code\User\globalStorage\vexrobotics.vexcode\sdk\cpp\IQ2\IQ2_20250520_15_00_00/vexiq2\libviq2rt.a(vex_motorgroup.cpp.o)
                0x20013cdc                vex::motor_group::setStopping(vex::brakeType)
 .text._ZN3vex11motor_group11setPositionEdNS_13rotationUnitsE
                0x20013cfe       0x3a c:\Users\napat\AppData\Roaming\Code\User\globalStorage\vexrobotics.vexcode\sdk\cpp\IQ2\IQ2_20250520_15_00_00/vexiq2\libviq2rt.a(vex_motorgroup.cpp.o)
                0x20013cfe                vex::motor_group::setPosition(double, vex::rotationUnits)
 .text._ZN3vex11motor_group10setTimeoutElNS_9timeUnitsE
                0x20013d38       0x50 c:\Users\napat\AppData\Roaming\Code\User\globalStorage\vexrobotics.vexcode\sdk\cpp\IQ2\IQ2_20250520_15_00_00/vexiq2\libviq2rt.a(vex_motorgroup.cpp.o)
                0x20013d38                vex::motor_group::setTimeout(long, vex::timeUnits)
 .text._ZN3vex11motor_group4spinENS_13directionTypeE
                0x20013d88       0x22 c:\Users\napat\AppData\Roaming\Code\User\globalStorage\vexrobotics.vexcode\sdk\cpp\IQ2\IQ2_20250520_15_00_00/vexiq2\libviq2rt.a(vex_motorgroup.cpp.o)
                0x20013d88                vex::motor_group::spin(vex::directionType)
 .text._ZN3vex11motor_group10isSpinningEv
                0x20013daa       0x26 c:\Users\napat\AppData\Roaming\Code\User\globalStorage\vexrobotics.vexcode\sdk\cpp\IQ2\IQ2_20250520_15_00_00/vexiq2\libviq2rt.a(vex_motorgroup.cpp.o)
                0x20013daa                vex::motor_group::isSpinning()
 .text._ZN3vex11motor_group6isDoneEv
                0x20013dd0        0xe c:\Users\napat\AppData\Roaming\Code\User\globalStorage\vexrobotics.vexcode\sdk\cpp\IQ2\IQ2_20250520_15_00_00/vexiq2\libviq2rt.a(vex_motorgroup.cpp.o)
                0x20013dd0                vex::motor_group::isDone()
 .text._ZN3vex11motor_group4stopEv
                0x20013dde       0x1e c:\Users\napat\AppData\Roaming\Code\User\globalStorage\vexrobotics.vexcode\sdk\cpp\IQ2\IQ2_20250520_15_00_00/vexiq2\libviq2rt.a(vex_motorgroup.cpp.o)
                0x20013dde                vex::motor_group::stop()
 .text._ZN3vex11motor_group12setMaxTorqueEdNS_12percentUnitsE
                0x20013dfc       0x3a c:\Users\napat\AppData\Roaming\Code\User\globalStorage\vexrobotics.vexcode\sdk\cpp\IQ2\IQ2_20250520_15_00_00/vexiq2\libviq2rt.a(vex_motorgroup.cpp.o)
                0x20013dfc                vex::motor_group::setMaxTorque(double, vex::percentUnits)
 .text._ZN3vex11motor_group8velocityENS_13velocityUnitsE
                0x20013e36        0x8 c:\Users\napat\AppData\Roaming\Code\User\globalStorage\vexrobotics.vexcode\sdk\cpp\IQ2\IQ2_20250520_15_00_00/vexiq2\libviq2rt.a(vex_motorgroup.cpp.o)
                0x20013e36                vex::motor_group::velocity(vex::velocityUnits)
 .text._ZN3vex11motor_group20waitForCompletionAllEv
                0x20013e3e       0x36 c:\Users\napat\AppData\Roaming\Code\User\globalStorage\vexrobotics.vexcode\sdk\cpp\IQ2\IQ2_20250520_15_00_00/vexiq2\libviq2rt.a(vex_motorgroup.cpp.o)
                0x20013e3e                vex::motor_group::waitForCompletionAll()
 .text._ZN3vex11motor_group7spinForENS_13directionTypeEdNS_13rotationUnitsEb
                0x20013e74       0x5a c:\Users\napat\AppData\Roaming\Code\User\globalStorage\vexrobotics.vexcode\sdk\cpp\IQ2\IQ2_20250520_15_00_00/vexiq2\libviq2rt.a(vex_motorgroup.cpp.o)
                0x20013e74                vex::motor_group::spinFor(vex::directionType, double, vex::rotationUnits, bool)
 .text._ZN3vex10controllerC2Ev
                0x20013ece       0x5e c:\Users\napat\AppData\Roaming\Code\User\globalStorage\vexrobotics.vexcode\sdk\cpp\IQ2\IQ2_20250520_15_00_00/vexiq2\libviq2rt.a(vex_controller.cpp.o)
                0x20013ece                vex::controller::controller()
                0x20013ece                vex::controller::controller()
 .text._ZN3vex10controllerD2Ev
                0x20013f2c        0x2 c:\Users\napat\AppData\Roaming\Code\User\globalStorage\vexrobotics.vexcode\sdk\cpp\IQ2\IQ2_20250520_15_00_00/vexiq2\libviq2rt.a(vex_controller.cpp.o)
                0x20013f2c                vex::controller::~controller()
                0x20013f2c                vex::controller::~controller()
 .text._ZN3vex10controller5valueE19_IQ_ControllerIndex
                0x20013f2e        0x6 c:\Users\napat\AppData\Roaming\Code\User\globalStorage\vexrobotics.vexcode\sdk\cpp\IQ2\IQ2_20250520_15_00_00/vexiq2\libviq2rt.a(vex_controller.cpp.o)
                0x20013f2e                vex::controller::value(_IQ_ControllerIndex)
 .text._ZNK3vex10controller6button8pressingEv
                0x20013f34       0x52 c:\Users\napat\AppData\Roaming\Code\User\globalStorage\vexrobotics.vexcode\sdk\cpp\IQ2\IQ2_20250520_15_00_00/vexiq2\libviq2rt.a(vex_controller.cpp.o)
                0x20013f34                vex::controller::button::pressing() const
 .text._ZNK3vex10controller6button7pressedEPFvvE
                0x20013f86       0x76 c:\Users\napat\AppData\Roaming\Code\User\globalStorage\vexrobotics.vexcode\sdk\cpp\IQ2\IQ2_20250520_15_00_00/vexiq2\libviq2rt.a(vex_controller.cpp.o)
                0x20013f86                vex::controller::button::pressed(void (*)()) const
 .text._ZNK3vex10controller4axis5valueEv
                0x20013ffc       0x2a c:\Users\napat\AppData\Roaming\Code\User\globalStorage\vexrobotics.vexcode\sdk\cpp\IQ2\IQ2_20250520_15_00_00/vexiq2\libviq2rt.a(vex_controller.cpp.o)
                0x20013ffc                vex::controller::axis::value() const
 .text._ZNK3vex10controller4axis8positionENS_12percentUnitsE
                0x20014026       0x12 c:\Users\napat\AppData\Roaming\Code\User\globalStorage\vexrobotics.vexcode\sdk\cpp\IQ2\IQ2_20250520_15_00_00/vexiq2\libviq2rt.a(vex_controller.cpp.o)
                0x20014026                vex::controller::axis::position(vex::percentUnits) const
 .text._ZN3vex5event4initEmmPFvvE
                0x20014038        0x4 c:\Users\napat\AppData\Roaming\Code\User\globalStorage\vexrobotics.vexcode\sdk\cpp\IQ2\IQ2_20250520_15_00_00/vexiq2\libviq2rt.a(vex_event.cpp.o)
                0x20014038                vex::event::init(unsigned long, unsigned long, void (*)())
 .text._ZN3vex5event9userindexEv
                0x2001403c        0x4 c:\Users\napat\AppData\Roaming\Code\User\globalStorage\vexrobotics.vexcode\sdk\cpp\IQ2\IQ2_20250520_15_00_00/vexiq2\libviq2rt.a(vex_event.cpp.o)
                0x2001403c                vex::event::userindex()
 .text._ZN3vex6device5valueEv
                0x20014040        0x4 c:\Users\napat\AppData\Roaming\Code\User\globalStorage\vexrobotics.vexcode\sdk\cpp\IQ2\IQ2_20250520_15_00_00/vexiq2\libviq2rt.a(vex_device.cpp.o)
                0x20014040                vex::device::value()
 .text._ZN3vex6deviceD2Ev
                0x20014044        0x2 c:\Users\napat\AppData\Roaming\Code\User\globalStorage\vexrobotics.vexcode\sdk\cpp\IQ2\IQ2_20250520_15_00_00/vexiq2\libviq2rt.a(vex_device.cpp.o)
                0x20014044                vex::device::~device()
                0x20014044                vex::device::~device()
 .text._ZN3vex6device4initEl
                0x20014046       0x22 c:\Users\napat\AppData\Roaming\Code\User\globalStorage\vexrobotics.vexcode\sdk\cpp\IQ2\IQ2_20250520_15_00_00/vexiq2\libviq2rt.a(vex_device.cpp.o)
                0x20014046                vex::device::init(long)
 .text._ZN3vex6deviceC2El
                0x20014068       0x14 c:\Users\napat\AppData\Roaming\Code\User\globalStorage\vexrobotics.vexcode\sdk\cpp\IQ2\IQ2_20250520_15_00_00/vexiq2\libviq2rt.a(vex_device.cpp.o)
                0x20014068                vex::device::device(long)
                0x20014068                vex::device::device(long)
 .text._ZN3vex6device4typeEv
                0x2001407c        0x8 c:\Users\napat\AppData\Roaming\Code\User\globalStorage\vexrobotics.vexcode\sdk\cpp\IQ2\IQ2_20250520_15_00_00/vexiq2\libviq2rt.a(vex_device.cpp.o)
                0x2001407c                vex::device::type()
 .text._ZN3vex6device9installedEv
                0x20014084        0xe c:\Users\napat\AppData\Roaming\Code\User\globalStorage\vexrobotics.vexcode\sdk\cpp\IQ2\IQ2_20250520_15_00_00/vexiq2\libviq2rt.a(vex_device.cpp.o)
                0x20014084                vex::device::installed()
 .text.__aeabi_atexit
                0x20014092        0xa c:\Users\napat\AppData\Roaming\Code\User\globalStorage\vexrobotics.vexcode\sdk\cpp\IQ2\IQ2_20250520_15_00_00/vexiq2/gcc/libs\libc_nano.a(lib_a-aeabi_atexit.o)
                0x20014092                __aeabi_atexit
 .text.__sflush_r
                0x2001409c      0x10c c:\Users\napat\AppData\Roaming\Code\User\globalStorage\vexrobotics.vexcode\sdk\cpp\IQ2\IQ2_20250520_15_00_00/vexiq2/gcc/libs\libc_nano.a(lib_a-fflush.o)
                0x2001409c                __sflush_r
 .text._fflush_r
                0x200141a8       0x54 c:\Users\napat\AppData\Roaming\Code\User\globalStorage\vexrobotics.vexcode\sdk\cpp\IQ2\IQ2_20250520_15_00_00/vexiq2/gcc/libs\libc_nano.a(lib_a-fflush.o)
                0x200141a8                _fflush_r
 .text.std      0x200141fc       0x48 c:\Users\napat\AppData\Roaming\Code\User\globalStorage\vexrobotics.vexcode\sdk\cpp\IQ2\IQ2_20250520_15_00_00/vexiq2/gcc/libs\libc_nano.a(lib_a-findfp.o)
 .text._cleanup_r
                0x20014244        0xc c:\Users\napat\AppData\Roaming\Code\User\globalStorage\vexrobotics.vexcode\sdk\cpp\IQ2\IQ2_20250520_15_00_00/vexiq2/gcc/libs\libc_nano.a(lib_a-findfp.o)
                0x20014244                _cleanup_r
 .text.__sfmoreglue
                0x20014250       0x2c c:\Users\napat\AppData\Roaming\Code\User\globalStorage\vexrobotics.vexcode\sdk\cpp\IQ2\IQ2_20250520_15_00_00/vexiq2/gcc/libs\libc_nano.a(lib_a-findfp.o)
                0x20014250                __sfmoreglue
 .text.__sinit  0x2001427c       0x60 c:\Users\napat\AppData\Roaming\Code\User\globalStorage\vexrobotics.vexcode\sdk\cpp\IQ2\IQ2_20250520_15_00_00/vexiq2/gcc/libs\libc_nano.a(lib_a-findfp.o)
                0x2001427c                __sinit
 .text.__sfp    0x200142dc       0x78 c:\Users\napat\AppData\Roaming\Code\User\globalStorage\vexrobotics.vexcode\sdk\cpp\IQ2\IQ2_20250520_15_00_00/vexiq2/gcc/libs\libc_nano.a(lib_a-findfp.o)
                0x200142dc                __sfp
 .text._fwalk_reent
                0x20014354       0x3c c:\Users\napat\AppData\Roaming\Code\User\globalStorage\vexrobotics.vexcode\sdk\cpp\IQ2\IQ2_20250520_15_00_00/vexiq2/gcc/libs\libc_nano.a(lib_a-fwalk.o)
                0x20014354                _fwalk_reent
 .text.__libc_init_array
                0x20014390       0x48 c:\Users\napat\AppData\Roaming\Code\User\globalStorage\vexrobotics.vexcode\sdk\cpp\IQ2\IQ2_20250520_15_00_00/vexiq2/gcc/libs\libc_nano.a(lib_a-init.o)
                0x20014390                __libc_init_array
 .text.__swhatbuf_r
                0x200143d8       0x48 c:\Users\napat\AppData\Roaming\Code\User\globalStorage\vexrobotics.vexcode\sdk\cpp\IQ2\IQ2_20250520_15_00_00/vexiq2/gcc/libs\libc_nano.a(lib_a-makebuf.o)
                0x200143d8                __swhatbuf_r
 .text.__smakebuf_r
                0x20014420       0x80 c:\Users\napat\AppData\Roaming\Code\User\globalStorage\vexrobotics.vexcode\sdk\cpp\IQ2\IQ2_20250520_15_00_00/vexiq2/gcc/libs\libc_nano.a(lib_a-makebuf.o)
                0x20014420                __smakebuf_r
 .text.memset   0x200144a0       0x10 c:\Users\napat\AppData\Roaming\Code\User\globalStorage\vexrobotics.vexcode\sdk\cpp\IQ2\IQ2_20250520_15_00_00/vexiq2/gcc/libs\libc_nano.a(lib_a-memset.o)
                0x200144a0                memset
 .text._free_r  0x200144b0       0x9c c:\Users\napat\AppData\Roaming\Code\User\globalStorage\vexrobotics.vexcode\sdk\cpp\IQ2\IQ2_20250520_15_00_00/vexiq2/gcc/libs\libc_nano.a(lib_a-nano-freer.o)
                0x200144b0                _free_r
 .text._malloc_r
                0x2001454c       0xb4 c:\Users\napat\AppData\Roaming\Code\User\globalStorage\vexrobotics.vexcode\sdk\cpp\IQ2\IQ2_20250520_15_00_00/vexiq2/gcc/libs\libc_nano.a(lib_a-nano-mallocr.o)
                0x2001454c                _malloc_r
 .text.printf   0x20014600       0x30 c:\Users\napat\AppData\Roaming\Code\User\globalStorage\vexrobotics.vexcode\sdk\cpp\IQ2\IQ2_20250520_15_00_00/vexiq2/gcc/libs\libc_nano.a(lib_a-printf.o)
                0x20014600                iprintf
                0x20014600                printf
 .text.putchar  0x20014630       0x28 c:\Users\napat\AppData\Roaming\Code\User\globalStorage\vexrobotics.vexcode\sdk\cpp\IQ2\IQ2_20250520_15_00_00/vexiq2/gcc/libs\libc_nano.a(lib_a-putchar.o)
                0x20014630                putchar
 .text._puts_r  0x20014658       0xb8 c:\Users\napat\AppData\Roaming\Code\User\globalStorage\vexrobotics.vexcode\sdk\cpp\IQ2\IQ2_20250520_15_00_00/vexiq2/gcc/libs\libc_nano.a(lib_a-puts.o)
                0x20014658                _puts_r
 .text.puts     0x20014710       0x10 c:\Users\napat\AppData\Roaming\Code\User\globalStorage\vexrobotics.vexcode\sdk\cpp\IQ2\IQ2_20250520_15_00_00/vexiq2/gcc/libs\libc_nano.a(lib_a-puts.o)
                0x20014710                puts
 .text._sbrk_r  0x20014720       0x20 c:\Users\napat\AppData\Roaming\Code\User\globalStorage\vexrobotics.vexcode\sdk\cpp\IQ2\IQ2_20250520_15_00_00/vexiq2/gcc/libs\libc_nano.a(lib_a-sbrkr.o)
                0x20014720                _sbrk_r
 .text.__sread  0x20014740       0x22 c:\Users\napat\AppData\Roaming\Code\User\globalStorage\vexrobotics.vexcode\sdk\cpp\IQ2\IQ2_20250520_15_00_00/vexiq2/gcc/libs\libc_nano.a(lib_a-stdio.o)
                0x20014740                __sread
 .text.__swrite
                0x20014762       0x38 c:\Users\napat\AppData\Roaming\Code\User\globalStorage\vexrobotics.vexcode\sdk\cpp\IQ2\IQ2_20250520_15_00_00/vexiq2/gcc/libs\libc_nano.a(lib_a-stdio.o)
                0x20014762                __swrite
 .text.__sseek  0x2001479a       0x24 c:\Users\napat\AppData\Roaming\Code\User\globalStorage\vexrobotics.vexcode\sdk\cpp\IQ2\IQ2_20250520_15_00_00/vexiq2/gcc/libs\libc_nano.a(lib_a-stdio.o)
                0x2001479a                __sseek
 .text.__sclose
                0x200147be        0x8 c:\Users\napat\AppData\Roaming\Code\User\globalStorage\vexrobotics.vexcode\sdk\cpp\IQ2\IQ2_20250520_15_00_00/vexiq2/gcc/libs\libc_nano.a(lib_a-stdio.o)
                0x200147be                __sclose
 *fill*         0x200147c6        0x2 
 .text.__swbuf_r
                0x200147c8       0xa4 c:\Users\napat\AppData\Roaming\Code\User\globalStorage\vexrobotics.vexcode\sdk\cpp\IQ2\IQ2_20250520_15_00_00/vexiq2/gcc/libs\libc_nano.a(lib_a-wbuf.o)
                0x200147c8                __swbuf_r
 .text._write_r
                0x2001486c       0x24 c:\Users\napat\AppData\Roaming\Code\User\globalStorage\vexrobotics.vexcode\sdk\cpp\IQ2\IQ2_20250520_15_00_00/vexiq2/gcc/libs\libc_nano.a(lib_a-writer.o)
                0x2001486c                _write_r
 .text.__swsetup_r
                0x20014890       0xdc c:\Users\napat\AppData\Roaming\Code\User\globalStorage\vexrobotics.vexcode\sdk\cpp\IQ2\IQ2_20250520_15_00_00/vexiq2/gcc/libs\libc_nano.a(lib_a-wsetup.o)
                0x20014890                __swsetup_r
 .text._close_r
                0x2001496c       0x20 c:\Users\napat\AppData\Roaming\Code\User\globalStorage\vexrobotics.vexcode\sdk\cpp\IQ2\IQ2_20250520_15_00_00/vexiq2/gcc/libs\libc_nano.a(lib_a-closer.o)
                0x2001496c                _close_r
 .text._fstat_r
                0x2001498c       0x24 c:\Users\napat\AppData\Roaming\Code\User\globalStorage\vexrobotics.vexcode\sdk\cpp\IQ2\IQ2_20250520_15_00_00/vexiq2/gcc/libs\libc_nano.a(lib_a-fstatr.o)
                0x2001498c                _fstat_r
 .text._isatty_r
                0x200149b0       0x20 c:\Users\napat\AppData\Roaming\Code\User\globalStorage\vexrobotics.vexcode\sdk\cpp\IQ2\IQ2_20250520_15_00_00/vexiq2/gcc/libs\libc_nano.a(lib_a-isattyr.o)
                0x200149b0                _isatty_r
 .text._lseek_r
                0x200149d0       0x24 c:\Users\napat\AppData\Roaming\Code\User\globalStorage\vexrobotics.vexcode\sdk\cpp\IQ2\IQ2_20250520_15_00_00/vexiq2/gcc/libs\libc_nano.a(lib_a-lseekr.o)
                0x200149d0                _lseek_r
 .text.__malloc_lock
                0x200149f4        0x2 c:\Users\napat\AppData\Roaming\Code\User\globalStorage\vexrobotics.vexcode\sdk\cpp\IQ2\IQ2_20250520_15_00_00/vexiq2/gcc/libs\libc_nano.a(lib_a-mlock.o)
                0x200149f4                __malloc_lock
 .text.__malloc_unlock
                0x200149f6        0x2 c:\Users\napat\AppData\Roaming\Code\User\globalStorage\vexrobotics.vexcode\sdk\cpp\IQ2\IQ2_20250520_15_00_00/vexiq2/gcc/libs\libc_nano.a(lib_a-mlock.o)
                0x200149f6                __malloc_unlock
 .text.__sfputc_r
                0x200149f8       0x2e c:\Users\napat\AppData\Roaming\Code\User\globalStorage\vexrobotics.vexcode\sdk\cpp\IQ2\IQ2_20250520_15_00_00/vexiq2/gcc/libs\libc_nano.a(lib_a-nano-vfprintf.o)
 .text.__sfputs_r
                0x20014a26       0x24 c:\Users\napat\AppData\Roaming\Code\User\globalStorage\vexrobotics.vexcode\sdk\cpp\IQ2\IQ2_20250520_15_00_00/vexiq2/gcc/libs\libc_nano.a(lib_a-nano-vfprintf.o)
                0x20014a26                __sfputs_r
 *fill*         0x20014a4a        0x2 
 .text._vfprintf_r
                0x20014a4c      0x22c c:\Users\napat\AppData\Roaming\Code\User\globalStorage\vexrobotics.vexcode\sdk\cpp\IQ2\IQ2_20250520_15_00_00/vexiq2/gcc/libs\libc_nano.a(lib_a-nano-vfprintf.o)
                0x20014a4c                _vfprintf_r
                0x20014a4c                _vfiprintf_r
 .text._printf_common
                0x20014c78       0xea c:\Users\napat\AppData\Roaming\Code\User\globalStorage\vexrobotics.vexcode\sdk\cpp\IQ2\IQ2_20250520_15_00_00/vexiq2/gcc/libs\libc_nano.a(lib_a-nano-vfprintf_i.o)
                0x20014c78                _printf_common
 *fill*         0x20014d62        0x2 
 .text._printf_i
                0x20014d64      0x224 c:\Users\napat\AppData\Roaming\Code\User\globalStorage\vexrobotics.vexcode\sdk\cpp\IQ2\IQ2_20250520_15_00_00/vexiq2/gcc/libs\libc_nano.a(lib_a-nano-vfprintf_i.o)
                0x20014d64                _printf_i
 .text._putc_r  0x20014f88       0x6c c:\Users\napat\AppData\Roaming\Code\User\globalStorage\vexrobotics.vexcode\sdk\cpp\IQ2\IQ2_20250520_15_00_00/vexiq2/gcc/libs\libc_nano.a(lib_a-putc.o)
                0x20014f88                _putc_r
 .text._read_r  0x20014ff4       0x24 c:\Users\napat\AppData\Roaming\Code\User\globalStorage\vexrobotics.vexcode\sdk\cpp\IQ2\IQ2_20250520_15_00_00/vexiq2/gcc/libs\libc_nano.a(lib_a-readr.o)
                0x20014ff4                _read_r
 .text.__errno  0x20015018        0xc c:\Users\napat\AppData\Roaming\Code\User\globalStorage\vexrobotics.vexcode\sdk\cpp\IQ2\IQ2_20250520_15_00_00/vexiq2\libviq2rt.a(iq2_fstubs.c.o)
                0x20015018                __errno
 .text._fstat   0x20015024       0x1e c:\Users\napat\AppData\Roaming\Code\User\globalStorage\vexrobotics.vexcode\sdk\cpp\IQ2\IQ2_20250520_15_00_00/vexiq2\libviq2rt.a(iq2_fstubs.c.o)
                0x20015024                _fstat
 .text._lseek   0x20015042       0x1c c:\Users\napat\AppData\Roaming\Code\User\globalStorage\vexrobotics.vexcode\sdk\cpp\IQ2\IQ2_20250520_15_00_00/vexiq2\libviq2rt.a(iq2_fstubs.c.o)
                0x20015042                _lseek
 .text._close   0x2001505e       0x14 c:\Users\napat\AppData\Roaming\Code\User\globalStorage\vexrobotics.vexcode\sdk\cpp\IQ2\IQ2_20250520_15_00_00/vexiq2\libviq2rt.a(iq2_fstubs.c.o)
                0x2001505e                _close
 .text._read    0x20015072       0x1c c:\Users\napat\AppData\Roaming\Code\User\globalStorage\vexrobotics.vexcode\sdk\cpp\IQ2\IQ2_20250520_15_00_00/vexiq2\libviq2rt.a(iq2_fstubs.c.o)
                0x20015072                _read
 .text._write   0x2001508e       0x28 c:\Users\napat\AppData\Roaming\Code\User\globalStorage\vexrobotics.vexcode\sdk\cpp\IQ2\IQ2_20250520_15_00_00/vexiq2\libviq2rt.a(iq2_fstubs.c.o)
                0x2001508e                _write
 .text._isatty  0x200150b6       0x14 c:\Users\napat\AppData\Roaming\Code\User\globalStorage\vexrobotics.vexcode\sdk\cpp\IQ2\IQ2_20250520_15_00_00/vexiq2\libviq2rt.a(iq2_fstubs.c.o)
                0x200150b6                _isatty
 *(.gnu.linkonce.t.*)
 *(.plt)
 *(.gnu_warning)
 *(.gcc_except_table)
 *(.glue_7)
 .glue_7        0x00000000        0x0 linker stubs
 *(.glue_7t)
 .glue_7t       0x00000000        0x0 linker stubs
 *(.vfp11_veneer)
 .vfp11_veneer  0x00000000        0x0 linker stubs
 *(.ARM.extab)
 *(.gnu.linkonce.armextab.*)

.v4_bx          0x200150cc        0x0
 .v4_bx         0x00000000        0x0 linker stubs

.iplt           0x200150cc        0x0
 .iplt          0x00000000        0x0 build/src/main.o

.init
 *(.init)

.fini
 *(.fini)

.rodata         0x200150d0      0x42f
                0x200150d0                __rodata_start = .
 *(.rodata)
 *(.rodata.*)
 .rodata.str1.1
                0x200150d0      0x1be build/src/main.o
 .rodata.str1.1
                0x2001528e       0x40 build/src/pin.o
                                 0x5d (size before relaxing)
 .rodata.str1.1
                0x200152ce       0x6e build/src/beam.o
 .rodata.str1.1
                0x2001533c        0xd build/src/drive.o
 .rodata.str1.1
                0x20015349       0x22 c:\Users\napat\AppData\Roaming\Code\User\globalStorage\vexrobotics.vexcode\sdk\cpp\IQ2\IQ2_20250520_15_00_00/vexiq2\libviq2rt.a(iq2_startup.c.o)
 *fill*         0x2001536b        0x1 
 .rodata._ZN3vex9cylinder2E
                0x2001536c        0x4 c:\Users\napat\AppData\Roaming\Code\User\globalStorage\vexrobotics.vexcode\sdk\cpp\IQ2\IQ2_20250520_15_00_00/vexiq2\libviq2rt.a(vex_global.cpp.o)
                0x2001536c                vex::cylinder2
 .rodata._ZN3vex5PORT3E
                0x20015370        0x4 c:\Users\napat\AppData\Roaming\Code\User\globalStorage\vexrobotics.vexcode\sdk\cpp\IQ2\IQ2_20250520_15_00_00/vexiq2\libviq2rt.a(vex_global.cpp.o)
                0x20015370                vex::PORT3
 .rodata._ZN3vex5PORT1E
                0x20015374        0x4 c:\Users\napat\AppData\Roaming\Code\User\globalStorage\vexrobotics.vexcode\sdk\cpp\IQ2\IQ2_20250520_15_00_00/vexiq2\libviq2rt.a(vex_global.cpp.o)
                0x20015374                vex::PORT1
 .rodata._ZN3vex7reverseE
                0x20015378        0x4 c:\Users\napat\AppData\Roaming\Code\User\globalStorage\vexrobotics.vexcode\sdk\cpp\IQ2\IQ2_20250520_15_00_00/vexiq2\libviq2rt.a(vex_global.cpp.o)
                0x20015378                vex::reverse
 .rodata._ZN3vex6PORT10E
                0x2001537c        0x4 c:\Users\napat\AppData\Roaming\Code\User\globalStorage\vexrobotics.vexcode\sdk\cpp\IQ2\IQ2_20250520_15_00_00/vexiq2\libviq2rt.a(vex_global.cpp.o)
                0x2001537c                vex::PORT10
 .rodata._ZN3vex5PORT5E
                0x20015380        0x4 c:\Users\napat\AppData\Roaming\Code\User\globalStorage\vexrobotics.vexcode\sdk\cpp\IQ2\IQ2_20250520_15_00_00/vexiq2\libviq2rt.a(vex_global.cpp.o)
                0x20015380                vex::PORT5
 .rodata._ZN3vex7forwardE
                0x20015384        0x4 c:\Users\napat\AppData\Roaming\Code\User\globalStorage\vexrobotics.vexcode\sdk\cpp\IQ2\IQ2_20250520_15_00_00/vexiq2\libviq2rt.a(vex_global.cpp.o)
                0x20015384                vex::forward
 .rodata._ZN3vex7secondsE
                0x20015388        0x4 c:\Users\napat\AppData\Roaming\Code\User\globalStorage\vexrobotics.vexcode\sdk\cpp\IQ2\IQ2_20250520_15_00_00/vexiq2\libviq2rt.a(vex_global.cpp.o)
                0x20015388                vex::seconds
 .rodata._ZN3vex4msecE
                0x2001538c        0x4 c:\Users\napat\AppData\Roaming\Code\User\globalStorage\vexrobotics.vexcode\sdk\cpp\IQ2\IQ2_20250520_15_00_00/vexiq2\libviq2rt.a(vex_global.cpp.o)
                0x2001538c                vex::msec
 .rodata._ZN3vex5PORT9E
                0x20015390        0x4 c:\Users\napat\AppData\Roaming\Code\User\globalStorage\vexrobotics.vexcode\sdk\cpp\IQ2\IQ2_20250520_15_00_00/vexiq2\libviq2rt.a(vex_global.cpp.o)
                0x20015390                vex::PORT9
 .rodata._ZN3vex5PORT2E
                0x20015394        0x4 c:\Users\napat\AppData\Roaming\Code\User\globalStorage\vexrobotics.vexcode\sdk\cpp\IQ2\IQ2_20250520_15_00_00/vexiq2\libviq2rt.a(vex_global.cpp.o)
                0x20015394                vex::PORT2
 .rodata._ZN3vex6PORT11E
                0x20015398        0x4 c:\Users\napat\AppData\Roaming\Code\User\globalStorage\vexrobotics.vexcode\sdk\cpp\IQ2\IQ2_20250520_15_00_00/vexiq2\libviq2rt.a(vex_global.cpp.o)
                0x20015398                vex::PORT11
 .rodata._ZN3vex5PORT6E
                0x2001539c        0x4 c:\Users\napat\AppData\Roaming\Code\User\globalStorage\vexrobotics.vexcode\sdk\cpp\IQ2\IQ2_20250520_15_00_00/vexiq2\libviq2rt.a(vex_global.cpp.o)
                0x2001539c                vex::PORT6
 .rodata._ZN3vex5greenE
                0x200153a0        0x4 c:\Users\napat\AppData\Roaming\Code\User\globalStorage\vexrobotics.vexcode\sdk\cpp\IQ2\IQ2_20250520_15_00_00/vexiq2\libviq2rt.a(vex_global.cpp.o)
                0x200153a0                vex::green
 .rodata._ZN3vex7percentE
                0x200153a4        0x4 c:\Users\napat\AppData\Roaming\Code\User\globalStorage\vexrobotics.vexcode\sdk\cpp\IQ2\IQ2_20250520_15_00_00/vexiq2\libviq2rt.a(vex_global.cpp.o)
                0x200153a4                vex::percent
 .rodata._ZN3vex7degreesE
                0x200153a8        0x4 c:\Users\napat\AppData\Roaming\Code\User\globalStorage\vexrobotics.vexcode\sdk\cpp\IQ2\IQ2_20250520_15_00_00/vexiq2\libviq2rt.a(vex_global.cpp.o)
                0x200153a8                vex::degrees
 .rodata._ZN3vex6orangeE
                0x200153ac        0x4 c:\Users\napat\AppData\Roaming\Code\User\globalStorage\vexrobotics.vexcode\sdk\cpp\IQ2\IQ2_20250520_15_00_00/vexiq2\libviq2rt.a(vex_global.cpp.o)
                0x200153ac                vex::orange
 .rodata._ZN3vex4holdE
                0x200153b0        0x4 c:\Users\napat\AppData\Roaming\Code\User\globalStorage\vexrobotics.vexcode\sdk\cpp\IQ2\IQ2_20250520_15_00_00/vexiq2\libviq2rt.a(vex_global.cpp.o)
                0x200153b0                vex::hold
 .rodata._ZN3vex6PORT12E
                0x200153b4        0x4 c:\Users\napat\AppData\Roaming\Code\User\globalStorage\vexrobotics.vexcode\sdk\cpp\IQ2\IQ2_20250520_15_00_00/vexiq2\libviq2rt.a(vex_global.cpp.o)
                0x200153b4                vex::PORT12
 .rodata._ZN3vex5sirenE
                0x200153b8        0x4 c:\Users\napat\AppData\Roaming\Code\User\globalStorage\vexrobotics.vexcode\sdk\cpp\IQ2\IQ2_20250520_15_00_00/vexiq2\libviq2rt.a(vex_global.cpp.o)
                0x200153b8                vex::siren
 .rodata._ZN3vex5brakeE
                0x200153bc        0x4 c:\Users\napat\AppData\Roaming\Code\User\globalStorage\vexrobotics.vexcode\sdk\cpp\IQ2\IQ2_20250520_15_00_00/vexiq2\libviq2rt.a(vex_global.cpp.o)
                0x200153bc                vex::brake
 .rodata._ZN3vex5coastE
                0x200153c0        0x4 c:\Users\napat\AppData\Roaming\Code\User\globalStorage\vexrobotics.vexcode\sdk\cpp\IQ2\IQ2_20250520_15_00_00/vexiq2\libviq2rt.a(vex_global.cpp.o)
                0x200153c0                vex::coast
 .rodata._ZN3vex5PORT4E
                0x200153c4        0x4 c:\Users\napat\AppData\Roaming\Code\User\globalStorage\vexrobotics.vexcode\sdk\cpp\IQ2\IQ2_20250520_15_00_00/vexiq2\libviq2rt.a(vex_global.cpp.o)
                0x200153c4                vex::PORT4
 .rodata._ZN3vex9cylinder1E
                0x200153c8        0x4 c:\Users\napat\AppData\Roaming\Code\User\globalStorage\vexrobotics.vexcode\sdk\cpp\IQ2\IQ2_20250520_15_00_00/vexiq2\libviq2rt.a(vex_global.cpp.o)
                0x200153c8                vex::cylinder1
 .rodata._ZN3vex5PORT8E
                0x200153cc        0x4 c:\Users\napat\AppData\Roaming\Code\User\globalStorage\vexrobotics.vexcode\sdk\cpp\IQ2\IQ2_20250520_15_00_00/vexiq2\libviq2rt.a(vex_global.cpp.o)
                0x200153cc                vex::PORT8
 .rodata.str1.1
                0x200153d0       0x14 c:\Users\napat\AppData\Roaming\Code\User\globalStorage\vexrobotics.vexcode\sdk\cpp\IQ2\IQ2_20250520_15_00_00/vexiq2\libviq2rt.a(vex_task.cpp.o)
 .rodata.str1.1
                0x200153e4       0x20 c:\Users\napat\AppData\Roaming\Code\User\globalStorage\vexrobotics.vexcode\sdk\cpp\IQ2\IQ2_20250520_15_00_00/vexiq2\libviq2rt.a(vex_brain.cpp.o)
 .rodata.CSWTCH.121
                0x20015404       0x10 c:\Users\napat\AppData\Roaming\Code\User\globalStorage\vexrobotics.vexcode\sdk\cpp\IQ2\IQ2_20250520_15_00_00/vexiq2\libviq2rt.a(vex_brain.cpp.o)
 *fill*         0x20015414        0x4 
 .rodata._ZTVN3vex5motorE
                0x20015418       0x10 c:\Users\napat\AppData\Roaming\Code\User\globalStorage\vexrobotics.vexcode\sdk\cpp\IQ2\IQ2_20250520_15_00_00/vexiq2\libviq2rt.a(vex_motor.cpp.o)
                0x20015418                vtable for vex::motor
 .rodata._ZTVN3vex8touchledE
                0x20015428       0x10 c:\Users\napat\AppData\Roaming\Code\User\globalStorage\vexrobotics.vexcode\sdk\cpp\IQ2\IQ2_20250520_15_00_00/vexiq2\libviq2rt.a(vex_touchled.cpp.o)
                0x20015428                vtable for vex::touchled
 .rodata._ZTVN3vex8distanceE
                0x20015438       0x10 c:\Users\napat\AppData\Roaming\Code\User\globalStorage\vexrobotics.vexcode\sdk\cpp\IQ2\IQ2_20250520_15_00_00/vexiq2\libviq2rt.a(vex_distance.cpp.o)
                0x20015438                vtable for vex::distance
 .rodata._ZTVN3vex9pneumaticE
                0x20015448       0x10 c:\Users\napat\AppData\Roaming\Code\User\globalStorage\vexrobotics.vexcode\sdk\cpp\IQ2\IQ2_20250520_15_00_00/vexiq2\libviq2rt.a(vex_pneumatic.cpp.o)
                0x20015448                vtable for vex::pneumatic
 .rodata._ZTVN3vex6deviceE
                0x20015458       0x10 c:\Users\napat\AppData\Roaming\Code\User\globalStorage\vexrobotics.vexcode\sdk\cpp\IQ2\IQ2_20250520_15_00_00/vexiq2\libviq2rt.a(vex_device.cpp.o)
                0x20015458                vtable for vex::device
 .rodata.__sf_fake_stderr
                0x20015468       0x20 c:\Users\napat\AppData\Roaming\Code\User\globalStorage\vexrobotics.vexcode\sdk\cpp\IQ2\IQ2_20250520_15_00_00/vexiq2/gcc/libs\libc_nano.a(lib_a-findfp.o)
                0x20015468                __sf_fake_stderr
 .rodata.__sf_fake_stdin
                0x20015488       0x20 c:\Users\napat\AppData\Roaming\Code\User\globalStorage\vexrobotics.vexcode\sdk\cpp\IQ2\IQ2_20250520_15_00_00/vexiq2/gcc/libs\libc_nano.a(lib_a-findfp.o)
                0x20015488                __sf_fake_stdin
 .rodata.__sf_fake_stdout
                0x200154a8       0x20 c:\Users\napat\AppData\Roaming\Code\User\globalStorage\vexrobotics.vexcode\sdk\cpp\IQ2\IQ2_20250520_15_00_00/vexiq2/gcc/libs\libc_nano.a(lib_a-findfp.o)
                0x200154a8                __sf_fake_stdout
 .rodata._global_impure_ptr
                0x200154c8        0x4 c:\Users\napat\AppData\Roaming\Code\User\globalStorage\vexrobotics.vexcode\sdk\cpp\IQ2\IQ2_20250520_15_00_00/vexiq2/gcc/libs\libc_nano.a(lib_a-impure.o)
                0x200154c8                _global_impure_ptr
 .rodata._vfprintf_r.str1.1
                0x200154cc       0x11 c:\Users\napat\AppData\Roaming\Code\User\globalStorage\vexrobotics.vexcode\sdk\cpp\IQ2\IQ2_20250520_15_00_00/vexiq2/gcc/libs\libc_nano.a(lib_a-nano-vfprintf.o)
 .rodata._printf_i.str1.1
                0x200154dd       0x22 c:\Users\napat\AppData\Roaming\Code\User\globalStorage\vexrobotics.vexcode\sdk\cpp\IQ2\IQ2_20250520_15_00_00/vexiq2/gcc/libs\libc_nano.a(lib_a-nano-vfprintf_i.o)
 *(.gnu.linkonce.r.*)
                0x200154ff                __rodata_end = .

.rodata1        0x200154ff        0x0
                0x200154ff                __rodata1_start = .
 *(.rodata1)
 *(.rodata1.*)
                0x200154ff                __rodata1_end = .

.sdata2         0x200154ff        0x0
                0x200154ff                __sdata2_start = .
 *(.sdata2)
 *(.sdata2.*)
 *(.gnu.linkonce.s2.*)
                0x200154ff                __sdata2_end = .

.sbss2          0x200154ff        0x0
                0x200154ff                __sbss2_start = .
 *(.sbss2)
 *(.sbss2.*)
 *(.gnu.linkonce.sb2.*)
                0x200154ff                __sbss2_end = .

.data           0x20015500       0x68
                0x20015500                __data_start = .
                0x20015500                __data_load = .
 *(.data)
 *(.data.*)
 .data._ZN3vex24__default_motor_velocityE
                0x20015500        0x4 c:\Users\napat\AppData\Roaming\Code\User\globalStorage\vexrobotics.vexcode\sdk\cpp\IQ2\IQ2_20250520_15_00_00/vexiq2\libviq2rt.a(vex_motor.cpp.o)
                0x20015500                vex::__default_motor_velocity
 .data._impure_ptr
                0x20015504        0x4 c:\Users\napat\AppData\Roaming\Code\User\globalStorage\vexrobotics.vexcode\sdk\cpp\IQ2\IQ2_20250520_15_00_00/vexiq2/gcc/libs\libc_nano.a(lib_a-impure.o)
                0x20015504                _impure_ptr
 .data.impure_data
                0x20015508       0x60 c:\Users\napat\AppData\Roaming\Code\User\globalStorage\vexrobotics.vexcode\sdk\cpp\IQ2\IQ2_20250520_15_00_00/vexiq2/gcc/libs\libc_nano.a(lib_a-impure.o)
 *(.gnu.linkonce.d.*)
 *(.jcr)
 *(.got)
 *(.got.plt)
                0x20015568                __data_end = .

.igot.plt       0x20015568        0x0
 .igot.plt      0x00000000        0x0 build/src/main.o

.data1          0x20015568        0x0
                0x20015568                __data1_start = .
                0x20015568                __data1_load = .
 *(.data1)
 *(.data1.*)
                0x20015568                __data1_end = .

.got
 *(.got)

.ctors          0x20015568        0x0
                0x20015568                __CTOR_LIST__ = .
                0x20015568                ___CTORS_LIST___ = .
 *crtbegin.o(.ctors)
 *(EXCLUDE_FILE(*crtend.o) .ctors)
 *(SORT(.ctors.*))
 *(.ctors)
                0x20015568                __CTOR_END__ = .
                0x20015568                ___CTORS_END___ = .

.dtors          0x20015568        0x0
                0x20015568                __DTOR_LIST__ = .
                0x20015568                ___DTORS_LIST___ = .
 *crtbegin.o(.dtors)
 *(EXCLUDE_FILE(*crtend.o) .dtors)
 *(SORT(.dtors.*))
 *(.dtors)
                0x20015568                __DTOR_END__ = .
                0x20015568                ___DTORS_END___ = .

.fixup          0x20015568        0x0
                0x20015568                __fixup_start = .
 *(.fixup)
                0x20015568                __fixup_end = .

.eh_frame
 *(.eh_frame)

.eh_framehdr    0x20015568        0x0
                0x20015568                __eh_framehdr_start = .
 *(.eh_framehdr)
                0x20015568                __eh_framehdr_end = .

.gcc_except_table
 *(.gcc_except_table)

.mmu_tbl        0x20018000        0x0
                0x20018000                __mmu_tbl_start = .
 *(.mmu_tbl)
                0x20018000                __mmu_tbl_end = .

.ARM.exidx      0x20015568        0x8
                0x20015568                __exidx_start = .
 *(.ARM.exidx*)
 .ARM.exidx.text._Z36onevent_ControllerButtonL3_pressed_0v
                0x20015568        0x8 build/src/main.o
 .ARM.exidx.text._Z36onevent_ControllerButtonR3_pressed_0v
                0x20015570        0x0 build/src/main.o
                                  0x8 (size before relaxing)
 .ARM.exidx.text._Z37onevent_ControllerButtonEUp_pressed_0v
                0x20015570        0x0 build/src/main.o
                                  0x8 (size before relaxing)
 .ARM.exidx.text.main
                0x20015570        0x0 build/src/main.o
                                  0x8 (size before relaxing)
 .ARM.exidx.text._Z11TaskControlv
                0x20015570        0x0 build/src/main.o
                                  0x8 (size before relaxing)
 .ARM.exidx.text._GLOBAL__sub_I_main.cpp
                0x20015570        0x0 build/src/main.o
                                  0x8 (size before relaxing)
 .ARM.exidx.text._Z33myblockfunction_Drop_Down_Grab_Upv
                0x20015570        0x0 build/src/pin.o
                                  0x8 (size before relaxing)
 .ARM.exidx.text._Z25myblockfunction_Drop_downv
                0x20015570        0x0 build/src/pin.o
                                  0x8 (size before relaxing)
 .ARM.exidx.text._Z28myblockfunction_Grab_then_upv
                0x20015570        0x0 build/src/pin.o
                                  0x8 (size before relaxing)
 .ARM.exidx.text._Z29myblockfunction_Flip_Pin_Overv
                0x20015570        0x0 build/src/pin.o
                                  0x8 (size before relaxing)
 .ARM.exidx.text._Z16Grab_Release_Pinv
                0x20015570        0x0 build/src/pin.o
                                  0x8 (size before relaxing)
 .ARM.exidx.text._Z7TaskPinv
                0x20015570        0x0 build/src/pin.o
                                  0x8 (size before relaxing)
 .ARM.exidx.text._Z28myblockfunction_Grab_Beam_upv
                0x20015570        0x0 build/src/beam.o
                                  0x8 (size before relaxing)
 .ARM.exidx.text._Z26myblockfunction_Place_beamv
                0x20015570        0x0 build/src/beam.o
                                  0x8 (size before relaxing)
 .ARM.exidx.text._Z30myblockfunction_Drop_down_beamv
                0x20015570        0x0 build/src/beam.o
                                  0x8 (size before relaxing)
 .ARM.exidx.text._Z8TaskBeamv
                0x20015570        0x0 build/src/beam.o
                                  0x8 (size before relaxing)
 .ARM.exidx.text._Z14TaskDriveTrainv
                0x20015570        0x0 build/src/drive.o
                                  0x8 (size before relaxing)
 *(.gnu.linkonce.armexidix.*.*)
                0x20015570                __exidx_end = .

.rel.dyn        0x20015570        0x0
 .rel.iplt      0x00000000        0x0 build/src/main.o

.preinit_array  0x20015570        0x0
                0x20015570                __preinit_array_start = .
 *(SORT(.preinit_array.*))
 *(.preinit_array)
                0x20015570                __preinit_array_end = .

.init_array     0x20015570        0x8
                0x20015570                __init_array_start = .
 *(SORT(.init_array.*))
 *(.init_array)
 .init_array    0x20015570        0x4 build/src/main.o
 .init_array    0x20015574        0x4 c:\Users\napat\AppData\Roaming\Code\User\globalStorage\vexrobotics.vexcode\sdk\cpp\IQ2\IQ2_20250520_15_00_00/vexiq2\libviq2rt.a(vex_color.cpp.o)
                0x20015578                __init_array_end = .

.fini_array     0x20015578        0x0
                0x20015578                __fini_array_start = .
 *(SORT(.fini_array.*))
 *(.fini_array)
                0x20015578                __fini_array_end = .

.ARM.attributes
                0x20015578       0x3d
                0x20015578                __ARM.attributes_start = .
 *(.ARM.attributes)
 .ARM.attributes
                0x20015578       0x49 build/src/main.o
 .ARM.attributes
                0x200155c1       0x49 build/src/pin.o
 .ARM.attributes
                0x2001560a       0x49 build/src/beam.o
 .ARM.attributes
                0x20015653       0x49 build/src/drive.o
 .ARM.attributes
                0x2001569c       0x39 c:\Users\napat\AppData\Roaming\Code\User\globalStorage\vexrobotics.vexcode\sdk\cpp\IQ2\IQ2_20250520_15_00_00/vexiq2\libviq2rt.a(iq2_startup.c.o)
 .ARM.attributes
                0x200156d5       0x39 c:\Users\napat\AppData\Roaming\Code\User\globalStorage\vexrobotics.vexcode\sdk\cpp\IQ2\IQ2_20250520_15_00_00/vexiq2\libviq2rt.a(iq2_apijump.c.o)
 .ARM.attributes
                0x2001570e       0x39 c:\Users\napat\AppData\Roaming\Code\User\globalStorage\vexrobotics.vexcode\sdk\cpp\IQ2\IQ2_20250520_15_00_00/vexiq2\libviq2rt.a(vex_global.cpp.o)
 .ARM.attributes
                0x20015747       0x39 c:\Users\napat\AppData\Roaming\Code\User\globalStorage\vexrobotics.vexcode\sdk\cpp\IQ2\IQ2_20250520_15_00_00/vexiq2\libviq2rt.a(vex_color.cpp.o)
 .ARM.attributes
                0x20015780       0x39 c:\Users\napat\AppData\Roaming\Code\User\globalStorage\vexrobotics.vexcode\sdk\cpp\IQ2\IQ2_20250520_15_00_00/vexiq2\libviq2rt.a(vex_task.cpp.o)
 .ARM.attributes
                0x200157b9       0x39 c:\Users\napat\AppData\Roaming\Code\User\globalStorage\vexrobotics.vexcode\sdk\cpp\IQ2\IQ2_20250520_15_00_00/vexiq2\libviq2rt.a(vex_thread.cpp.o)
 .ARM.attributes
                0x200157f2       0x39 c:\Users\napat\AppData\Roaming\Code\User\globalStorage\vexrobotics.vexcode\sdk\cpp\IQ2\IQ2_20250520_15_00_00/vexiq2\libviq2rt.a(vex_brain.cpp.o)
 .ARM.attributes
                0x2001582b       0x39 c:\Users\napat\AppData\Roaming\Code\User\globalStorage\vexrobotics.vexcode\sdk\cpp\IQ2\IQ2_20250520_15_00_00/vexiq2\libviq2rt.a(vex_timer.cpp.o)
 .ARM.attributes
                0x20015864       0x39 c:\Users\napat\AppData\Roaming\Code\User\globalStorage\vexrobotics.vexcode\sdk\cpp\IQ2\IQ2_20250520_15_00_00/vexiq2\libviq2rt.a(vex_motor.cpp.o)
 .ARM.attributes
                0x2001589d       0x39 c:\Users\napat\AppData\Roaming\Code\User\globalStorage\vexrobotics.vexcode\sdk\cpp\IQ2\IQ2_20250520_15_00_00/vexiq2\libviq2rt.a(vex_touchled.cpp.o)
 .ARM.attributes
                0x200158d6       0x39 c:\Users\napat\AppData\Roaming\Code\User\globalStorage\vexrobotics.vexcode\sdk\cpp\IQ2\IQ2_20250520_15_00_00/vexiq2\libviq2rt.a(vex_distance.cpp.o)
 .ARM.attributes
                0x2001590f       0x39 c:\Users\napat\AppData\Roaming\Code\User\globalStorage\vexrobotics.vexcode\sdk\cpp\IQ2\IQ2_20250520_15_00_00/vexiq2\libviq2rt.a(vex_pneumatic.cpp.o)
 .ARM.attributes
                0x20015948       0x39 c:\Users\napat\AppData\Roaming\Code\User\globalStorage\vexrobotics.vexcode\sdk\cpp\IQ2\IQ2_20250520_15_00_00/vexiq2\libviq2rt.a(vex_motorgroup.cpp.o)
 .ARM.attributes
                0x20015981       0x39 c:\Users\napat\AppData\Roaming\Code\User\globalStorage\vexrobotics.vexcode\sdk\cpp\IQ2\IQ2_20250520_15_00_00/vexiq2\libviq2rt.a(vex_controller.cpp.o)
 .ARM.attributes
                0x200159ba       0x39 c:\Users\napat\AppData\Roaming\Code\User\globalStorage\vexrobotics.vexcode\sdk\cpp\IQ2\IQ2_20250520_15_00_00/vexiq2\libviq2rt.a(vex_event.cpp.o)
 .ARM.attributes
                0x200159f3       0x39 c:\Users\napat\AppData\Roaming\Code\User\globalStorage\vexrobotics.vexcode\sdk\cpp\IQ2\IQ2_20250520_15_00_00/vexiq2\libviq2rt.a(vex_device.cpp.o)
 .ARM.attributes
                0x20015a2c       0x34 c:\Users\napat\AppData\Roaming\Code\User\globalStorage\vexrobotics.vexcode\sdk\cpp\IQ2\IQ2_20250520_15_00_00/vexiq2/gcc/libs\libc_nano.a(lib_a-aeabi_atexit.o)
 .ARM.attributes
                0x20015a60       0x34 c:\Users\napat\AppData\Roaming\Code\User\globalStorage\vexrobotics.vexcode\sdk\cpp\IQ2\IQ2_20250520_15_00_00/vexiq2/gcc/libs\libc_nano.a(lib_a-fflush.o)
 .ARM.attributes
                0x20015a94       0x34 c:\Users\napat\AppData\Roaming\Code\User\globalStorage\vexrobotics.vexcode\sdk\cpp\IQ2\IQ2_20250520_15_00_00/vexiq2/gcc/libs\libc_nano.a(lib_a-findfp.o)
 .ARM.attributes
                0x20015ac8       0x34 c:\Users\napat\AppData\Roaming\Code\User\globalStorage\vexrobotics.vexcode\sdk\cpp\IQ2\IQ2_20250520_15_00_00/vexiq2/gcc/libs\libc_nano.a(lib_a-fwalk.o)
 .ARM.attributes
                0x20015afc       0x34 c:\Users\napat\AppData\Roaming\Code\User\globalStorage\vexrobotics.vexcode\sdk\cpp\IQ2\IQ2_20250520_15_00_00/vexiq2/gcc/libs\libc_nano.a(lib_a-impure.o)
 .ARM.attributes
                0x20015b30       0x34 c:\Users\napat\AppData\Roaming\Code\User\globalStorage\vexrobotics.vexcode\sdk\cpp\IQ2\IQ2_20250520_15_00_00/vexiq2/gcc/libs\libc_nano.a(lib_a-init.o)
 .ARM.attributes
                0x20015b64       0x34 c:\Users\napat\AppData\Roaming\Code\User\globalStorage\vexrobotics.vexcode\sdk\cpp\IQ2\IQ2_20250520_15_00_00/vexiq2/gcc/libs\libc_nano.a(lib_a-makebuf.o)
 .ARM.attributes
                0x20015b98       0x34 c:\Users\napat\AppData\Roaming\Code\User\globalStorage\vexrobotics.vexcode\sdk\cpp\IQ2\IQ2_20250520_15_00_00/vexiq2/gcc/libs\libc_nano.a(lib_a-memset.o)
 .ARM.attributes
                0x20015bcc       0x34 c:\Users\napat\AppData\Roaming\Code\User\globalStorage\vexrobotics.vexcode\sdk\cpp\IQ2\IQ2_20250520_15_00_00/vexiq2/gcc/libs\libc_nano.a(lib_a-nano-freer.o)
 .ARM.attributes
                0x20015c00       0x34 c:\Users\napat\AppData\Roaming\Code\User\globalStorage\vexrobotics.vexcode\sdk\cpp\IQ2\IQ2_20250520_15_00_00/vexiq2/gcc/libs\libc_nano.a(lib_a-nano-mallocr.o)
 .ARM.attributes
                0x20015c34       0x34 c:\Users\napat\AppData\Roaming\Code\User\globalStorage\vexrobotics.vexcode\sdk\cpp\IQ2\IQ2_20250520_15_00_00/vexiq2/gcc/libs\libc_nano.a(lib_a-printf.o)
 .ARM.attributes
                0x20015c68       0x34 c:\Users\napat\AppData\Roaming\Code\User\globalStorage\vexrobotics.vexcode\sdk\cpp\IQ2\IQ2_20250520_15_00_00/vexiq2/gcc/libs\libc_nano.a(lib_a-putchar.o)
 .ARM.attributes
                0x20015c9c       0x34 c:\Users\napat\AppData\Roaming\Code\User\globalStorage\vexrobotics.vexcode\sdk\cpp\IQ2\IQ2_20250520_15_00_00/vexiq2/gcc/libs\libc_nano.a(lib_a-puts.o)
 .ARM.attributes
                0x20015cd0       0x34 c:\Users\napat\AppData\Roaming\Code\User\globalStorage\vexrobotics.vexcode\sdk\cpp\IQ2\IQ2_20250520_15_00_00/vexiq2/gcc/libs\libc_nano.a(lib_a-reent.o)
 .ARM.attributes
                0x20015d04       0x34 c:\Users\napat\AppData\Roaming\Code\User\globalStorage\vexrobotics.vexcode\sdk\cpp\IQ2\IQ2_20250520_15_00_00/vexiq2/gcc/libs\libc_nano.a(lib_a-sbrkr.o)
 .ARM.attributes
                0x20015d38       0x34 c:\Users\napat\AppData\Roaming\Code\User\globalStorage\vexrobotics.vexcode\sdk\cpp\IQ2\IQ2_20250520_15_00_00/vexiq2/gcc/libs\libc_nano.a(lib_a-stdio.o)
 .ARM.attributes
                0x20015d6c       0x34 c:\Users\napat\AppData\Roaming\Code\User\globalStorage\vexrobotics.vexcode\sdk\cpp\IQ2\IQ2_20250520_15_00_00/vexiq2/gcc/libs\libc_nano.a(lib_a-wbuf.o)
 .ARM.attributes
                0x20015da0       0x34 c:\Users\napat\AppData\Roaming\Code\User\globalStorage\vexrobotics.vexcode\sdk\cpp\IQ2\IQ2_20250520_15_00_00/vexiq2/gcc/libs\libc_nano.a(lib_a-writer.o)
 .ARM.attributes
                0x20015dd4       0x34 c:\Users\napat\AppData\Roaming\Code\User\globalStorage\vexrobotics.vexcode\sdk\cpp\IQ2\IQ2_20250520_15_00_00/vexiq2/gcc/libs\libc_nano.a(lib_a-wsetup.o)
 .ARM.attributes
                0x20015e08       0x34 c:\Users\napat\AppData\Roaming\Code\User\globalStorage\vexrobotics.vexcode\sdk\cpp\IQ2\IQ2_20250520_15_00_00/vexiq2/gcc/libs\libc_nano.a(lib_a-closer.o)
 .ARM.attributes
                0x20015e3c       0x34 c:\Users\napat\AppData\Roaming\Code\User\globalStorage\vexrobotics.vexcode\sdk\cpp\IQ2\IQ2_20250520_15_00_00/vexiq2/gcc/libs\libc_nano.a(lib_a-fstatr.o)
 .ARM.attributes
                0x20015e70       0x34 c:\Users\napat\AppData\Roaming\Code\User\globalStorage\vexrobotics.vexcode\sdk\cpp\IQ2\IQ2_20250520_15_00_00/vexiq2/gcc/libs\libc_nano.a(lib_a-isattyr.o)
 .ARM.attributes
                0x20015ea4       0x34 c:\Users\napat\AppData\Roaming\Code\User\globalStorage\vexrobotics.vexcode\sdk\cpp\IQ2\IQ2_20250520_15_00_00/vexiq2/gcc/libs\libc_nano.a(lib_a-lseekr.o)
 .ARM.attributes
                0x20015ed8       0x34 c:\Users\napat\AppData\Roaming\Code\User\globalStorage\vexrobotics.vexcode\sdk\cpp\IQ2\IQ2_20250520_15_00_00/vexiq2/gcc/libs\libc_nano.a(lib_a-mlock.o)
 .ARM.attributes
                0x20015f0c       0x34 c:\Users\napat\AppData\Roaming\Code\User\globalStorage\vexrobotics.vexcode\sdk\cpp\IQ2\IQ2_20250520_15_00_00/vexiq2/gcc/libs\libc_nano.a(lib_a-nano-vfprintf.o)
 .ARM.attributes
                0x20015f40       0x34 c:\Users\napat\AppData\Roaming\Code\User\globalStorage\vexrobotics.vexcode\sdk\cpp\IQ2\IQ2_20250520_15_00_00/vexiq2/gcc/libs\libc_nano.a(lib_a-nano-vfprintf_i.o)
 .ARM.attributes
                0x20015f74       0x34 c:\Users\napat\AppData\Roaming\Code\User\globalStorage\vexrobotics.vexcode\sdk\cpp\IQ2\IQ2_20250520_15_00_00/vexiq2/gcc/libs\libc_nano.a(lib_a-putc.o)
 .ARM.attributes
                0x20015fa8       0x34 c:\Users\napat\AppData\Roaming\Code\User\globalStorage\vexrobotics.vexcode\sdk\cpp\IQ2\IQ2_20250520_15_00_00/vexiq2/gcc/libs\libc_nano.a(lib_a-readr.o)
 .ARM.attributes
                0x20015fdc       0x20 c:\Users\napat\AppData\Roaming\Code\User\globalStorage\vexrobotics.vexcode\sdk\cpp\IQ2\IQ2_20250520_15_00_00/vexiq2/gcc/libs\libc_nano.a(lib_a-memchr.o)
 .ARM.attributes
                0x20015ffc       0x22 c:\Users\napat\AppData\Roaming\Code\User\globalStorage\vexrobotics.vexcode\sdk\cpp\IQ2\IQ2_20250520_15_00_00/vexiq2/gcc/libs\libgcc.a(_arm_addsubdf3.o)
 .ARM.attributes
                0x2001601e       0x22 c:\Users\napat\AppData\Roaming\Code\User\globalStorage\vexrobotics.vexcode\sdk\cpp\IQ2\IQ2_20250520_15_00_00/vexiq2/gcc/libs\libgcc.a(_arm_muldivdf3.o)
 .ARM.attributes
                0x20016040       0x22 c:\Users\napat\AppData\Roaming\Code\User\globalStorage\vexrobotics.vexcode\sdk\cpp\IQ2\IQ2_20250520_15_00_00/vexiq2/gcc/libs\libgcc.a(_arm_cmpdf2.o)
 .ARM.attributes
                0x20016062       0x22 c:\Users\napat\AppData\Roaming\Code\User\globalStorage\vexrobotics.vexcode\sdk\cpp\IQ2\IQ2_20250520_15_00_00/vexiq2/gcc/libs\libgcc.a(_arm_fixdfsi.o)
 .ARM.attributes
                0x20016084       0x39 c:\Users\napat\AppData\Roaming\Code\User\globalStorage\vexrobotics.vexcode\sdk\cpp\IQ2\IQ2_20250520_15_00_00/vexiq2\libviq2rt.a(iq2_fstubs.c.o)
                0x200160bd                __ARM.attributes_end = .

.sdata          0x20015578        0x0
                0x20015578                __sdata_start = .
 *(.sdata)
 *(.sdata.*)
 *(.gnu.linkonce.s.*)
                0x20015578                __sdata_end = .

.sbss           0x20015578        0x0
                0x20015578                __sbss_start = .
 *(.sbss)
 *(.sbss.*)
 *(.gnu.linkonce.sb.*)
                0x20015578                __sbss_end = .

.tdata          0x20015578        0x0
                0x20015578                __tdata_start = .
 *(.tdata)
 *(.tdata.*)
 *(.gnu.linkonce.td.*)
                0x20015578                __tdata_end = .

.tbss           0x20015578        0x0
                0x20015578                __tbss_start = .
 *(.tbss)
 *(.tbss.*)
 *(.gnu.linkonce.tb.*)
                0x20015578                __tbss_end = .

.bss            0x20015578      0x414
                0x20015578                __bss_start = .
 *(.bss)
 *(.bss.*)
 .bss.Brain     0x20015578       0xc4 build/src/main.o
                0x20015578                Brain
 .bss.Controller
                0x2001563c       0x78 build/src/main.o
                0x2001563c                Controller
 .bss.fBeamGuideOut
                0x200156b4        0x1 build/src/main.o
                0x200156b4                fBeamGuideOut
 *fill*         0x200156b5        0x3 
 .bss.mot_dtLeft
                0x200156b8       0x30 build/src/main.o
                0x200156b8                mot_dtLeft
 .bss.mot_dtRight
                0x200156e8       0x30 build/src/main.o
                0x200156e8                mot_dtRight
 .bss.mot_pinLeft
                0x20015718       0x30 build/src/main.o
                0x20015718                mot_pinLeft
 .bss.mot_pinRight
                0x20015748       0x30 build/src/main.o
                0x20015748                mot_pinRight
 .bss.mot_beamLeft
                0x20015778       0x30 build/src/main.o
                0x20015778                mot_beamLeft
 .bss.mot_beamRight
                0x200157a8       0x30 build/src/main.o
                0x200157a8                mot_beamRight
 .bss.mg_pin    0x200157d8       0x48 build/src/main.o
                0x200157d8                mg_pin
 .bss.mg_beam   0x20015820       0x48 build/src/main.o
                0x20015820                mg_beam
 .bss.pneuVGuide
                0x20015868       0x14 build/src/main.o
                0x20015868                pneuVGuide
 .bss.pneuVGrabber
                0x2001587c       0x14 build/src/main.o
                0x2001587c                pneuVGrabber
 .bss.dis_left  0x20015890       0x14 build/src/main.o
                0x20015890                dis_left
 .bss.dis_right
                0x200158a4       0x14 build/src/main.o
                0x200158a4                dis_right
 .bss.TouchLED12
                0x200158b8       0x1c build/src/main.o
                0x200158b8                TouchLED12
 .bss.pinPos    0x200158d4        0x1 build/src/main.o
                0x200158d4                pinPos
 .bss.beamPos   0x200158d5        0x1 build/src/main.o
                0x200158d5                beamPos
 .bss.pinGraber
                0x200158d6        0x1 build/src/main.o
                0x200158d6                pinGraber
 .bss.beamGraber
                0x200158d7        0x1 build/src/main.o
                0x200158d7                beamGraber
 .bss.BrainTimer
                0x200158d8        0x8 build/src/main.o
                0x200158d8                BrainTimer
 .bss.OverRideDriveTrain
                0x200158e0        0x1 build/src/main.o