Archive member included to satisfy reference by file (symbol)

/Users/saranyim/Library/Application Support/Code/User/globalStorage/vexrobotics.vexcode/sdk/cpp/IQ2/IQ2_20250520_15_00_00/vexiq2/libviq2rt.a(iq2_startup.c.o)
                              (vexStartup)
/Users/saranyim/Library/Application Support/Code/User/globalStorage/vexrobotics.vexcode/sdk/cpp/IQ2/IQ2_20250520_15_00_00/vexiq2/libviq2rt.a(iq2_apijump.c.o)
                              /Users/saranyim/Library/Application Support/Code/User/globalStorage/vexrobotics.vexcode/sdk/cpp/IQ2/IQ2_20250520_15_00_00/vexiq2/libviq2rt.a(iq2_startup.c.o) (vexTaskAdd)
/Users/saranyim/Library/Application Support/Code/User/globalStorage/vexrobotics.vexcode/sdk/cpp/IQ2/IQ2_20250520_15_00_00/vexiq2/libviq2rt.a(iq2_apiversions.c.o)
                              /Users/saranyim/Library/Application Support/Code/User/globalStorage/vexrobotics.vexcode/sdk/cpp/IQ2/IQ2_20250520_15_00_00/vexiq2/libviq2rt.a(iq2_apijump.c.o) (vexSystemVersion)
/Users/saranyim/Library/Application Support/Code/User/globalStorage/vexrobotics.vexcode/sdk/cpp/IQ2/IQ2_20250520_15_00_00/vexiq2/libviq2rt.a(vex_global.cpp.o)
                              build/src/autonomous.o (vex::wait(double, vex::timeUnits))
/Users/saranyim/Library/Application Support/Code/User/globalStorage/vexrobotics.vexcode/sdk/cpp/IQ2/IQ2_20250520_15_00_00/vexiq2/libviq2rt.a(vex_color.cpp.o)
                              build/src/autonomous.o (vex::color::~color())
/Users/saranyim/Library/Application Support/Code/User/globalStorage/vexrobotics.vexcode/sdk/cpp/IQ2/IQ2_20250520_15_00_00/vexiq2/libviq2rt.a(vex_task.cpp.o)
                              build/src/autonomous.o (vex::task::task(int (*)()))
/Users/saranyim/Library/Application Support/Code/User/globalStorage/vexrobotics.vexcode/sdk/cpp/IQ2/IQ2_20250520_15_00_00/vexiq2/libviq2rt.a(vex_thread.cpp.o)
                              /Users/saranyim/Library/Application Support/Code/User/globalStorage/vexrobotics.vexcode/sdk/cpp/IQ2/IQ2_20250520_15_00_00/vexiq2/libviq2rt.a(vex_global.cpp.o) (vex::this_thread::sleep_for(unsigned long))
/Users/saranyim/Library/Application Support/Code/User/globalStorage/vexrobotics.vexcode/sdk/cpp/IQ2/IQ2_20250520_15_00_00/vexiq2/libviq2rt.a(vex_brain.cpp.o)
                              build/src/main.o (vex::brain::~brain())
/Users/saranyim/Library/Application Support/Code/User/globalStorage/vexrobotics.vexcode/sdk/cpp/IQ2/IQ2_20250520_15_00_00/vexiq2/libviq2rt.a(vex_timer.cpp.o)
                              build/src/main.o (vex::timer::~timer())
/Users/saranyim/Library/Application Support/Code/User/globalStorage/vexrobotics.vexcode/sdk/cpp/IQ2/IQ2_20250520_15_00_00/vexiq2/libviq2rt.a(vex_motor.cpp.o)
                              build/src/main.o (vex::motor::~motor())
/Users/saranyim/Library/Application Support/Code/User/globalStorage/vexrobotics.vexcode/sdk/cpp/IQ2/IQ2_20250520_15_00_00/vexiq2/libviq2rt.a(vex_touchled.cpp.o)
                              build/src/main.o (vex::touchled::touchled(long))
/Users/saranyim/Library/Application Support/Code/User/globalStorage/vexrobotics.vexcode/sdk/cpp/IQ2/IQ2_20250520_15_00_00/vexiq2/libviq2rt.a(vex_distance.cpp.o)
                              build/src/main.o (vex::distance::distance(long))
/Users/saranyim/Library/Application Support/Code/User/globalStorage/vexrobotics.vexcode/sdk/cpp/IQ2/IQ2_20250520_15_00_00/vexiq2/libviq2rt.a(vex_pneumatic.cpp.o)
                              build/src/main.o (vex::pneumatic::pneumatic(long, bool))
/Users/saranyim/Library/Application Support/Code/User/globalStorage/vexrobotics.vexcode/sdk/cpp/IQ2/IQ2_20250520_15_00_00/vexiq2/libviq2rt.a(vex_motorgroup.cpp.o)
                              build/src/main.o (vex::motor_group::motor_group())
/Users/saranyim/Library/Application Support/Code/User/globalStorage/vexrobotics.vexcode/sdk/cpp/IQ2/IQ2_20250520_15_00_00/vexiq2/libviq2rt.a(vex_controller.cpp.o)
                              build/src/main.o (vex::controller::controller())
/Users/saranyim/Library/Application Support/Code/User/globalStorage/vexrobotics.vexcode/sdk/cpp/IQ2/IQ2_20250520_15_00_00/vexiq2/libviq2rt.a(vex_event.cpp.o)
                              /Users/saranyim/Library/Application Support/Code/User/globalStorage/vexrobotics.vexcode/sdk/cpp/IQ2/IQ2_20250520_15_00_00/vexiq2/libviq2rt.a(vex_brain.cpp.o) (vex::event::init(unsigned long, unsigned long, void (*)()))
/Users/saranyim/Library/Application Support/Code/User/globalStorage/vexrobotics.vexcode/sdk/cpp/IQ2/IQ2_20250520_15_00_00/vexiq2/libviq2rt.a(vex_device.cpp.o)
                              /Users/saranyim/Library/Application Support/Code/User/globalStorage/vexrobotics.vexcode/sdk/cpp/IQ2/IQ2_20250520_15_00_00/vexiq2/libviq2rt.a(vex_pneumatic.cpp.o) (vex::device::value())
/Users/saranyim/Library/Application Support/Code/User/globalStorage/vexrobotics.vexcode/sdk/cpp/IQ2/IQ2_20250520_15_00_00/vexiq2/gcc/libs/libc_nano.a(lib_a-aeabi_atexit.o)
[...]
Memory Configuration

Name             Origin             Length             Attributes
SRAM_1_2_3       0x0000000020010000 0x0000000000018000 xrw
*default*        0x0000000000000000 0xffffffffffffffff

Linker script and memory map

                0x0000000000000020                _STACK_SIZE = DEFINED (_STACK_SIZE)?_STACK_SIZE:0x20
                0x0000000000001000                _HEAP_SIZE = DEFINED (_HEAP_SIZE)?_HEAP_SIZE:0x1000

.text           0x0000000020010000     0x4fb2
 *(.vectors)
 *(.boot_data)
 .boot_data     0x0000000020010000       0x10 /Users/saranyim/Library/Application Support/Code/User/globalStorage/vexrobotics.vexcode/sdk/cpp/IQ2/IQ2_20250520_15_00_00/vexiq2/libviq2rt.a(iq2_startup.c.o)
                0x0000000020010000                vexCodeSig
                0x0000000000000020                . = 0x20
 *fill*         0x0000000020010010       0x10 
 *(.boot)
 .boot          0x0000000020010020       0x64 /Users/saranyim/Library/Application Support/Code/User/globalStorage/vexrobotics.vexcode/sdk/cpp/IQ2/IQ2_20250520_15_00_00/vexiq2/libviq2rt.a(iq2_startup.c.o)
                0x0000000020010020                vexStartup
                0x00000000200100c0                . = ALIGN (0x40)
 *fill*         0x0000000020010084       0x3c 
 *(.freertos_vectors)
 *(.text)
 .text          0x00000000200100c0       0xa0 /Users/saranyim/Library/Application Support/Code/User/globalStorage/vexrobotics.vexcode/sdk/cpp/IQ2/IQ2_20250520_15_00_00/vexiq2/gcc/libs/libc_nano.a(lib_a-memchr.o)
                0x00000000200100c0                memchr
 .text          0x0000000020010160      0x378 /Users/saranyim/Library/Application Support/Code/User/globalStorage/vexrobotics.vexcode/sdk/cpp/IQ2/IQ2_20250520_15_00_00/vexiq2/gcc/libs/libgcc.a(_arm_addsubdf3.o)
                0x0000000020010160                __aeabi_drsub
                0x0000000020010168                __subdf3
                0x0000000020010168                __aeabi_dsub
                0x000000002001016c                __aeabi_dadd
                0x000000002001016c                __adddf3
                0x00000000200103e4                __aeabi_ui2d
                0x00000000200103e4                __floatunsidf
                0x0000000020010404                __floatsidf
                0x0000000020010404                __aeabi_i2d
                0x0000000020010428                __extendsfdf2
                0x0000000020010428                __aeabi_f2d
                0x000000002001046c                __aeabi_ul2d
                0x000000002001046c                __floatundidf
                0x000000002001047c                __aeabi_l2d
                0x000000002001047c                __floatdidf
 .text          0x00000000200104d8      0x424 /Users/saranyim/Library/Application Support/Code/User/globalStorage/vexrobotics.vexcode/sdk/cpp/IQ2/IQ2_20250520_15_00_00/vexiq2/gcc/libs/libgcc.a(_arm_muldivdf3.o)
                0x00000000200104d8                __aeabi_dmul
                0x00000000200104d8                __muldf3
                0x000000002001072c                __aeabi_ddiv
                0x000000002001072c                __divdf3
 .text          0x00000000200108fc      0x110 /Users/saranyim/Library/Application Support/Code/User/globalStorage/vexrobotics.vexcode/sdk/cpp/IQ2/IQ2_20250520_15_00_00/vexiq2/gcc/libs/libgcc.a(_arm_cmpdf2.o)
                0x00000000200108fc                __gedf2
                0x00000000200108fc                __gtdf2
                0x0000000020010904                __ledf2
                0x0000000020010904                __ltdf2
                0x000000002001090c                __cmpdf2
                0x000000002001090c                __eqdf2
                0x000000002001090c                __nedf2
                0x0000000020010988                __aeabi_cdrcmple
                0x0000000020010998                __aeabi_cdcmple
                0x0000000020010998                __aeabi_cdcmpeq
                0x00000000200109a8                __aeabi_dcmpeq
                0x00000000200109bc                __aeabi_dcmplt
                0x00000000200109d0                __aeabi_dcmple
                0x00000000200109e4                __aeabi_dcmpge
                0x00000000200109f8                __aeabi_dcmpgt
 .text          0x0000000020010a0c       0x50 /Users/saranyim/Library/Application Support/Code/User/globalStorage/vexrobotics.vexcode/sdk/cpp/IQ2/IQ2_20250520_15_00_00/vexiq2/gcc/libs/libgcc.a(_arm_fixdfsi.o)
                0x0000000020010a0c                __fixdfsi
                0x0000000020010a0c                __aeabi_d2iz
 *(.text.*)
 *fill*         0x0000000020010a5c        0x4 
 .text._Z28myblockfunction_Grab_Beam_upv
                0x0000000020010a60      0x160 build/src/beam.o
                0x0000000020010a60                myblockfunction_Grab_Beam_up()
 .text._Z26myblockfunction_Place_beamv
                0x0000000020010bc0      0x400 build/src/beam.o
                0x0000000020010bc0                myblockfunction_Place_beam()
 .text._Z30myblockfunction_Drop_down_beamv
                0x0000000020010fc0      0x1f0 build/src/beam.o
                0x0000000020010fc0                myblockfunction_Drop_down_beam()
 .text._Z8TaskBeamv
                0x00000000200111b0      0x360 build/src/beam.o
                0x00000000200111b0                TaskBeam()
 .text._Z14TaskDriveTrainv
                0x0000000020011510      0x1e0 build/src/drive.o
                0x0000000020011510                TaskDriveTrain()
 .text._Z36onevent_ControllerButtonL3_pressed_0v
                0x00000000200116f0       0x16 build/src/main.o
                0x00000000200116f0                onevent_ControllerButtonL3_pressed_0()
 *fill*         0x0000000020011706        0x2 
 .text._Z36onevent_ControllerButtonR3_pressed_0v
                0x0000000020011708       0x40 build/src/main.o
                0x0000000020011708                onevent_ControllerButtonR3_pressed_0()
 .text._Z37onevent_ControllerButtonEUp_pressed_0v
                0x0000000020011748       0x22 build/src/main.o
                0x0000000020011748                onevent_ControllerButtonEUp_pressed_0()
 *fill*         0x000000002001176a        0x6 
 .text.main     0x0000000020011770      0x1a0 build/src/main.o
                0x0000000020011770                main
 .text._Z11TaskControlv
                0x0000000020011910      0x4c4 build/src/main.o
                0x0000000020011910                TaskControl()
 .text._GLOBAL__sub_I_main.cpp
                0x0000000020011dd4      0x268 build/src/main.o
 *fill*         0x000000002001203c        0x4 
 .text._Z33myblockfunction_Drop_Down_Grab_Upv
                0x0000000020012040      0x170 build/src/pin.o
                0x0000000020012040                myblockfunction_Drop_Down_Grab_Up()
 .text._Z25myblockfunction_Drop_downv
                0x00000000200121b0      0x250 build/src/pin.o
                0x00000000200121b0                myblockfunction_Drop_down()
 .text._Z28myblockfunction_Grab_then_upv
                0x0000000020012400      0x110 build/src/pin.o
                0x0000000020012400                myblockfunction_Grab_then_up()
 .text._Z29myblockfunction_Flip_Pin_Overv
                0x0000000020012510      0x290 build/src/pin.o
                0x0000000020012510                myblockfunction_Flip_Pin_Over()
 .text._Z16Grab_Release_Pinv
                0x00000000200127a0       0x7a build/src/pin.o
                0x00000000200127a0                Grab_Release_Pin()
 *fill*         0x000000002001281a        0x6 
 .text._Z7TaskPinv
                0x0000000020012820      0x270 build/src/pin.o
                0x0000000020012820                TaskPin()
 .text.vexMain  0x0000000020012a90       0x60 /Users/saranyim/Library/Application Support/Code/User/globalStorage/vexrobotics.vexcode/sdk/cpp/IQ2/IQ2_20250520_15_00_00/vexiq2/libviq2rt.a(iq2_startup.c.o)
                0x0000000020012a90                vexMain
 .text.__vex_function_prolog
                0x0000000020012af0       0x10 /Users/saranyim/Library/Application Support/Code/User/globalStorage/vexrobotics.vexcode/sdk/cpp/IQ2/IQ2_20250520_15_00_00/vexiq2/libviq2rt.a(iq2_startup.c.o)
                0x0000000020012af0                __vex_function_prolog
 .text._init    0x0000000020012b00        0x2 /Users/saranyim/Library/Application Support/Code/User/globalStorage/vexrobotics.vexcode/sdk/cpp/IQ2/IQ2_20250520_15_00_00/vexiq2/libviq2rt.a(iq2_startup.c.o)
                0x0000000020012b00                _init
 .text._fini    0x0000000020012b02        0x2 /Users/saranyim/Library/Application Support/Code/User/globalStorage/vexrobotics.vexcode/sdk/cpp/IQ2/IQ2_20250520_15_00_00/vexiq2/libviq2rt.a(iq2_startup.c.o)
                0x0000000020012b02                _fini
 .text._sbrk    0x0000000020012b04       0x38 /Users/saranyim/Library/Application Support/Code/User/globalStorage/vexrobotics.vexcode/sdk/cpp/IQ2/IQ2_20250520_15_00_00/vexiq2/libviq2rt.a(iq2_startup.c.o)
                0x0000000020012b04                _sbrk
 .text.__cxa_atexit
                0x0000000020012b3c        0x4 /Users/saranyim/Library/Application Support/Code/User/globalStorage/vexrobotics.vexcode/sdk/cpp/IQ2/IQ2_20250520_15_00_00/vexiq2/libviq2rt.a(iq2_startup.c.o)
                0x0000000020012b3c                __cxa_atexit
 .text.vexTaskAdd
                0x0000000020012b40        0xc /Users/saranyim/Library/Application Support/Code/User/globalStorage/vexrobotics.vexcode/sdk/cpp/IQ2/IQ2_20250520_15_00_00/vexiq2/libviq2rt.a(iq2_apijump.c.o)
                0x0000000020012b40                vexTaskAdd
 .text.vexTaskCheckTimeslice
                0x0000000020012b4c        0xc /Users/saranyim/Library/Application Support/Code/User/globalStorage/vexrobotics.vexcode/sdk/cpp/IQ2/IQ2_20250520_15_00_00/vexiq2/libviq2rt.a(iq2_apijump.c.o)
                0x0000000020012b4c                vexTaskCheckTimeslice
 .text.vexTaskSleep
                0x0000000020012b58        0xc /Users/saranyim/Library/Application Support/Code/User/globalStorage/vexrobotics.vexcode/sdk/cpp/IQ2/IQ2_20250520_15_00_00/vexiq2/libviq2rt.a(iq2_apijump.c.o)
                0x0000000020012b58                vexTaskSleep
 .text.vexTasksDump
                0x0000000020012b64       0x18 /Users/saranyim/Library/Application Support/Code/User/globalStorage/vexrobotics.vexcode/sdk/cpp/IQ2/IQ2_20250520_15_00_00/vexiq2/libviq2rt.a(iq2_apijump.c.o)
                0x0000000020012b64                vexTasksDump
 .text.vexTaskGetTaskIndex
                0x0000000020012b7c        0xc /Users/saranyim/Library/Application Support/Code/User/globalStorage/vexrobotics.vexcode/sdk/cpp/IQ2/IQ2_20250520_15_00_00/vexiq2/libviq2rt.a(iq2_apijump.c.o)
                0x0000000020012b7c                vexTaskGetTaskIndex
 .text.vexTaskCompletionIdSet
                0x0000000020012b88        0xc /Users/saranyim/Library/Application Support/Code/User/globalStorage/vexrobotics.vexcode/sdk/cpp/IQ2/IQ2_20250520_15_00_00/vexiq2/libviq2rt.a(iq2_apijump.c.o)
                0x0000000020012b88                vexTaskCompletionIdSet
 .text.vexCriticalSection
                0x0000000020012b94        0xc /Users/saranyim/Library/Application Support/Code/User/globalStorage/vexrobotics.vexcode/sdk/cpp/IQ2/IQ2_20250520_15_00_00/vexiq2/libviq2rt.a(iq2_apijump.c.o)
                0x0000000020012b94                vexCriticalSection
 .text.vexDisplayContextSwitch
                0x0000000020012ba0        0xc /Users/saranyim/Library/Application Support/Code/User/globalStorage/vexrobotics.vexcode/sdk/cpp/IQ2/IQ2_20250520_15_00_00/vexiq2/libviq2rt.a(iq2_apijump.c.o)
                0x0000000020012ba0                vexDisplayContextSwitch
 .text.vexEventAdd
                0x0000000020012bac       0x24 /Users/saranyim/Library/Application Support/Code/User/globalStorage/vexrobotics.vexcode/sdk/cpp/IQ2/IQ2_20250520_15_00_00/vexiq2/libviq2rt.a(iq2_apijump.c.o)
                0x0000000020012bac                vexEventAdd
 .text.vexEventUserIndexGet
                0x0000000020012bd0       0x18 /Users/saranyim/Library/Application Support/Code/User/globalStorage/vexrobotics.vexcode/sdk/cpp/IQ2/IQ2_20250520_15_00_00/vexiq2/libviq2rt.a(iq2_apijump.c.o)
                0x0000000020012bd0                vexEventUserIndexGet
 .text.vexDebug
                0x0000000020012be8       0x2c /Users/saranyim/Library/Application Support/Code/User/globalStorage/vexrobotics.vexcode/sdk/cpp/IQ2/IQ2_20250520_15_00_00/vexiq2/libviq2rt.a(iq2_apijump.c.o)
                0x0000000020012be8                vexDebug
 .text.vex_sprintf
                0x0000000020012c14       0x30 /Users/saranyim/Library/Application Support/Code/User/globalStorage/vexrobotics.vexcode/sdk/cpp/IQ2/IQ2_20250520_15_00_00/vexiq2/libviq2rt.a(iq2_apijump.c.o)
                0x0000000020012c14                vex_sprintf
 .text.vexSystemTimeGet
                0x0000000020012c44       0x18 /Users/saranyim/Library/Application Support/Code/User/globalStorage/vexrobotics.vexcode/sdk/cpp/IQ2/IQ2_20250520_15_00_00/vexiq2/libviq2rt.a(iq2_apijump.c.o)
                0x0000000020012c44                vexSystemTimeGet
 .text.vexSystemExitRequest
                0x0000000020012c5c       0x18 /Users/saranyim/Library/Application Support/Code/User/globalStorage/vexrobotics.vexcode/sdk/cpp/IQ2/IQ2_20250520_15_00_00/vexiq2/libviq2rt.a(iq2_apijump.c.o)
                0x0000000020012c5c                vexSystemExitRequest
 .text._write_user
                0x0000000020012c74       0x28 /Users/saranyim/Library/Application Support/Code/User/globalStorage/vexrobotics.vexcode/sdk/cpp/IQ2/IQ2_20250520_15_00_00/vexiq2/libviq2rt.a(iq2_apijump.c.o)
                0x0000000020012c74                _write_user
 .text._read_user
                0x0000000020012c9c       0x28 /Users/saranyim/Library/Application Support/Code/User/globalStorage/vexrobotics.vexcode/sdk/cpp/IQ2/IQ2_20250520_15_00_00/vexiq2/libviq2rt.a(iq2_apijump.c.o)
                0x0000000020012c9c                _read_user
 .text._close_user
                0x0000000020012cc4       0x14 /Users/saranyim/Library/Application Support/Code/User/globalStorage/vexrobotics.vexcode/sdk/cpp/IQ2/IQ2_20250520_15_00_00/vexiq2/libviq2rt.a(iq2_apijump.c.o)
                0x0000000020012cc4                _close_user
 .text._lseek_user
                0x0000000020012cd8       0x28 /Users/saranyim/Library/Application Support/Code/User/globalStorage/vexrobotics.vexcode/sdk/cpp/IQ2/IQ2_20250520_15_00_00/vexiq2/libviq2rt.a(iq2_apijump.c.o)
                0x0000000020012cd8                _lseek_user
 .text._fstat_user
                0x0000000020012d00       0x1c /Users/saranyim/Library/Application Support/Code/User/globalStorage/vexrobotics.vexcode/sdk/cpp/IQ2/IQ2_20250520_15_00_00/vexiq2/libviq2rt.a(iq2_apijump.c.o)
                0x0000000020012d00                _fstat_user
 .text._isatty_user
                0x0000000020012d1c       0x18 /Users/saranyim/Library/Application Support/Code/User/globalStorage/vexrobotics.vexcode/sdk/cpp/IQ2/IQ2_20250520_15_00_00/vexiq2/libviq2rt.a(iq2_apijump.c.o)
                0x0000000020012d1c                _isatty_user
 .text.vexDeviceGetByIndex
                0x0000000020012d34       0x1c /Users/saranyim/Library/Application Support/Code/User/globalStorage/vexrobotics.vexcode/sdk/cpp/IQ2/IQ2_20250520_15_00_00/vexiq2/libviq2rt.a(iq2_apijump.c.o)
                0x0000000020012d34                vexDeviceGetByIndex
 .text.vexTouchledValueGet
                0x0000000020012d50       0x1c /Users/saranyim/Library/Application Support/Code/User/globalStorage/vexrobotics.vexcode/sdk/cpp/IQ2/IQ2_20250520_15_00_00/vexiq2/libviq2rt.a(iq2_apijump.c.o)
                0x0000000020012d50                vexTouchledValueGet
 .text.vexTouchledRgbSet
                0x0000000020012d6c       0x2c /Users/saranyim/Library/Application Support/Code/User/globalStorage/vexrobotics.vexcode/sdk/cpp/IQ2/IQ2_20250520_15_00_00/vexiq2/libviq2rt.a(iq2_apijump.c.o)
                0x0000000020012d6c                vexTouchledRgbSet
 .text.vexTouchledOn
                0x0000000020012d98       0x1c /Users/saranyim/Library/Application Support/Code/User/globalStorage/vexrobotics.vexcode/sdk/cpp/IQ2/IQ2_20250520_15_00_00/vexiq2/libviq2rt.a(iq2_apijump.c.o)
                0x0000000020012d98                vexTouchledOn
 .text.vexTouchledBrightnessSet
                0x0000000020012db4       0x20 /Users/saranyim/Library/Application Support/Code/User/globalStorage/vexrobotics.vexcode/sdk/cpp/IQ2/IQ2_20250520_15_00_00/vexiq2/libviq2rt.a(iq2_apijump.c.o)
                0x0000000020012db4                vexTouchledBrightnessSet
 .text.vexMotorVelocitySet
                0x0000000020012dd4       0x20 /Users/saranyim/Library/Application Support/Code/User/globalStorage/vexrobotics.vexcode/sdk/cpp/IQ2/IQ2_20250520_15_00_00/vexiq2/libviq2rt.a(iq2_apijump.c.o)
                0x0000000020012dd4                vexMotorVelocitySet
 .text.vexMotorActualVelocityGet
                0x0000000020012df4       0x1c /Users/saranyim/Library/Application Support/Code/User/globalStorage/vexrobotics.vexcode/sdk/cpp/IQ2/IQ2_20250520_15_00_00/vexiq2/libviq2rt.a(iq2_apijump.c.o)
                0x0000000020012df4                vexMotorActualVelocityGet
 .text.vexMotorModeGet
                0x0000000020012e10       0x1c /Users/saranyim/Library/Application Support/Code/User/globalStorage/vexrobotics.vexcode/sdk/cpp/IQ2/IQ2_20250520_15_00_00/vexiq2/libviq2rt.a(iq2_apijump.c.o)
                0x0000000020012e10                vexMotorModeGet
 .text.vexMotorCurrentLimitSet
                0x0000000020012e2c       0x20 /Users/saranyim/Library/Application Support/Code/User/globalStorage/vexrobotics.vexcode/sdk/cpp/IQ2/IQ2_20250520_15_00_00/vexiq2/libviq2rt.a(iq2_apijump.c.o)
                0x0000000020012e2c                vexMotorCurrentLimitSet
 .text.vexMotorZeroPositionFlagGet
                0x0000000020012e4c       0x1c /Users/saranyim/Library/Application Support/Code/User/globalStorage/vexrobotics.vexcode/sdk/cpp/IQ2/IQ2_20250520_15_00_00/vexiq2/libviq2rt.a(iq2_apijump.c.o)
                0x0000000020012e4c                vexMotorZeroPositionFlagGet
 .text.vexMotorReverseFlagSet
                0x0000000020012e68       0x20 /Users/saranyim/Library/Application Support/Code/User/globalStorage/vexrobotics.vexcode/sdk/cpp/IQ2/IQ2_20250520_15_00_00/vexiq2/libviq2rt.a(iq2_apijump.c.o)
                0x0000000020012e68                vexMotorReverseFlagSet
 .text.vexMotorEncoderUnitsSet
                0x0000000020012e88       0x20 /Users/saranyim/Library/Application Support/Code/User/globalStorage/vexrobotics.vexcode/sdk/cpp/IQ2/IQ2_20250520_15_00_00/vexiq2/libviq2rt.a(iq2_apijump.c.o)
                0x0000000020012e88                vexMotorEncoderUnitsSet
 .text.vexMotorBrakeModeSet
                0x0000000020012ea8       0x20 /Users/saranyim/Library/Application Support/Code/User/globalStorage/vexrobotics.vexcode/sdk/cpp/IQ2/IQ2_20250520_15_00_00/vexiq2/libviq2rt.a(iq2_apijump.c.o)
                0x0000000020012ea8                vexMotorBrakeModeSet
 .text.vexMotorPositionSet
                0x0000000020012ec8       0x34 /Users/saranyim/Library/Application Support/Code/User/globalStorage/vexrobotics.vexcode/sdk/cpp/IQ2/IQ2_20250520_15_00_00/vexiq2/libviq2rt.a(iq2_apijump.c.o)
                0x0000000020012ec8                vexMotorPositionSet
 .text.vexMotorRelativeTargetSet
                0x0000000020012efc       0x38 /Users/saranyim/Library/Application Support/Code/User/globalStorage/vexrobotics.vexcode/sdk/cpp/IQ2/IQ2_20250520_15_00_00/vexiq2/libviq2rt.a(iq2_apijump.c.o)
                0x0000000020012efc                vexMotorRelativeTargetSet
 .text.vexDistanceDistanceGet
                0x0000000020012f34       0x1c /Users/saranyim/Library/Application Support/Code/User/globalStorage/vexrobotics.vexcode/sdk/cpp/IQ2/IQ2_20250520_15_00_00/vexiq2/libviq2rt.a(iq2_apijump.c.o)
                0x0000000020012f34                vexDistanceDistanceGet
 .text.vexSoundPlay
                0x0000000020012f50       0x20 /Users/saranyim/Library/Application Support/Code/User/globalStorage/vexrobotics.vexcode/sdk/cpp/IQ2/IQ2_20250520_15_00_00/vexiq2/libviq2rt.a(iq2_apijump.c.o)
                0x0000000020012f50                vexSoundPlay
 .text.vexPneumaticCompressorSet
                0x0000000020012f70       0x20 /Users/saranyim/Library/Application Support/Code/User/globalStorage/vexrobotics.vexcode/sdk/cpp/IQ2/IQ2_20250520_15_00_00/vexiq2/libviq2rt.a(iq2_apijump.c.o)
                0x0000000020012f70                vexPneumaticCompressorSet
 .text.vexPneumaticCylinderSet
                0x0000000020012f90       0x24 /Users/saranyim/Library/Application Support/Code/User/globalStorage/vexrobotics.vexcode/sdk/cpp/IQ2/IQ2_20250520_15_00_00/vexiq2/libviq2rt.a(iq2_apijump.c.o)
                0x0000000020012f90                vexPneumaticCylinderSet
 .text.vexDisplayForegroundColor
                0x0000000020012fb4       0x1c /Users/saranyim/Library/Application Support/Code/User/globalStorage/vexrobotics.vexcode/sdk/cpp/IQ2/IQ2_20250520_15_00_00/vexiq2/libviq2rt.a(iq2_apijump.c.o)
                0x0000000020012fb4                vexDisplayForegroundColor
 .text.vexDisplayBackgroundColor
                0x0000000020012fd0       0x1c /Users/saranyim/Library/Application Support/Code/User/globalStorage/vexrobotics.vexcode/sdk/cpp/IQ2/IQ2_20250520_15_00_00/vexiq2/libviq2rt.a(iq2_apijump.c.o)
                0x0000000020012fd0                vexDisplayBackgroundColor
 .text.vexDisplayTextSize
                0x0000000020012fec       0x20 /Users/saranyim/Library/Application Support/Code/User/globalStorage/vexrobotics.vexcode/sdk/cpp/IQ2/IQ2_20250520_15_00_00/vexiq2/libviq2rt.a(iq2_apijump.c.o)
                0x0000000020012fec                vexDisplayTextSize
 .text.vexDisplayFontNamedSet
                0x000000002001300c       0x1c /Users/saranyim/Library/Application Support/Code/User/globalStorage/vexrobotics.vexcode/sdk/cpp/IQ2/IQ2_20250520_15_00_00/vexiq2/libviq2rt.a(iq2_apijump.c.o)
                0x000000002001300c                vexDisplayFontNamedSet
 .text.vexControllerGet
                0x0000000020013028       0x20 /Users/saranyim/Library/Application Support/Code/User/globalStorage/vexrobotics.vexcode/sdk/cpp/IQ2/IQ2_20250520_15_00_00/vexiq2/libviq2rt.a(iq2_apijump.c.o)
                0x0000000020013028                vexControllerGet
 .text._ZN3vex4waitEdNS_9timeUnitsE
                0x0000000020013048       0x3c /Users/saranyim/Library/Application Support/Code/User/globalStorage/vexrobotics.vexcode/sdk/cpp/IQ2/IQ2_20250520_15_00_00/vexiq2/libviq2rt.a(vex_global.cpp.o)
                0x0000000020013048                vex::wait(double, vex::timeUnits)
 .text._ZN3vex5colorD2Ev
                0x0000000020013084        0x2 /Users/saranyim/Library/Application Support/Code/User/globalStorage/vexrobotics.vexcode/sdk/cpp/IQ2/IQ2_20250520_15_00_00/vexiq2/libviq2rt.a(vex_color.cpp.o)
                0x0000000020013084                vex::color::~color()
                0x0000000020013084                vex::color::~color()
 .text._ZNK3vex5color3rgbEv
                0x0000000020013086        0x4 /Users/saranyim/Library/Application Support/Code/User/globalStorage/vexrobotics.vexcode/sdk/cpp/IQ2/IQ2_20250520_15_00_00/vexiq2/libviq2rt.a(vex_color.cpp.o)
                0x0000000020013086                vex::color::rgb() const
 *fill*         0x000000002001308a        0x2 
 .text.startup._GLOBAL__sub_I__ZN3vex5color5blackE
                0x000000002001308c      0x18c /Users/saranyim/Library/Application Support/Code/User/globalStorage/vexrobotics.vexcode/sdk/cpp/IQ2/IQ2_20250520_15_00_00/vexiq2/libviq2rt.a(vex_color.cpp.o)
 .text._ZN3vex4taskC2EPFivE
                0x0000000020013218       0x38 /Users/saranyim/Library/Application Support/Code/User/globalStorage/vexrobotics.vexcode/sdk/cpp/IQ2/IQ2_20250520_15_00_00/vexiq2/libviq2rt.a(vex_task.cpp.o)
                0x0000000020013218                vex::task::task(int (*)())
                0x0000000020013218                vex::task::task(int (*)())
 .text._ZN3vex4taskD2Ev
                0x0000000020013250        0x2 /Users/saranyim/Library/Application Support/Code/User/globalStorage/vexrobotics.vexcode/sdk/cpp/IQ2/IQ2_20250520_15_00_00/vexiq2/libviq2rt.a(vex_task.cpp.o)
                0x0000000020013250                vex::task::~task()
                0x0000000020013250                vex::task::~task()
 .text._ZN3vex11this_thread9sleep_forEm
                0x0000000020013252        0x4 /Users/saranyim/Library/Application Support/Code/User/globalStorage/vexrobotics.vexcode/sdk/cpp/IQ2/IQ2_20250520_15_00_00/vexiq2/libviq2rt.a(vex_thread.cpp.o)
                0x0000000020013252                vex::this_thread::sleep_for(unsigned long)
 .text._ZN3vex5brainD2Ev
                0x0000000020013256        0xe /Users/saranyim/Library/Application Support/Code/User/globalStorage/vexrobotics.vexcode/sdk/cpp/IQ2/IQ2_20250520_15_00_00/vexiq2/libviq2rt.a(vex_brain.cpp.o)
                0x0000000020013256                vex::brain::~brain()
                0x0000000020013256                vex::brain::~brain()
 .text._ZN3vex5brain3lcd9setCursorEll
                0x0000000020013264       0x40 /Users/saranyim/Library/Application Support/Code/User/globalStorage/vexrobotics.vexcode/sdk/cpp/IQ2/IQ2_20250520_15_00_00/vexiq2/libviq2rt.a(vex_brain.cpp.o)
                0x0000000020013264                vex::brain::lcd::setCursor(long, long)
 .text._ZN3vex5brain3lcd7setFontENS_8fontTypeE
                0x00000000200132a4      0x144 /Users/saranyim/Library/Application Support/Code/User/globalStorage/vexrobotics.vexcode/sdk/cpp/IQ2/IQ2_20250520_15_00_00/vexiq2/libviq2rt.a(vex_brain.cpp.o)
                0x00000000200132a4                vex::brain::lcd::setFont(vex::fontType)
 .text._ZN3vex5brain3lcdC2Ev
                0x00000000200133e8       0x34 /Users/saranyim/Library/Application Support/Code/User/globalStorage/vexrobotics.vexcode/sdk/cpp/IQ2/IQ2_20250520_15_00_00/vexiq2/libviq2rt.a(vex_brain.cpp.o)
                0x00000000200133e8                vex::brain::lcd::lcd()
                0x00000000200133e8                vex::brain::lcd::lcd()
 .text._ZN3vex5brainC2Ev
                0x000000002001341c       0x32 /Users/saranyim/Library/Application Support/Code/User/globalStorage/vexrobotics.vexcode/sdk/cpp/IQ2/IQ2_20250520_15_00_00/vexiq2/libviq2rt.a(vex_brain.cpp.o)
                0x000000002001341c                vex::brain::brain()
                0x000000002001341c                vex::brain::brain()
 *fill*         0x000000002001344e        0x2 
 .text._ZN3vex5brain9playSoundENS_9soundTypeE
                0x0000000020013450       0x14 /Users/saranyim/Library/Application Support/Code/User/globalStorage/vexrobotics.vexcode/sdk/cpp/IQ2/IQ2_20250520_15_00_00/vexiq2/libviq2rt.a(vex_brain.cpp.o)
                0x0000000020013450                vex::brain::playSound(vex::soundType)
 .text._ZN3vex5brain11programStopEv
                0x0000000020013464        0x4 /Users/saranyim/Library/Application Support/Code/User/globalStorage/vexrobotics.vexcode/sdk/cpp/IQ2/IQ2_20250520_15_00_00/vexiq2/libviq2rt.a(vex_brain.cpp.o)
                0x0000000020013464                vex::brain::programStop()
 .text._ZN3vex5timerD2Ev
                0x0000000020013468        0x2 /Users/saranyim/Library/Application Support/Code/User/globalStorage/vexrobotics.vexcode/sdk/cpp/IQ2/IQ2_20250520_15_00_00/vexiq2/libviq2rt.a(vex_timer.cpp.o)
                0x0000000020013468                vex::timer::~timer()
                0x0000000020013468                vex::timer::~timer()
 .text._ZN3vex5timer5clearEv
                0x000000002001346a       0x10 /Users/saranyim/Library/Application Support/Code/User/globalStorage/vexrobotics.vexcode/sdk/cpp/IQ2/IQ2_20250520_15_00_00/vexiq2/libviq2rt.a(vex_timer.cpp.o)
                0x000000002001346a                vex::timer::clear()
 .text._ZN3vex5timerC2Ev
                0x000000002001347a        0xc /Users/saranyim/Library/Application Support/Code/User/globalStorage/vexrobotics.vexcode/sdk/cpp/IQ2/IQ2_20250520_15_00_00/vexiq2/libviq2rt.a(vex_timer.cpp.o)
                0x000000002001347a                vex::timer::timer()
                0x000000002001347a                vex::timer::timer()
 .text._ZN3vex5timer5resetEv
                0x0000000020013486        0x4 /Users/saranyim/Library/Application Support/Code/User/globalStorage/vexrobotics.vexcode/sdk/cpp/IQ2/IQ2_20250520_15_00_00/vexiq2/libviq2rt.a(vex_timer.cpp.o)
                0x0000000020013486                vex::timer::reset()
 *fill*         0x000000002001348a        0x2 
 .text._ZNK3vex5timer4timeENS_9timeUnitsE
                0x000000002001348c       0x30 /Users/saranyim/Library/Application Support/Code/User/globalStorage/vexrobotics.vexcode/sdk/cpp/IQ2/IQ2_20250520_15_00_00/vexiq2/libviq2rt.a(vex_timer.cpp.o)
                0x000000002001348c                vex::timer::time(vex::timeUnits) const
 .text._ZNK3vex5timer5valueEv
                0x00000000200134bc        0x6 /Users/saranyim/Library/Application Support/Code/User/globalStorage/vexrobotics.vexcode/sdk/cpp/IQ2/IQ2_20250520_15_00_00/vexiq2/libviq2rt.a(vex_timer.cpp.o)
                0x00000000200134bc                vex::timer::value() const
 .text._ZN3vex5motor9installedEv
                0x00000000200134c2        0xe /Users/saranyim/Library/Application Support/Code/User/globalStorage/vexrobotics.vexcode/sdk/cpp/IQ2/IQ2_20250520_15_00_00/vexiq2/libviq2rt.a(vex_motor.cpp.o)
                0x00000000200134c2                vex::motor::installed()
 .text._ZN3vex5motorD2Ev
                0x00000000200134d0       0x14 /Users/saranyim/Library/Application Support/Code/User/globalStorage/vexrobotics.vexcode/sdk/cpp/IQ2/IQ2_20250520_15_00_00/vexiq2/libviq2rt.a(vex_motor.cpp.o)
                0x00000000200134d0                vex::motor::~motor()
                0x00000000200134d0                vex::motor::~motor()
 .text._ZN3vex5motor15defaultStoppingENS_9brakeTypeE
                0x00000000200134e4       0x1a /Users/saranyim/Library/Application Support/Code/User/globalStorage/vexrobotics.vexcode/sdk/cpp/IQ2/IQ2_20250520_15_00_00/vexiq2/libviq2rt.a(vex_motor.cpp.o)
                0x00000000200134e4                vex::motor::defaultStopping(vex::brakeType)
 .text._ZN3vex5motor11setStoppingENS_9brakeTypeE
                0x00000000200134fe        0x4 /Users/saranyim/Library/Application Support/Code/User/globalStorage/vexrobotics.vexcode/sdk/cpp/IQ2/IQ2_20250520_15_00_00/vexiq2/libviq2rt.a(vex_motor.cpp.o)
                0x00000000200134fe                vex::motor::setStopping(vex::brakeType)
 *fill*         0x0000000020013502        0x6 
 .text._ZN3vex5motorC2El
                0x0000000020013508       0x60 /Users/saranyim/Library/Application Support/Code/User/globalStorage/vexrobotics.vexcode/sdk/cpp/IQ2/IQ2_20250520_15_00_00/vexiq2/libviq2rt.a(vex_motor.cpp.o)
                0x0000000020013508                vex::motor::motor(long)
                0x0000000020013508                vex::motor::motor(long)
 .text._ZN3vex5motorC2Elb
                0x0000000020013568       0x16 /Users/saranyim/Library/Application Support/Code/User/globalStorage/vexrobotics.vexcode/sdk/cpp/IQ2/IQ2_20250520_15_00_00/vexiq2/libviq2rt.a(vex_motor.cpp.o)
                0x0000000020013568                vex::motor::motor(long, bool)
                0x0000000020013568                vex::motor::motor(long, bool)
 *fill*         0x000000002001357e        0x2 
 .text._ZN3vex5motor10setTimeoutElNS_9timeUnitsE
                0x0000000020013580       0x2c /Users/saranyim/Library/Application Support/Code/User/globalStorage/vexrobotics.vexcode/sdk/cpp/IQ2/IQ2_20250520_15_00_00/vexiq2/libviq2rt.a(vex_motor.cpp.o)
                0x0000000020013580                vex::motor::setTimeout(long, vex::timeUnits)
 .text._ZN3vex5motor14isSpinningModeEv
                0x00000000200135ac       0x16 /Users/saranyim/Library/Application Support/Code/User/globalStorage/vexrobotics.vexcode/sdk/cpp/IQ2/IQ2_20250520_15_00_00/vexiq2/libviq2rt.a(vex_motor.cpp.o)
                0x00000000200135ac                vex::motor::isSpinningMode()
 .text._ZN3vex5motor10isSpinningEv
                0x00000000200135c2       0x20 /Users/saranyim/Library/Application Support/Code/User/globalStorage/vexrobotics.vexcode/sdk/cpp/IQ2/IQ2_20250520_15_00_00/vexiq2/libviq2rt.a(vex_motor.cpp.o)
                0x00000000200135c2                vex::motor::isSpinning()
 .text._ZN3vex5motor4stopENS_9brakeTypeE
                0x00000000200135e2       0x1e /Users/saranyim/Library/Application Support/Code/User/globalStorage/vexrobotics.vexcode/sdk/cpp/IQ2/IQ2_20250520_15_00_00/vexiq2/libviq2rt.a(vex_motor.cpp.o)
                0x00000000200135e2                vex::motor::stop(vex::brakeType)
 .text._ZN3vex5motor4stopEv
                0x0000000020013600        0x6 /Users/saranyim/Library/Application Support/Code/User/globalStorage/vexrobotics.vexcode/sdk/cpp/IQ2/IQ2_20250520_15_00_00/vexiq2/libviq2rt.a(vex_motor.cpp.o)
                0x0000000020013600                vex::motor::stop()
 *fill*         0x0000000020013606        0x2 
 .text._ZN3vex5motor12setMaxTorqueEdNS_12percentUnitsE
                0x0000000020013608       0x98 /Users/saranyim/Library/Application Support/Code/User/globalStorage/vexrobotics.vexcode/sdk/cpp/IQ2/IQ2_20250520_15_00_00/vexiq2/libviq2rt.a(vex_motor.cpp.o)
                0x0000000020013608                vex::motor::setMaxTorque(double, vex::percentUnits)
 .text._ZN3vex5motor16velocityToScaledEdNS_13velocityUnitsE
                0x00000000200136a0       0x70 /Users/saranyim/Library/Application Support/Code/User/globalStorage/vexrobotics.vexcode/sdk/cpp/IQ2/IQ2_20250520_15_00_00/vexiq2/libviq2rt.a(vex_motor.cpp.o)
                0x00000000200136a0                vex::motor::velocityToScaled(double, vex::velocityUnits)
 .text._ZN3vex5motor8velocityENS_13velocityUnitsE
                0x0000000020013710       0x18 /Users/saranyim/Library/Application Support/Code/User/globalStorage/vexrobotics.vexcode/sdk/cpp/IQ2/IQ2_20250520_15_00_00/vexiq2/libviq2rt.a(vex_motor.cpp.o)
                0x0000000020013710                vex::motor::velocity(vex::velocityUnits)
 .text._ZN3vex5motor5valueEv
                0x0000000020013728       0x12 /Users/saranyim/Library/Application Support/Code/User/globalStorage/vexrobotics.vexcode/sdk/cpp/IQ2/IQ2_20250520_15_00_00/vexiq2/libviq2rt.a(vex_motor.cpp.o)
                0x0000000020013728                vex::motor::value()
 *fill*         0x000000002001373a        0x6 
 .text._ZN3vex5motor16scaledToVelocityEdNS_13velocityUnitsE
                0x0000000020013740       0x74 /Users/saranyim/Library/Application Support/Code/User/globalStorage/vexrobotics.vexcode/sdk/cpp/IQ2/IQ2_20250520_15_00_00/vexiq2/libviq2rt.a(vex_motor.cpp.o)
                0x0000000020013740                vex::motor::scaledToVelocity(double, vex::velocityUnits)
 .text._ZN3vex5motor4spinENS_13directionTypeEdNS_13velocityUnitsE
                0x00000000200137b4       0x32 /Users/saranyim/Library/Application Support/Code/User/globalStorage/vexrobotics.vexcode/sdk/cpp/IQ2/IQ2_20250520_15_00_00/vexiq2/libviq2rt.a(vex_motor.cpp.o)
                0x00000000200137b4                vex::motor::spin(vex::directionType, double, vex::velocityUnits)
 .text._ZN3vex5motor4spinENS_13directionTypeE
                0x00000000200137e6       0x1e /Users/saranyim/Library/Application Support/Code/User/globalStorage/vexrobotics.vexcode/sdk/cpp/IQ2/IQ2_20250520_15_00_00/vexiq2/libviq2rt.a(vex_motor.cpp.o)
                0x00000000200137e6                vex::motor::spin(vex::directionType)
 .text._ZN3vex5motor11setVelocityEdNS_13velocityUnitsE
                0x0000000020013804       0x54 /Users/saranyim/Library/Application Support/Code/User/globalStorage/vexrobotics.vexcode/sdk/cpp/IQ2/IQ2_20250520_15_00_00/vexiq2/libviq2rt.a(vex_motor.cpp.o)
                0x0000000020013804                vex::motor::setVelocity(double, vex::velocityUnits)
 .text._ZN3vex5motor16setRotationUnitsENS_13rotationUnitsE
                0x0000000020013858       0x12 /Users/saranyim/Library/Application Support/Code/User/globalStorage/vexrobotics.vexcode/sdk/cpp/IQ2/IQ2_20250520_15_00_00/vexiq2/libviq2rt.a(vex_motor.cpp.o)
                0x0000000020013858                vex::motor::setRotationUnits(vex::rotationUnits)
 .text._ZN3vex5motor11setPositionEdNS_13rotationUnitsE
                0x000000002001386a       0x3e /Users/saranyim/Library/Application Support/Code/User/globalStorage/vexrobotics.vexcode/sdk/cpp/IQ2/IQ2_20250520_15_00_00/vexiq2/libviq2rt.a(vex_motor.cpp.o)
                0x000000002001386a                vex::motor::setPosition(double, vex::rotationUnits)
 .text._ZN3vex5motor7spinForEdNS_13rotationUnitsEdNS_13velocityUnitsEb
                0x00000000200138a8       0xe0 /Users/saranyim/Library/Application Support/Code/User/globalStorage/vexrobotics.vexcode/sdk/cpp/IQ2/IQ2_20250520_15_00_00/vexiq2/libviq2rt.a(vex_motor.cpp.o)
                0x00000000200138a8                vex::motor::spinFor(double, vex::rotationUnits, double, vex::velocityUnits, bool)
 .text._ZN3vex5motor7spinForENS_13directionTypeEdNS_13rotationUnitsEb
                0x0000000020013988       0x40 /Users/saranyim/Library/Application Support/Code/User/globalStorage/vexrobotics.vexcode/sdk/cpp/IQ2/IQ2_20250520_15_00_00/vexiq2/libviq2rt.a(vex_motor.cpp.o)
                0x0000000020013988                vex::motor::spinFor(vex::directionType, double, vex::rotationUnits, bool)
 .text._ZN3vex8touchled9installedEv
                0x00000000200139c8        0xe /Users/saranyim/Library/Application Support/Code/User/globalStorage/vexrobotics.vexcode/sdk/cpp/IQ2/IQ2_20250520_15_00_00/vexiq2/libviq2rt.a(vex_touchled.cpp.o)
                0x00000000200139c8                vex::touchled::installed()
 *fill*         0x00000000200139d6        0x2 
 .text._ZN3vex8touchledC2El
                0x00000000200139d8       0x28 /Users/saranyim/Library/Application Support/Code/User/globalStorage/vexrobotics.vexcode/sdk/cpp/IQ2/IQ2_20250520_15_00_00/vexiq2/libviq2rt.a(vex_touchled.cpp.o)
                0x00000000200139d8                vex::touchled::touchled(long)
                0x00000000200139d8                vex::touchled::touchled(long)
 .text._ZN3vex8touchledD2Ev
                0x0000000020013a00       0x14 /Users/saranyim/Library/Application Support/Code/User/globalStorage/vexrobotics.vexcode/sdk/cpp/IQ2/IQ2_20250520_15_00_00/vexiq2/libviq2rt.a(vex_touchled.cpp.o)
                0x0000000020013a00                vex::touchled::~touchled()
                0x0000000020013a00                vex::touchled::~touchled()
 .text._ZN3vex8touchled8pressingEv
                0x0000000020013a14       0x10 /Users/saranyim/Library/Application Support/Code/User/globalStorage/vexrobotics.vexcode/sdk/cpp/IQ2/IQ2_20250520_15_00_00/vexiq2/libviq2rt.a(vex_touchled.cpp.o)
                0x0000000020013a14                vex::touchled::pressing()
 .text._ZN3vex8touchled5valueEv
                0x0000000020013a24        0x8 /Users/saranyim/Library/Application Support/Code/User/globalStorage/vexrobotics.vexcode/sdk/cpp/IQ2/IQ2_20250520_15_00_00/vexiq2/libviq2rt.a(vex_touchled.cpp.o)
                0x0000000020013a24                vex::touchled::value()
 .text._ZN3vex8touchled14_setBrightnessEm
                0x0000000020013a2c       0x22 /Users/saranyim/Library/Application Support/Code/User/globalStorage/vexrobotics.vexcode/sdk/cpp/IQ2/IQ2_20250520_15_00_00/vexiq2/libviq2rt.a(vex_touchled.cpp.o)
                0x0000000020013a2c                vex::touchled::_setBrightness(unsigned long)
 .text._ZN3vex8touchled9_setColorEm
                0x0000000020013a4e       0x2c /Users/saranyim/Library/Application Support/Code/User/globalStorage/vexrobotics.vexcode/sdk/cpp/IQ2/IQ2_20250520_15_00_00/vexiq2/libviq2rt.a(vex_touchled.cpp.o)
                0x0000000020013a4e                vex::touchled::_setColor(unsigned long)
 .text._ZN3vex8touchled8setColorENS_5colorE
                0x0000000020013a7a       0x2e /Users/saranyim/Library/Application Support/Code/User/globalStorage/vexrobotics.vexcode/sdk/cpp/IQ2/IQ2_20250520_15_00_00/vexiq2/libviq2rt.a(vex_touchled.cpp.o)
                0x0000000020013a7a                vex::touchled::setColor(vex::color)
 .text._ZN3vex8distance9installedEv
                0x0000000020013aa8       0x10 /Users/saranyim/Library/Application Support/Code/User/globalStorage/vexrobotics.vexcode/sdk/cpp/IQ2/IQ2_20250520_15_00_00/vexiq2/libviq2rt.a(vex_distance.cpp.o)
                0x0000000020013aa8                vex::distance::installed()
 .text._ZN3vex8distance5valueEv
                0x0000000020013ab8        0x6 /Users/saranyim/Library/Application Support/Code/User/globalStorage/vexrobotics.vexcode/sdk/cpp/IQ2/IQ2_20250520_15_00_00/vexiq2/libviq2rt.a(vex_distance.cpp.o)
                0x0000000020013ab8                vex::distance::value()
 *fill*         0x0000000020013abe        0x2 
 .text._ZN3vex8distanceC2El
                0x0000000020013ac0       0x14 /Users/saranyim/Library/Application Support/Code/User/globalStorage/vexrobotics.vexcode/sdk/cpp/IQ2/IQ2_20250520_15_00_00/vexiq2/libviq2rt.a(vex_distance.cpp.o)
                0x0000000020013ac0                vex::distance::distance(long)
                0x0000000020013ac0                vex::distance::distance(long)
 .text._ZN3vex8distanceD2Ev
                0x0000000020013ad4       0x14 /Users/saranyim/Library/Application Support/Code/User/globalStorage/vexrobotics.vexcode/sdk/cpp/IQ2/IQ2_20250520_15_00_00/vexiq2/libviq2rt.a(vex_distance.cpp.o)
                0x0000000020013ad4                vex::distance::~distance()
                0x0000000020013ad4                vex::distance::~distance()
 .text._ZN3vex9pneumatic9installedEv
                0x0000000020013ae8       0x10 /Users/saranyim/Library/Application Support/Code/User/globalStorage/vexrobotics.vexcode/sdk/cpp/IQ2/IQ2_20250520_15_00_00/vexiq2/libviq2rt.a(vex_pneumatic.cpp.o)
                0x0000000020013ae8                vex::pneumatic::installed()
 .text._ZN3vex9pneumaticC2Elb
                0x0000000020013af8       0x24 /Users/saranyim/Library/Application Support/Code/User/globalStorage/vexrobotics.vexcode/sdk/cpp/IQ2/IQ2_20250520_15_00_00/vexiq2/libviq2rt.a(vex_pneumatic.cpp.o)
                0x0000000020013af8                vex::pneumatic::pneumatic(long, bool)
                0x0000000020013af8                vex::pneumatic::pneumatic(long, bool)
 .text._ZN3vex9pneumaticD2Ev
                0x0000000020013b1c       0x14 /Users/saranyim/Library/Application Support/Code/User/globalStorage/vexrobotics.vexcode/sdk/cpp/IQ2/IQ2_20250520_15_00_00/vexiq2/libviq2rt.a(vex_pneumatic.cpp.o)
                0x0000000020013b1c                vex::pneumatic::~pneumatic()
                0x0000000020013b1c                vex::pneumatic::~pneumatic()
 .text._ZN3vex9pneumatic6extendENS_12cylinderTypeE
                0x0000000020013b30        0x8 /Users/saranyim/Library/Application Support/Code/User/globalStorage/vexrobotics.vexcode/sdk/cpp/IQ2/IQ2_20250520_15_00_00/vexiq2/libviq2rt.a(vex_pneumatic.cpp.o)
                0x0000000020013b30                vex::pneumatic::extend(vex::cylinderType)
 .text._ZN3vex9pneumatic7retractENS_12cylinderTypeE
                0x0000000020013b38        0x8 /Users/saranyim/Library/Application Support/Code/User/globalStorage/vexrobotics.vexcode/sdk/cpp/IQ2/IQ2_20250520_15_00_00/vexiq2/libviq2rt.a(vex_pneumatic.cpp.o)
                0x0000000020013b38                vex::pneumatic::retract(vex::cylinderType)
 .text._ZN3vex9pneumatic6pumpOnEv
                0x0000000020013b40        0x8 /Users/saranyim/Library/Application Support/Code/User/globalStorage/vexrobotics.vexcode/sdk/cpp/IQ2/IQ2_20250520_15_00_00/vexiq2/libviq2rt.a(vex_pneumatic.cpp.o)
                0x0000000020013b40                vex::pneumatic::pumpOn()
 .text._ZN3vex11motor_group18motor_group_motorsC2Ev
                0x0000000020013b48       0x18 /Users/saranyim/Library/Application Support/Code/User/globalStorage/vexrobotics.vexcode/sdk/cpp/IQ2/IQ2_20250520_15_00_00/vexiq2/libviq2rt.a(vex_motorgroup.cpp.o)
                0x0000000020013b48                vex::motor_group::motor_group_motors::motor_group_motors()
                0x0000000020013b48                vex::motor_group::motor_group_motors::motor_group_motors()
 .text._ZN3vex11motor_groupC2Ev
                0x0000000020013b60       0x14 /Users/saranyim/Library/Application Support/Code/User/globalStorage/vexrobotics.vexcode/sdk/cpp/IQ2/IQ2_20250520_15_00_00/vexiq2/libviq2rt.a(vex_motorgroup.cpp.o)
                0x0000000020013b60                vex::motor_group::motor_group()
                0x0000000020013b60                vex::motor_group::motor_group()
 .text._ZN3vex11motor_groupD2Ev
                0x0000000020013b74        0x2 /Users/saranyim/Library/Application Support/Code/User/globalStorage/vexrobotics.vexcode/sdk/cpp/IQ2/IQ2_20250520_15_00_00/vexiq2/libviq2rt.a(vex_motorgroup.cpp.o)
                0x0000000020013b74                vex::motor_group::~motor_group()
                0x0000000020013b74                vex::motor_group::~motor_group()
 .text._ZN3vex11motor_group9_addMotorERNS_5motorE
                0x0000000020013b76       0x14 /Users/saranyim/Library/Application Support/Code/User/globalStorage/vexrobotics.vexcode/sdk/cpp/IQ2/IQ2_20250520_15_00_00/vexiq2/libviq2rt.a(vex_motorgroup.cpp.o)
                0x0000000020013b76                vex::motor_group::_addMotor(vex::motor&)
 .text._ZN3vex11motor_group11setVelocityEdNS_13velocityUnitsE
                0x0000000020013b8a       0x3a /Users/saranyim/Library/Application Support/Code/User/globalStorage/vexrobotics.vexcode/sdk/cpp/IQ2/IQ2_20250520_15_00_00/vexiq2/libviq2rt.a(vex_motorgroup.cpp.o)
                0x0000000020013b8a                vex::motor_group::setVelocity(double, vex::velocityUnits)
 .text._ZN3vex11motor_group11setStoppingENS_9brakeTypeE
                0x0000000020013bc4       0x22 /Users/saranyim/Library/Application Support/Code/User/globalStorage/vexrobotics.vexcode/sdk/cpp/IQ2/IQ2_20250520_15_00_00/vexiq2/libviq2rt.a(vex_motorgroup.cpp.o)
                0x0000000020013bc4                vex::motor_group::setStopping(vex::brakeType)
 .text._ZN3vex11motor_group11setPositionEdNS_13rotationUnitsE
                0x0000000020013be6       0x3a /Users/saranyim/Library/Application Support/Code/User/globalStorage/vexrobotics.vexcode/sdk/cpp/IQ2/IQ2_20250520_15_00_00/vexiq2/libviq2rt.a(vex_motorgroup.cpp.o)
                0x0000000020013be6                vex::motor_group::setPosition(double, vex::rotationUnits)
 .text._ZN3vex11motor_group10setTimeoutElNS_9timeUnitsE
                0x0000000020013c20       0x50 /Users/saranyim/Library/Application Support/Code/User/globalStorage/vexrobotics.vexcode/sdk/cpp/IQ2/IQ2_20250520_15_00_00/vexiq2/libviq2rt.a(vex_motorgroup.cpp.o)
                0x0000000020013c20                vex::motor_group::setTimeout(long, vex::timeUnits)
 .text._ZN3vex11motor_group4spinENS_13directionTypeE
                0x0000000020013c70       0x22 /Users/saranyim/Library/Application Support/Code/User/globalStorage/vexrobotics.vexcode/sdk/cpp/IQ2/IQ2_20250520_15_00_00/vexiq2/libviq2rt.a(vex_motorgroup.cpp.o)
                0x0000000020013c70                vex::motor_group::spin(vex::directionType)
 .text._ZN3vex11motor_group10isSpinningEv
                0x0000000020013c92       0x26 /Users/saranyim/Library/Application Support/Code/User/globalStorage/vexrobotics.vexcode/sdk/cpp/IQ2/IQ2_20250520_15_00_00/vexiq2/libviq2rt.a(vex_motorgroup.cpp.o)
                0x0000000020013c92                vex::motor_group::isSpinning()
 .text._ZN3vex11motor_group6isDoneEv
                0x0000000020013cb8        0xe /Users/saranyim/Library/Application Support/Code/User/globalStorage/vexrobotics.vexcode/sdk/cpp/IQ2/IQ2_20250520_15_00_00/vexiq2/libviq2rt.a(vex_motorgroup.cpp.o)
                0x0000000020013cb8                vex::motor_group::isDone()
 .text._ZN3vex11motor_group4stopEv
                0x0000000020013cc6       0x1e /Users/saranyim/Library/Application Support/Code/User/globalStorage/vexrobotics.vexcode/sdk/cpp/IQ2/IQ2_20250520_15_00_00/vexiq2/libviq2rt.a(vex_motorgroup.cpp.o)
                0x0000000020013cc6                vex::motor_group::stop()
 .text._ZN3vex11motor_group12setMaxTorqueEdNS_12percentUnitsE
                0x0000000020013ce4       0x3a /Users/saranyim/Library/Application Support/Code/User/globalStorage/vexrobotics.vexcode/sdk/cpp/IQ2/IQ2_20250520_15_00_00/vexiq2/libviq2rt.a(vex_motorgroup.cpp.o)
                0x0000000020013ce4                vex::motor_group::setMaxTorque(double, vex::percentUnits)
 .text._ZN3vex11motor_group8velocityENS_13velocityUnitsE
                0x0000000020013d1e        0x8 /Users/saranyim/Library/Application Support/Code/User/globalStorage/vexrobotics.vexcode/sdk/cpp/IQ2/IQ2_20250520_15_00_00/vexiq2/libviq2rt.a(vex_motorgroup.cpp.o)
                0x0000000020013d1e                vex::motor_group::velocity(vex::velocityUnits)
 .text._ZN3vex11motor_group20waitForCompletionAllEv
                0x0000000020013d26       0x36 /Users/saranyim/Library/Application Support/Code/User/globalStorage/vexrobotics.vexcode/sdk/cpp/IQ2/IQ2_20250520_15_00_00/vexiq2/libviq2rt.a(vex_motorgroup.cpp.o)
                0x0000000020013d26                vex::motor_group::waitForCompletionAll()
 .text._ZN3vex11motor_group7spinForENS_13directionTypeEdNS_13rotationUnitsEb
                0x0000000020013d5c       0x5a /Users/saranyim/Library/Application Support/Code/User/globalStorage/vexrobotics.vexcode/sdk/cpp/IQ2/IQ2_20250520_15_00_00/vexiq2/libviq2rt.a(vex_motorgroup.cpp.o)
                0x0000000020013d5c                vex::motor_group::spinFor(vex::directionType, double, vex::rotationUnits, bool)
 .text._ZN3vex10controllerC2Ev
                0x0000000020013db6       0x5e /Users/saranyim/Library/Application Support/Code/User/globalStorage/vexrobotics.vexcode/sdk/cpp/IQ2/IQ2_20250520_15_00_00/vexiq2/libviq2rt.a(vex_controller.cpp.o)
                0x0000000020013db6                vex::controller::controller()
                0x0000000020013db6                vex::controller::controller()
 .text._ZN3vex10controllerD2Ev
                0x0000000020013e14        0x2 /Users/saranyim/Library/Application Support/Code/User/globalStorage/vexrobotics.vexcode/sdk/cpp/IQ2/IQ2_20250520_15_00_00/vexiq2/libviq2rt.a(vex_controller.cpp.o)
                0x0000000020013e14                vex::controller::~controller()
                0x0000000020013e14                vex::controller::~controller()
 .text._ZN3vex10controller5valueE19_IQ_ControllerIndex
                0x0000000020013e16        0x6 /Users/saranyim/Library/Application Support/Code/User/globalStorage/vexrobotics.vexcode/sdk/cpp/IQ2/IQ2_20250520_15_00_00/vexiq2/libviq2rt.a(vex_controller.cpp.o)
                0x0000000020013e16                vex::controller::value(_IQ_ControllerIndex)
 .text._ZNK3vex10controller6button8pressingEv
                0x0000000020013e1c       0x52 /Users/saranyim/Library/Application Support/Code/User/globalStorage/vexrobotics.vexcode/sdk/cpp/IQ2/IQ2_20250520_15_00_00/vexiq2/libviq2rt.a(vex_controller.cpp.o)
                0x0000000020013e1c                vex::controller::button::pressing() const
 .text._ZNK3vex10controller6button7pressedEPFvvE
                0x0000000020013e6e       0x76 /Users/saranyim/Library/Application Support/Code/User/globalStorage/vexrobotics.vexcode/sdk/cpp/IQ2/IQ2_20250520_15_00_00/vexiq2/libviq2rt.a(vex_controller.cpp.o)
                0x0000000020013e6e                vex::controller::button::pressed(void (*)()) const
 .text._ZNK3vex10controller4axis5valueEv
                0x0000000020013ee4       0x2a /Users/saranyim/Library/Application Support/Code/User/globalStorage/vexrobotics.vexcode/sdk/cpp/IQ2/IQ2_20250520_15_00_00/vexiq2/libviq2rt.a(vex_controller.cpp.o)
                0x0000000020013ee4                vex::controller::axis::value() const
 .text._ZNK3vex10controller4axis8positionENS_12percentUnitsE
                0x0000000020013f0e       0x12 /Users/saranyim/Library/Application Support/Code/User/globalStorage/vexrobotics.vexcode/sdk/cpp/IQ2/IQ2_20250520_15_00_00/vexiq2/libviq2rt.a(vex_controller.cpp.o)
                0x0000000020013f0e                vex::controller::axis::position(vex::percentUnits) const
 .text._ZN3vex5event4initEmmPFvvE
                0x0000000020013f20        0x4 /Users/saranyim/Library/Application Support/Code/User/globalStorage/vexrobotics.vexcode/sdk/cpp/IQ2/IQ2_20250520_15_00_00/vexiq2/libviq2rt.a(vex_event.cpp.o)
                0x0000000020013f20                vex::event::init(unsigned long, unsigned long, void (*)())
 .text._ZN3vex5event9userindexEv
                0x0000000020013f24        0x4 /Users/saranyim/Library/Application Support/Code/User/globalStorage/vexrobotics.vexcode/sdk/cpp/IQ2/IQ2_20250520_15_00_00/vexiq2/libviq2rt.a(vex_event.cpp.o)
                0x0000000020013f24                vex::event::userindex()
 .text._ZN3vex6device5valueEv
                0x0000000020013f28        0x4 /Users/saranyim/Library/Application Support/Code/User/globalStorage/vexrobotics.vexcode/sdk/cpp/IQ2/IQ2_20250520_15_00_00/vexiq2/libviq2rt.a(vex_device.cpp.o)
                0x0000000020013f28                vex::device::value()
 .text._ZN3vex6deviceD2Ev
                0x0000000020013f2c        0x2 /Users/saranyim/Library/Application Support/Code/User/globalStorage/vexrobotics.vexcode/sdk/cpp/IQ2/IQ2_20250520_15_00_00/vexiq2/libviq2rt.a(vex_device.cpp.o)
                0x0000000020013f2c                vex::device::~device()
                0x0000000020013f2c                vex::device::~device()
 .text._ZN3vex6device4initEl
                0x0000000020013f2e       0x22 /Users/saranyim/Library/Application Support/Code/User/globalStorage/vexrobotics.vexcode/sdk/cpp/IQ2/IQ2_20250520_15_00_00/vexiq2/libviq2rt.a(vex_device.cpp.o)
                0x0000000020013f2e                vex::device::init(long)
 .text._ZN3vex6deviceC2El
                0x0000000020013f50       0x14 /Users/saranyim/Library/Application Support/Code/User/globalStorage/vexrobotics.vexcode/sdk/cpp/IQ2/IQ2_20250520_15_00_00/vexiq2/libviq2rt.a(vex_device.cpp.o)
                0x0000000020013f50                vex::device::device(long)
                0x0000000020013f50                vex::device::device(long)
 .text._ZN3vex6device4typeEv
                0x0000000020013f64        0x8 /Users/saranyim/Library/Application Support/Code/User/globalStorage/vexrobotics.vexcode/sdk/cpp/IQ2/IQ2_20250520_15_00_00/vexiq2/libviq2rt.a(vex_device.cpp.o)
                0x0000000020013f64                vex::device::type()
 .text._ZN3vex6device9installedEv
                0x0000000020013f6c        0xe /Users/saranyim/Library/Application Support/Code/User/globalStorage/vexrobotics.vexcode/sdk/cpp/IQ2/IQ2_20250520_15_00_00/vexiq2/libviq2rt.a(vex_device.cpp.o)
                0x0000000020013f6c                vex::device::installed()
 .text.__aeabi_atexit
                0x0000000020013f7a        0xa /Users/saranyim/Library/Application Support/Code/User/globalStorage/vexrobotics.vexcode/sdk/cpp/IQ2/IQ2_20250520_15_00_00/vexiq2/gcc/libs/libc_nano.a(lib_a-aeabi_atexit.o)
                0x0000000020013f7a                __aeabi_atexit
 .text.__sflush_r
                0x0000000020013f84      0x10c /Users/saranyim/Library/Application Support/Code/User/globalStorage/vexrobotics.vexcode/sdk/cpp/IQ2/IQ2_20250520_15_00_00/vexiq2/gcc/libs/libc_nano.a(lib_a-fflush.o)
                0x0000000020013f84                __sflush_r
 .text._fflush_r
                0x0000000020014090       0x54 /Users/saranyim/Library/Application Support/Code/User/globalStorage/vexrobotics.vexcode/sdk/cpp/IQ2/IQ2_20250520_15_00_00/vexiq2/gcc/libs/libc_nano.a(lib_a-fflush.o)
                0x0000000020014090                _fflush_r
 .text.std      0x00000000200140e4       0x48 /Users/saranyim/Library/Application Support/Code/User/globalStorage/vexrobotics.vexcode/sdk/cpp/IQ2/IQ2_20250520_15_00_00/vexiq2/gcc/libs/libc_nano.a(lib_a-findfp.o)
 .text._cleanup_r
                0x000000002001412c        0xc /Users/saranyim/Library/Application Support/Code/User/globalStorage/vexrobotics.vexcode/sdk/cpp/IQ2/IQ2_20250520_15_00_00/vexiq2/gcc/libs/libc_nano.a(lib_a-findfp.o)
                0x000000002001412c                _cleanup_r
 .text.__sfmoreglue
                0x0000000020014138       0x2c /Users/saranyim/Library/Application Support/Code/User/globalStorage/vexrobotics.vexcode/sdk/cpp/IQ2/IQ2_20250520_15_00_00/vexiq2/gcc/libs/libc_nano.a(lib_a-findfp.o)
                0x0000000020014138                __sfmoreglue
 .text.__sinit  0x0000000020014164       0x60 /Users/saranyim/Library/Application Support/Code/User/globalStorage/vexrobotics.vexcode/sdk/cpp/IQ2/IQ2_20250520_15_00_00/vexiq2/gcc/libs/libc_nano.a(lib_a-findfp.o)
                0x0000000020014164                __sinit
 .text.__sfp    0x00000000200141c4       0x78 /Users/saranyim/Library/Application Support/Code/User/globalStorage/vexrobotics.vexcode/sdk/cpp/IQ2/IQ2_20250520_15_00_00/vexiq2/gcc/libs/libc_nano.a(lib_a-findfp.o)
                0x00000000200141c4                __sfp
 .text._fwalk_reent
                0x000000002001423c       0x3c /Users/saranyim/Library/Application Support/Code/User/globalStorage/vexrobotics.vexcode/sdk/cpp/IQ2/IQ2_20250520_15_00_00/vexiq2/gcc/libs/libc_nano.a(lib_a-fwalk.o)
                0x000000002001423c                _fwalk_reent
 .text.__libc_init_array
                0x0000000020014278       0x48 /Users/saranyim/Library/Application Support/Code/User/globalStorage/vexrobotics.vexcode/sdk/cpp/IQ2/IQ2_20250520_15_00_00/vexiq2/gcc/libs/libc_nano.a(lib_a-init.o)
                0x0000000020014278                __libc_init_array
 .text.__swhatbuf_r
                0x00000000200142c0       0x48 /Users/saranyim/Library/Application Support/Code/User/globalStorage/vexrobotics.vexcode/sdk/cpp/IQ2/IQ2_20250520_15_00_00/vexiq2/gcc/libs/libc_nano.a(lib_a-makebuf.o)
                0x00000000200142c0                __swhatbuf_r
 .text.__smakebuf_r
                0x0000000020014308       0x80 /Users/saranyim/Library/Application Support/Code/User/globalStorage/vexrobotics.vexcode/sdk/cpp/IQ2/IQ2_20250520_15_00_00/vexiq2/gcc/libs/libc_nano.a(lib_a-makebuf.o)
                0x0000000020014308                __smakebuf_r
 .text.memset   0x0000000020014388       0x10 /Users/saranyim/Library/Application Support/Code/User/globalStorage/vexrobotics.vexcode/sdk/cpp/IQ2/IQ2_20250520_15_00_00/vexiq2/gcc/libs/libc_nano.a(lib_a-memset.o)
                0x0000000020014388                memset
 .text._free_r  0x0000000020014398       0x9c /Users/saranyim/Library/Application Support/Code/User/globalStorage/vexrobotics.vexcode/sdk/cpp/IQ2/IQ2_20250520_15_00_00/vexiq2/gcc/libs/libc_nano.a(lib_a-nano-freer.o)
                0x0000000020014398                _free_r
 .text._malloc_r
                0x0000000020014434       0xb4 /Users/saranyim/Library/Application Support/Code/User/globalStorage/vexrobotics.vexcode/sdk/cpp/IQ2/IQ2_20250520_15_00_00/vexiq2/gcc/libs/libc_nano.a(lib_a-nano-mallocr.o)
                0x0000000020014434                _malloc_r
 .text.printf   0x00000000200144e8       0x30 /Users/saranyim/Library/Application Support/Code/User/globalStorage/vexrobotics.vexcode/sdk/cpp/IQ2/IQ2_20250520_15_00_00/vexiq2/gcc/libs/libc_nano.a(lib_a-printf.o)
                0x00000000200144e8                printf
                0x00000000200144e8                iprintf
 .text.putchar  0x0000000020014518       0x28 /Users/saranyim/Library/Application Support/Code/User/globalStorage/vexrobotics.vexcode/sdk/cpp/IQ2/IQ2_20250520_15_00_00/vexiq2/gcc/libs/libc_nano.a(lib_a-putchar.o)
                0x0000000020014518                putchar
 .text._puts_r  0x0000000020014540       0xb8 /Users/saranyim/Library/Application Support/Code/User/globalStorage/vexrobotics.vexcode/sdk/cpp/IQ2/IQ2_20250520_15_00_00/vexiq2/gcc/libs/libc_nano.a(lib_a-puts.o)
                0x0000000020014540                _puts_r
 .text.puts     0x00000000200145f8       0x10 /Users/saranyim/Library/Application Support/Code/User/globalStorage/vexrobotics.vexcode/sdk/cpp/IQ2/IQ2_20250520_15_00_00/vexiq2/gcc/libs/libc_nano.a(lib_a-puts.o)
                0x00000000200145f8                puts
 .text._sbrk_r  0x0000000020014608       0x20 /Users/saranyim/Library/Application Support/Code/User/globalStorage/vexrobotics.vexcode/sdk/cpp/IQ2/IQ2_20250520_15_00_00/vexiq2/gcc/libs/libc_nano.a(lib_a-sbrkr.o)
                0x0000000020014608                _sbrk_r
 .text.__sread  0x0000000020014628       0x22 /Users/saranyim/Library/Application Support/Code/User/globalStorage/vexrobotics.vexcode/sdk/cpp/IQ2/IQ2_20250520_15_00_00/vexiq2/gcc/libs/libc_nano.a(lib_a-stdio.o)
                0x0000000020014628                __sread
 .text.__swrite
                0x000000002001464a       0x38 /Users/saranyim/Library/Application Support/Code/User/globalStorage/vexrobotics.vexcode/sdk/cpp/IQ2/IQ2_20250520_15_00_00/vexiq2/gcc/libs/libc_nano.a(lib_a-stdio.o)
                0x000000002001464a                __swrite
 .text.__sseek  0x0000000020014682       0x24 /Users/saranyim/Library/Application Support/Code/User/globalStorage/vexrobotics.vexcode/sdk/cpp/IQ2/IQ2_20250520_15_00_00/vexiq2/gcc/libs/libc_nano.a(lib_a-stdio.o)
                0x0000000020014682                __sseek
 .text.__sclose
                0x00000000200146a6        0x8 /Users/saranyim/Library/Application Support/Code/User/globalStorage/vexrobotics.vexcode/sdk/cpp/IQ2/IQ2_20250520_15_00_00/vexiq2/gcc/libs/libc_nano.a(lib_a-stdio.o)
                0x00000000200146a6                __sclose
 *fill*         0x00000000200146ae        0x2 
 .text.__swbuf_r
                0x00000000200146b0       0xa4 /Users/saranyim/Library/Application Support/Code/User/globalStorage/vexrobotics.vexcode/sdk/cpp/IQ2/IQ2_20250520_15_00_00/vexiq2/gcc/libs/libc_nano.a(lib_a-wbuf.o)
                0x00000000200146b0                __swbuf_r
 .text._write_r
                0x0000000020014754       0x24 /Users/saranyim/Library/Application Support/Code/User/globalStorage/vexrobotics.vexcode/sdk/cpp/IQ2/IQ2_20250520_15_00_00/vexiq2/gcc/libs/libc_nano.a(lib_a-writer.o)
                0x0000000020014754                _write_r
 .text.__swsetup_r
                0x0000000020014778       0xdc /Users/saranyim/Library/Application Support/Code/User/globalStorage/vexrobotics.vexcode/sdk/cpp/IQ2/IQ2_20250520_15_00_00/vexiq2/gcc/libs/libc_nano.a(lib_a-wsetup.o)
                0x0000000020014778                __swsetup_r
 .text._close_r
                0x0000000020014854       0x20 /Users/saranyim/Library/Application Support/Code/User/globalStorage/vexrobotics.vexcode/sdk/cpp/IQ2/IQ2_20250520_15_00_00/vexiq2/gcc/libs/libc_nano.a(lib_a-closer.o)
                0x0000000020014854                _close_r
 .text._fstat_r
                0x0000000020014874       0x24 /Users/saranyim/Library/Application Support/Code/User/globalStorage/vexrobotics.vexcode/sdk/cpp/IQ2/IQ2_20250520_15_00_00/vexiq2/gcc/libs/libc_nano.a(lib_a-fstatr.o)
                0x0000000020014874                _fstat_r
 .text._isatty_r
                0x0000000020014898       0x20 /Users/saranyim/Library/Application Support/Code/User/globalStorage/vexrobotics.vexcode/sdk/cpp/IQ2/IQ2_20250520_15_00_00/vexiq2/gcc/libs/libc_nano.a(lib_a-isattyr.o)
                0x0000000020014898                _isatty_r
 .text._lseek_r
                0x00000000200148b8       0x24 /Users/saranyim/Library/Application Support/Code/User/globalStorage/vexrobotics.vexcode/sdk/cpp/IQ2/IQ2_20250520_15_00_00/vexiq2/gcc/libs/libc_nano.a(lib_a-lseekr.o)
                0x00000000200148b8                _lseek_r
 .text.__malloc_lock
                0x00000000200148dc        0x2 /Users/saranyim/Library/Application Support/Code/User/globalStorage/vexrobotics.vexcode/sdk/cpp/IQ2/IQ2_20250520_15_00_00/vexiq2/gcc/libs/libc_nano.a(lib_a-mlock.o)
                0x00000000200148dc                __malloc_lock
 .text.__malloc_unlock
                0x00000000200148de        0x2 /Users/saranyim/Library/Application Support/Code/User/globalStorage/vexrobotics.vexcode/sdk/cpp/IQ2/IQ2_20250520_15_00_00/vexiq2/gcc/libs/libc_nano.a(lib_a-mlock.o)
                0x00000000200148de                __malloc_unlock
 .text.__sfputc_r
                0x00000000200148e0       0x2e /Users/saranyim/Library/Application Support/Code/User/globalStorage/vexrobotics.vexcode/sdk/cpp/IQ2/IQ2_20250520_15_00_00/vexiq2/gcc/libs/libc_nano.a(lib_a-nano-vfprintf.o)
 .text.__sfputs_r
                0x000000002001490e       0x24 /Users/saranyim/Library/Application Support/Code/User/globalStorage/vexrobotics.vexcode/sdk/cpp/IQ2/IQ2_20250520_15_00_00/vexiq2/gcc/libs/libc_nano.a(lib_a-nano-vfprintf.o)
                0x000000002001490e                __sfputs_r
 *fill*         0x0000000020014932        0x2 
 .text._vfprintf_r
                0x0000000020014934      0x22c /Users/saranyim/Library/Application Support/Code/User/globalStorage/vexrobotics.vexcode/sdk/cpp/IQ2/IQ2_20250520_15_00_00/vexiq2/gcc/libs/libc_nano.a(lib_a-nano-vfprintf.o)
                0x0000000020014934                _vfiprintf_r
                0x0000000020014934                _vfprintf_r
 .text._printf_common
                0x0000000020014b60       0xea /Users/saranyim/Library/Application Support/Code/User/globalStorage/vexrobotics.vexcode/sdk/cpp/IQ2/IQ2_20250520_15_00_00/vexiq2/gcc/libs/libc_nano.a(lib_a-nano-vfprintf_i.o)
                0x0000000020014b60                _printf_common
 *fill*         0x0000000020014c4a        0x2 
 .text._printf_i
                0x0000000020014c4c      0x224 /Users/saranyim/Library/Application Support/Code/User/globalStorage/vexrobotics.vexcode/sdk/cpp/IQ2/IQ2_20250520_15_00_00/vexiq2/gcc/libs/libc_nano.a(lib_a-nano-vfprintf_i.o)
                0x0000000020014c4c                _printf_i
 .text._putc_r  0x0000000020014e70       0x6c /Users/saranyim/Library/Application Support/Code/User/globalStorage/vexrobotics.vexcode/sdk/cpp/IQ2/IQ2_20250520_15_00_00/vexiq2/gcc/libs/libc_nano.a(lib_a-putc.o)
                0x0000000020014e70                _putc_r
 .text._read_r  0x0000000020014edc       0x24 /Users/saranyim/Library/Application Support/Code/User/globalStorage/vexrobotics.vexcode/sdk/cpp/IQ2/IQ2_20250520_15_00_00/vexiq2/gcc/libs/libc_nano.a(lib_a-readr.o)
                0x0000000020014edc                _read_r
 .text.__errno  0x0000000020014f00        0xc /Users/saranyim/Library/Application Support/Code/User/globalStorage/vexrobotics.vexcode/sdk/cpp/IQ2/IQ2_20250520_15_00_00/vexiq2/libviq2rt.a(iq2_fstubs.c.o)
                0x0000000020014f00                __errno
 .text._fstat   0x0000000020014f0c       0x1e /Users/saranyim/Library/Application Support/Code/User/globalStorage/vexrobotics.vexcode/sdk/cpp/IQ2/IQ2_20250520_15_00_00/vexiq2/libviq2rt.a(iq2_fstubs.c.o)
                0x0000000020014f0c                _fstat
 .text._lseek   0x0000000020014f2a       0x1c /Users/saranyim/Library/Application Support/Code/User/globalStorage/vexrobotics.vexcode/sdk/cpp/IQ2/IQ2_20250520_15_00_00/vexiq2/libviq2rt.a(iq2_fstubs.c.o)
                0x0000000020014f2a                _lseek
 .text._close   0x0000000020014f46       0x14 /Users/saranyim/Library/Application Support/Code/User/globalStorage/vexrobotics.vexcode/sdk/cpp/IQ2/IQ2_20250520_15_00_00/vexiq2/libviq2rt.a(iq2_fstubs.c.o)
                0x0000000020014f46                _close
 .text._read    0x0000000020014f5a       0x1c /Users/saranyim/Library/Application Support/Code/User/globalStorage/vexrobotics.vexcode/sdk/cpp/IQ2/IQ2_20250520_15_00_00/vexiq2/libviq2rt.a(iq2_fstubs.c.o)
                0x0000000020014f5a                _read
 .text._write   0x0000000020014f76       0x28 /Users/saranyim/Library/Application Support/Code/User/globalStorage/vexrobotics.vexcode/sdk/cpp/IQ2/IQ2_20250520_15_00_00/vexiq2/libviq2rt.a(iq2_fstubs.c.o)
                0x0000000020014f76                _write
 .text._isatty  0x0000000020014f9e       0x14 /Users/saranyim/Library/Application Support/Code/User/globalStorage/vexrobotics.vexcode/sdk/cpp/IQ2/IQ2_20250520_15_00_00/vexiq2/libviq2rt.a(iq2_fstubs.c.o)
                0x0000000020014f9e                _isatty
 *(.gnu.linkonce.t.*)
 *(.plt)
 *(.gnu_warning)
 *(.gcc_except_table)
 *(.glue_7)
 .glue_7        0x0000000020014fb2        0x0 linker stubs
 *(.glue_7t)
 .glue_7t       0x0000000020014fb2        0x0 linker stubs
 *(.vfp11_veneer)
 .vfp11_veneer  0x0000000020014fb2        0x0 linker stubs
 *(.ARM.extab)
 *(.gnu.linkonce.armextab.*)

.v4_bx          0x0000000020014fb4        0x0
 .v4_bx         0x0000000020014fb4        0x0 linker stubs

.iplt           0x0000000020014fb4        0x0
 .iplt          0x0000000020014fb4        0x0 build/src/beam.o

.init
 *(.init)

.fini
 *(.fini)

.rodata         0x0000000020014fb8      0x41f
                0x0000000020014fb8                __rodata_start = .
 *(.rodata)
 *(.rodata.*)
 .rodata.str1.1
                0x0000000020014fb8       0x5f build/src/beam.o
 .rodata.str1.1
                0x0000000020015017        0xd build/src/drive.o
 .rodata.str1.1
                0x0000000020015024      0x1be build/src/main.o
 .rodata.str1.1
                0x00000000200151e2       0x40 build/src/pin.o
                                         0x5d (size before relaxing)
 .rodata.str1.1
                0x0000000020015222       0x22 /Users/saranyim/Library/Application Support/Code/User/globalStorage/vexrobotics.vexcode/sdk/cpp/IQ2/IQ2_20250520_15_00_00/vexiq2/libviq2rt.a(iq2_startup.c.o)
 .rodata._ZN3vex9cylinder2E
                0x0000000020015244        0x4 /Users/saranyim/Library/Application Support/Code/User/globalStorage/vexrobotics.vexcode/sdk/cpp/IQ2/IQ2_20250520_15_00_00/vexiq2/libviq2rt.a(vex_global.cpp.o)
                0x0000000020015244                vex::cylinder2
 .rodata._ZN3vex5PORT3E
                0x0000000020015248        0x4 /Users/saranyim/Library/Application Support/Code/User/globalStorage/vexrobotics.vexcode/sdk/cpp/IQ2/IQ2_20250520_15_00_00/vexiq2/libviq2rt.a(vex_global.cpp.o)
                0x0000000020015248                vex::PORT3
 .rodata._ZN3vex5PORT1E
                0x000000002001524c        0x4 /Users/saranyim/Library/Application Support/Code/User/globalStorage/vexrobotics.vexcode/sdk/cpp/IQ2/IQ2_20250520_15_00_00/vexiq2/libviq2rt.a(vex_global.cpp.o)
                0x000000002001524c                vex::PORT1
 .rodata._ZN3vex7reverseE
                0x0000000020015250        0x4 /Users/saranyim/Library/Application Support/Code/User/globalStorage/vexrobotics.vexcode/sdk/cpp/IQ2/IQ2_20250520_15_00_00/vexiq2/libviq2rt.a(vex_global.cpp.o)
                0x0000000020015250                vex::reverse
 .rodata._ZN3vex6PORT10E
                0x0000000020015254        0x4 /Users/saranyim/Library/Application Support/Code/User/globalStorage/vexrobotics.vexcode/sdk/cpp/IQ2/IQ2_20250520_15_00_00/vexiq2/libviq2rt.a(vex_global.cpp.o)
                0x0000000020015254                vex::PORT10
 .rodata._ZN3vex5PORT5E
                0x0000000020015258        0x4 /Users/saranyim/Library/Application Support/Code/User/globalStorage/vexrobotics.vexcode/sdk/cpp/IQ2/IQ2_20250520_15_00_00/vexiq2/libviq2rt.a(vex_global.cpp.o)
                0x0000000020015258                vex::PORT5
 .rodata._ZN3vex7forwardE
                0x000000002001525c        0x4 /Users/saranyim/Library/Application Support/Code/User/globalStorage/vexrobotics.vexcode/sdk/cpp/IQ2/IQ2_20250520_15_00_00/vexiq2/libviq2rt.a(vex_global.cpp.o)
                0x000000002001525c                vex::forward
 .rodata._ZN3vex7secondsE
                0x0000000020015260        0x4 /Users/saranyim/Library/Application Support/Code/User/globalStorage/vexrobotics.vexcode/sdk/cpp/IQ2/IQ2_20250520_15_00_00/vexiq2/libviq2rt.a(vex_global.cpp.o)
                0x0000000020015260                vex::seconds
 .rodata._ZN3vex4msecE
                0x0000000020015264        0x4 /Users/saranyim/Library/Application Support/Code/User/globalStorage/vexrobotics.vexcode/sdk/cpp/IQ2/IQ2_20250520_15_00_00/vexiq2/libviq2rt.a(vex_global.cpp.o)
                0x0000000020015264                vex::msec
 .rodata._ZN3vex5PORT9E
                0x0000000020015268        0x4 /Users/saranyim/Library/Application Support/Code/User/globalStorage/vexrobotics.vexcode/sdk/cpp/IQ2/IQ2_20250520_15_00_00/vexiq2/libviq2rt.a(vex_global.cpp.o)
                0x0000000020015268                vex::PORT9
 .rodata._ZN3vex5PORT2E
                0x000000002001526c        0x4 /Users/saranyim/Library/Application Support/Code/User/globalStorage/vexrobotics.vexcode/sdk/cpp/IQ2/IQ2_20250520_15_00_00/vexiq2/libviq2rt.a(vex_global.cpp.o)
                0x000000002001526c                vex::PORT2
 .rodata._ZN3vex6PORT11E
                0x0000000020015270        0x4 /Users/saranyim/Library/Application Support/Code/User/globalStorage/vexrobotics.vexcode/sdk/cpp/IQ2/IQ2_20250520_15_00_00/vexiq2/libviq2rt.a(vex_global.cpp.o)
                0x0000000020015270                vex::PORT11
 .rodata._ZN3vex5PORT6E
                0x0000000020015274        0x4 /Users/saranyim/Library/Application Support/Code/User/globalStorage/vexrobotics.vexcode/sdk/cpp/IQ2/IQ2_20250520_15_00_00/vexiq2/libviq2rt.a(vex_global.cpp.o)
                0x0000000020015274                vex::PORT6
 .rodata._ZN3vex5greenE
                0x0000000020015278        0x4 /Users/saranyim/Library/Application Support/Code/User/globalStorage/vexrobotics.vexcode/sdk/cpp/IQ2/IQ2_20250520_15_00_00/vexiq2/libviq2rt.a(vex_global.cpp.o)
                0x0000000020015278                vex::green
 .rodata._ZN3vex7percentE
                0x000000002001527c        0x4 /Users/saranyim/Library/Application Support/Code/User/globalStorage/vexrobotics.vexcode/sdk/cpp/IQ2/IQ2_20250520_15_00_00/vexiq2/libviq2rt.a(vex_global.cpp.o)
                0x000000002001527c                vex::percent
 .rodata._ZN3vex7degreesE
                0x0000000020015280        0x4 /Users/saranyim/Library/Application Support/Code/User/globalStorage/vexrobotics.vexcode/sdk/cpp/IQ2/IQ2_20250520_15_00_00/vexiq2/libviq2rt.a(vex_global.cpp.o)
                0x0000000020015280                vex::degrees
 .rodata._ZN3vex6orangeE
                0x0000000020015284        0x4 /Users/saranyim/Library/Application Support/Code/User/globalStorage/vexrobotics.vexcode/sdk/cpp/IQ2/IQ2_20250520_15_00_00/vexiq2/libviq2rt.a(vex_global.cpp.o)
                0x0000000020015284                vex::orange
 .rodata._ZN3vex4holdE
                0x0000000020015288        0x4 /Users/saranyim/Library/Application Support/Code/User/globalStorage/vexrobotics.vexcode/sdk/cpp/IQ2/IQ2_20250520_15_00_00/vexiq2/libviq2rt.a(vex_global.cpp.o)
                0x0000000020015288                vex::hold
 .rodata._ZN3vex6PORT12E
                0x000000002001528c        0x4 /Users/saranyim/Library/Application Support/Code/User/globalStorage/vexrobotics.vexcode/sdk/cpp/IQ2/IQ2_20250520_15_00_00/vexiq2/libviq2rt.a(vex_global.cpp.o)
                0x000000002001528c                vex::PORT12
 .rodata._ZN3vex5sirenE
                0x0000000020015290        0x4 /Users/saranyim/Library/Application Support/Code/User/globalStorage/vexrobotics.vexcode/sdk/cpp/IQ2/IQ2_20250520_15_00_00/vexiq2/libviq2rt.a(vex_global.cpp.o)
                0x0000000020015290                vex::siren
 .rodata._ZN3vex5brakeE
                0x0000000020015294        0x4 /Users/saranyim/Library/Application Support/Code/User/globalStorage/vexrobotics.vexcode/sdk/cpp/IQ2/IQ2_20250520_15_00_00/vexiq2/libviq2rt.a(vex_global.cpp.o)
                0x0000000020015294                vex::brake
 .rodata._ZN3vex5coastE
                0x0000000020015298        0x4 /Users/saranyim/Library/Application Support/Code/User/globalStorage/vexrobotics.vexcode/sdk/cpp/IQ2/IQ2_20250520_15_00_00/vexiq2/libviq2rt.a(vex_global.cpp.o)
                0x0000000020015298                vex::coast
 .rodata._ZN3vex5PORT4E
                0x000000002001529c        0x4 /Users/saranyim/Library/Application Support/Code/User/globalStorage/vexrobotics.vexcode/sdk/cpp/IQ2/IQ2_20250520_15_00_00/vexiq2/libviq2rt.a(vex_global.cpp.o)
                0x000000002001529c                vex::PORT4
 .rodata._ZN3vex9cylinder1E
                0x00000000200152a0        0x4 /Users/saranyim/Library/Application Support/Code/User/globalStorage/vexrobotics.vexcode/sdk/cpp/IQ2/IQ2_20250520_15_00_00/vexiq2/libviq2rt.a(vex_global.cpp.o)
                0x00000000200152a0                vex::cylinder1
 .rodata._ZN3vex5PORT8E
                0x00000000200152a4        0x4 /Users/saranyim/Library/Application Support/Code/User/globalStorage/vexrobotics.vexcode/sdk/cpp/IQ2/IQ2_20250520_15_00_00/vexiq2/libviq2rt.a(vex_global.cpp.o)
                0x00000000200152a4                vex::PORT8
 .rodata.str1.1
                0x00000000200152a8       0x14 /Users/saranyim/Library/Application Support/Code/User/globalStorage/vexrobotics.vexcode/sdk/cpp/IQ2/IQ2_20250520_15_00_00/vexiq2/libviq2rt.a(vex_task.cpp.o)
 .rodata.str1.1
                0x00000000200152bc       0x20 /Users/saranyim/Library/Application Support/Code/User/globalStorage/vexrobotics.vexcode/sdk/cpp/IQ2/IQ2_20250520_15_00_00/vexiq2/libviq2rt.a(vex_brain.cpp.o)
 .rodata.CSWTCH.121
                0x00000000200152dc       0x10 /Users/saranyim/Library/Application Support/Code/User/globalStorage/vexrobotics.vexcode/sdk/cpp/IQ2/IQ2_20250520_15_00_00/vexiq2/libviq2rt.a(vex_brain.cpp.o)
 *fill*         0x00000000200152ec        0x4 
 .rodata._ZTVN3vex5motorE
                0x00000000200152f0       0x10 /Users/saranyim/Library/Application Support/Code/User/globalStorage/vexrobotics.vexcode/sdk/cpp/IQ2/IQ2_20250520_15_00_00/vexiq2/libviq2rt.a(vex_motor.cpp.o)
                0x00000000200152f0                vtable for vex::motor
 .rodata._ZTVN3vex8touchledE
                0x0000000020015300       0x10 /Users/saranyim/Library/Application Support/Code/User/globalStorage/vexrobotics.vexcode/sdk/cpp/IQ2/IQ2_20250520_15_00_00/vexiq2/libviq2rt.a(vex_touchled.cpp.o)
                0x0000000020015300                vtable for vex::touchled
 .rodata._ZTVN3vex8distanceE
                0x0000000020015310       0x10 /Users/saranyim/Library/Application Support/Code/User/globalStorage/vexrobotics.vexcode/sdk/cpp/IQ2/IQ2_20250520_15_00_00/vexiq2/libviq2rt.a(vex_distance.cpp.o)
                0x0000000020015310                vtable for vex::distance
 .rodata._ZTVN3vex9pneumaticE
                0x0000000020015320       0x10 /Users/saranyim/Library/Application Support/Code/User/globalStorage/vexrobotics.vexcode/sdk/cpp/IQ2/IQ2_20250520_15_00_00/vexiq2/libviq2rt.a(vex_pneumatic.cpp.o)
                0x0000000020015320                vtable for vex::pneumatic
 .rodata._ZTVN3vex6deviceE
                0x0000000020015330       0x10 /Users/saranyim/Library/Application Support/Code/User/globalStorage/vexrobotics.vexcode/sdk/cpp/IQ2/IQ2_20250520_15_00_00/vexiq2/libviq2rt.a(vex_device.cpp.o)
                0x0000000020015330                vtable for vex::device
 .rodata.__sf_fake_stderr
                0x0000000020015340       0x20 /Users/saranyim/Library/Application Support/Code/User/globalStorage/vexrobotics.vexcode/sdk/cpp/IQ2/IQ2_20250520_15_00_00/vexiq2/gcc/libs/libc_nano.a(lib_a-findfp.o)
                0x0000000020015340                __sf_fake_stderr
 .rodata.__sf_fake_stdin
                0x0000000020015360       0x20 /Users/saranyim/Library/Application Support/Code/User/globalStorage/vexrobotics.vexcode/sdk/cpp/IQ2/IQ2_20250520_15_00_00/vexiq2/gcc/libs/libc_nano.a(lib_a-findfp.o)
                0x0000000020015360                __sf_fake_stdin
 .rodata.__sf_fake_stdout
                0x0000000020015380       0x20 /Users/saranyim/Library/Application Support/Code/User/globalStorage/vexrobotics.vexcode/sdk/cpp/IQ2/IQ2_20250520_15_00_00/vexiq2/gcc/libs/libc_nano.a(lib_a-findfp.o)
                0x0000000020015380                __sf_fake_stdout
 .rodata._global_impure_ptr
                0x00000000200153a0        0x4 /Users/saranyim/Library/Application Support/Code/User/globalStorage/vexrobotics.vexcode/sdk/cpp/IQ2/IQ2_20250520_15_00_00/vexiq2/gcc/libs/libc_nano.a(lib_a-impure.o)
                0x00000000200153a0                _global_impure_ptr
 .rodata._vfprintf_r.str1.1
                0x00000000200153a4       0x11 /Users/saranyim/Library/Application Support/Code/User/globalStorage/vexrobotics.vexcode/sdk/cpp/IQ2/IQ2_20250520_15_00_00/vexiq2/gcc/libs/libc_nano.a(lib_a-nano-vfprintf.o)
 .rodata._printf_i.str1.1
                0x00000000200153b5       0x22 /Users/saranyim/Library/Application Support/Code/User/globalStorage/vexrobotics.vexcode/sdk/cpp/IQ2/IQ2_20250520_15_00_00/vexiq2/gcc/libs/libc_nano.a(lib_a-nano-vfprintf_i.o)
 *(.gnu.linkonce.r.*)
                0x00000000200153d7                __rodata_end = .

.rodata1        0x00000000200153d7        0x0
                0x00000000200153d7                __rodata1_start = .
 *(.rodata1)
 *(.rodata1.*)
                0x00000000200153d7                __rodata1_end = .

.sdata2         0x00000000200153d7        0x0
                0x00000000200153d7                __sdata2_start = .
 *(.sdata2)
 *(.sdata2.*)
 *(.gnu.linkonce.s2.*)
                0x00000000200153d7                __sdata2_end = .

.sbss2          0x00000000200153d7        0x0
                0x00000000200153d7                __sbss2_start = .
 *(.sbss2)
 *(.sbss2.*)
 *(.gnu.linkonce.sb2.*)
                0x00000000200153d7                __sbss2_end = .

.data           0x00000000200153d8       0x68
                0x00000000200153d8                __data_start = .
                0x00000000200153d8                __data_load = .
 *(.data)
 *(.data.*)
 .data._ZN3vex24__default_motor_velocityE
                0x00000000200153d8        0x4 /Users/saranyim/Library/Application Support/Code/User/globalStorage/vexrobotics.vexcode/sdk/cpp/IQ2/IQ2_20250520_15_00_00/vexiq2/libviq2rt.a(vex_motor.cpp.o)
                0x00000000200153d8                vex::__default_motor_velocity
 .data._impure_ptr
                0x00000000200153dc        0x4 /Users/saranyim/Library/Application Support/Code/User/globalStorage/vexrobotics.vexcode/sdk/cpp/IQ2/IQ2_20250520_15_00_00/vexiq2/gcc/libs/libc_nano.a(lib_a-impure.o)
                0x00000000200153dc                _impure_ptr
 .data.impure_data
                0x00000000200153e0       0x60 /Users/saranyim/Library/Application Support/Code/User/globalStorage/vexrobotics.vexcode/sdk/cpp/IQ2/IQ2_20250520_15_00_00/vexiq2/gcc/libs/libc_nano.a(lib_a-impure.o)
 *(.gnu.linkonce.d.*)
 *(.jcr)
 *(.got)
 *(.got.plt)
                0x0000000020015440                __data_end = .

.igot.plt       0x0000000020015440        0x0
 .igot.plt      0x0000000020015440        0x0 build/src/beam.o

.data1          0x0000000020015440        0x0
                0x0000000020015440                __data1_start = .
                0x0000000020015440                __data1_load = .
 *(.data1)
 *(.data1.*)
                0x0000000020015440                __data1_end = .

.got
 *(.got)

.ctors          0x0000000020015440        0x0
                0x0000000020015440                __CTOR_LIST__ = .
                0x0000000020015440                ___CTORS_LIST___ = .
 *crtbegin.o(.ctors)
 *(EXCLUDE_FILE(*crtend.o) .ctors)
 *(SORT_BY_NAME(.ctors.*))
 *(.ctors)
                0x0000000020015440                __CTOR_END__ = .
                0x0000000020015440                ___CTORS_END___ = .

.dtors          0x0000000020015440        0x0
                0x0000000020015440                __DTOR_LIST__ = .
                0x0000000020015440                ___DTORS_LIST___ = .
 *crtbegin.o(.dtors)
 *(EXCLUDE_FILE(*crtend.o) .dtors)
 *(SORT_BY_NAME(.dtors.*))
 *(.dtors)
                0x0000000020015440                __DTOR_END__ = .
                0x0000000020015440                ___DTORS_END___ = .

.fixup          0x0000000020015440        0x0
                0x0000000020015440                __fixup_start = .
 *(.fixup)
                0x0000000020015440                __fixup_end = .

.eh_frame
 *(.eh_frame)

.eh_framehdr    0x0000000020015440        0x0
                0x0000000020015440                __eh_framehdr_start = .
 *(.eh_framehdr)
                0x0000000020015440                __eh_framehdr_end = .

.gcc_except_table
 *(.gcc_except_table)

.mmu_tbl        0x0000000020018000        0x0
                0x0000000020018000                __mmu_tbl_start = .
 *(.mmu_tbl)
                0x0000000020018000                __mmu_tbl_end = .

.ARM.exidx      0x0000000020015440        0x8
                0x0000000020015440                __exidx_start = .
 *(.ARM.exidx*)
 .ARM.exidx.text._Z28myblockfunction_Grab_Beam_upv
                0x0000000020015440        0x8 build/src/beam.o
 .ARM.exidx.text._Z26myblockfunction_Place_beamv
                0x0000000020015448        0x0 build/src/beam.o
                                          0x8 (size before relaxing)
 .ARM.exidx.text._Z30myblockfunction_Drop_down_beamv
                0x0000000020015448        0x0 build/src/beam.o
                                          0x8 (size before relaxing)
 .ARM.exidx.text._Z8TaskBeamv
                0x0000000020015448        0x0 build/src/beam.o
                                          0x8 (size before relaxing)
 .ARM.exidx.text._Z14TaskDriveTrainv
                0x0000000020015448        0x0 build/src/drive.o
                                          0x8 (size before relaxing)
 .ARM.exidx.text._Z36onevent_ControllerButtonL3_pressed_0v
                0x0000000020015448        0x0 build/src/main.o
                                          0x8 (size before relaxing)
 .ARM.exidx.text._Z36onevent_ControllerButtonR3_pressed_0v
                0x0000000020015448        0x0 build/src/main.o
                                          0x8 (size before relaxing)
 .ARM.exidx.text._Z37onevent_ControllerButtonEUp_pressed_0v
                0x0000000020015448        0x0 build/src/main.o
                                          0x8 (size before relaxing)
 .ARM.exidx.text.main
                0x0000000020015448        0x0 build/src/main.o
                                          0x8 (size before relaxing)
 .ARM.exidx.text._Z11TaskControlv
                0x0000000020015448        0x0 build/src/main.o
                                          0x8 (size before relaxing)
 .ARM.exidx.text._GLOBAL__sub_I_main.cpp
                0x0000000020015448        0x0 build/src/main.o
                                          0x8 (size before relaxing)
 .ARM.exidx.text._Z33myblockfunction_Drop_Down_Grab_Upv
                0x0000000020015448        0x0 build/src/pin.o
                                          0x8 (size before relaxing)
 .ARM.exidx.text._Z25myblockfunction_Drop_downv
                0x0000000020015448        0x0 build/src/pin.o
                                          0x8 (size before relaxing)
 .ARM.exidx.text._Z28myblockfunction_Grab_then_upv
                0x0000000020015448        0x0 build/src/pin.o
                                          0x8 (size before relaxing)
 .ARM.exidx.text._Z29myblockfunction_Flip_Pin_Overv
                0x0000000020015448        0x0 build/src/pin.o
                                          0x8 (size before relaxing)
 .ARM.exidx.text._Z16Grab_Release_Pinv
                0x0000000020015448        0x0 build/src/pin.o
                                          0x8 (size before relaxing)
 .ARM.exidx.text._Z7TaskPinv
                0x0000000020015448        0x0 build/src/pin.o
                                          0x8 (size before relaxing)
 *(.gnu.linkonce.armexidix.*.*)
                0x0000000020015448                __exidx_end = .

.rel.dyn        0x0000000020015448        0x0
 .rel.iplt      0x0000000020015448        0x0 build/src/beam.o

.preinit_array  0x0000000020015448        0x0
                0x0000000020015448                __preinit_array_start = .
 *(SORT_BY_NAME(.preinit_array.*))
 *(.preinit_array)
                0x0000000020015448                __preinit_array_end = .

.init_array     0x0000000020015448        0x8
                0x0000000020015448                __init_array_start = .
 *(SORT_BY_NAME(.init_array.*))
 *(.init_array)
 .init_array    0x0000000020015448        0x4 build/src/main.o
 .init_array    0x000000002001544c        0x4 /Users/saranyim/Library/Application Support/Code/User/globalStorage/vexrobotics.vexcode/sdk/cpp/IQ2/IQ2_20250520_15_00_00/vexiq2/libviq2rt.a(vex_color.cpp.o)
                0x0000000020015450                __init_array_end = .

.fini_array     0x0000000020015450        0x0
                0x0000000020015450                __fini_array_start = .
 *(SORT_BY_NAME(.fini_array.*))
 *(.fini_array)
                0x0000000020015450                __fini_array_end = .

.ARM.attributes
                0x0000000020015450       0x3d
                0x0000000020015450                __ARM.attributes_start = .
 *(.ARM.attributes)
 .ARM.attributes
                0x0000000020015450       0x49 build/src/beam.o
 .ARM.attributes
                0x0000000020015499       0x49 build/src/drive.o
 .ARM.attributes
                0x00000000200154e2       0x49 build/src/main.o
 .ARM.attributes
                0x000000002001552b       0x49 build/src/pin.o
 .ARM.attributes
                0x0000000020015574       0x39 /Users/saranyim/Library/Application Support/Code/User/globalStorage/vexrobotics.vexcode/sdk/cpp/IQ2/IQ2_20250520_15_00_00/vexiq2/libviq2rt.a(iq2_startup.c.o)
 .ARM.attributes
                0x00000000200155ad       0x39 /Users/saranyim/Library/Application Support/Code/User/globalStorage/vexrobotics.vexcode/sdk/cpp/IQ2/IQ2_20250520_15_00_00/vexiq2/libviq2rt.a(iq2_apijump.c.o)
 .ARM.attributes
                0x00000000200155e6       0x39 /Users/saranyim/Library/Application Support/Code/User/globalStorage/vexrobotics.vexcode/sdk/cpp/IQ2/IQ2_20250520_15_00_00/vexiq2/libviq2rt.a(vex_global.cpp.o)
 .ARM.attributes
                0x000000002001561f       0x39 /Users/saranyim/Library/Application Support/Code/User/globalStorage/vexrobotics.vexcode/sdk/cpp/IQ2/IQ2_20250520_15_00_00/vexiq2/libviq2rt.a(vex_color.cpp.o)
 .ARM.attributes
                0x0000000020015658       0x39 /Users/saranyim/Library/Application Support/Code/User/globalStorage/vexrobotics.vexcode/sdk/cpp/IQ2/IQ2_20250520_15_00_00/vexiq2/libviq2rt.a(vex_task.cpp.o)
 .ARM.attributes
                0x0000000020015691       0x39 /Users/saranyim/Library/Application Support/Code/User/globalStorage/vexrobotics.vexcode/sdk/cpp/IQ2/IQ2_20250520_15_00_00/vexiq2/libviq2rt.a(vex_thread.cpp.o)
 .ARM.attributes
                0x00000000200156ca       0x39 /Users/saranyim/Library/Application Support/Code/User/globalStorage/vexrobotics.vexcode/sdk/cpp/IQ2/IQ2_20250520_15_00_00/vexiq2/libviq2rt.a(vex_brain.cpp.o)
 .ARM.attributes
                0x0000000020015703       0x39 /Users/saranyim/Library/Application Support/Code/User/globalStorage/vexrobotics.vexcode/sdk/cpp/IQ2/IQ2_20250520_15_00_00/vexiq2/libviq2rt.a(vex_timer.cpp.o)
 .ARM.attributes
                0x000000002001573c       0x39 /Users/saranyim/Library/Application Support/Code/User/globalStorage/vexrobotics.vexcode/sdk/cpp/IQ2/IQ2_20250520_15_00_00/vexiq2/libviq2rt.a(vex_motor.cpp.o)
 .ARM.attributes
                0x0000000020015775       0x39 /Users/saranyim/Library/Application Support/Code/User/globalStorage/vexrobotics.vexcode/sdk/cpp/IQ2/IQ2_20250520_15_00_00/vexiq2/libviq2rt.a(vex_touchled.cpp.o)
 .ARM.attributes
                0x00000000200157ae       0x39 /Users/saranyim/Library/Application Support/Code/User/globalStorage/vexrobotics.vexcode/sdk/cpp/IQ2/IQ2_20250520_15_00_00/vexiq2/libviq2rt.a(vex_distance.cpp.o)
 .ARM.attributes
                0x00000000200157e7       0x39 /Users/saranyim/Library/Application Support/Code/User/globalStorage/vexrobotics.vexcode/sdk/cpp/IQ2/IQ2_20250520_15_00_00/vexiq2/libviq2rt.a(vex_pneumatic.cpp.o)
 .ARM.attributes
                0x0000000020015820       0x39 /Users/saranyim/Library/Application Support/Code/User/globalStorage/vexrobotics.vexcode/sdk/cpp/IQ2/IQ2_20250520_15_00_00/vexiq2/libviq2rt.a(vex_motorgroup.cpp.o)
 .ARM.attributes
                0x0000000020015859       0x39 /Users/saranyim/Library/Application Support/Code/User/globalStorage/vexrobotics.vexcode/sdk/cpp/IQ2/IQ2_20250520_15_00_00/vexiq2/libviq2rt.a(vex_controller.cpp.o)
 .ARM.attributes
                0x0000000020015892       0x39 /Users/saranyim/Library/Application Support/Code/User/globalStorage/vexrobotics.vexcode/sdk/cpp/IQ2/IQ2_20250520_15_00_00/vexiq2/libviq2rt.a(vex_event.cpp.o)
 .ARM.attributes
                0x00000000200158cb       0x39 /Users/saranyim/Library/Application Support/Code/User/globalStorage/vexrobotics.vexcode/sdk/cpp/IQ2/IQ2_20250520_15_00_00/vexiq2/libviq2rt.a(vex_device.cpp.o)
 .ARM.attributes
                0x0000000020015904       0x34 /Users/saranyim/Library/Application Support/Code/User/globalStorage/vexrobotics.vexcode/sdk/cpp/IQ2/IQ2_20250520_15_00_00/vexiq2/gcc/libs/libc_nano.a(lib_a-aeabi_atexit.o)
 .ARM.attributes
                0x0000000020015938       0x34 /Users/saranyim/Library/Application Support/Code/User/globalStorage/vexrobotics.vexcode/sdk/cpp/IQ2/IQ2_20250520_15_00_00/vexiq2/gcc/libs/libc_nano.a(lib_a-fflush.o)
 .ARM.attributes
                0x000000002001596c       0x34 /Users/saranyim/Library/Application Support/Code/User/globalStorage/vexrobotics.vexcode/sdk/cpp/IQ2/IQ2_20250520_15_00_00/vexiq2/gcc/libs/libc_nano.a(lib_a-findfp.o)
 .ARM.attributes
                0x00000000200159a0       0x34 /Users/saranyim/Library/Application Support/Code/User/globalStorage/vexrobotics.vexcode/sdk/cpp/IQ2/IQ2_20250520_15_00_00/vexiq2/gcc/libs/libc_nano.a(lib_a-fwalk.o)
 .ARM.attributes
                0x00000000200159d4       0x34 /Users/saranyim/Library/Application Support/Code/User/globalStorage/vexrobotics.vexcode/sdk/cpp/IQ2/IQ2_20250520_15_00_00/vexiq2/gcc/libs/libc_nano.a(lib_a-impure.o)
 .ARM.attributes
                0x0000000020015a08       0x34 /Users/saranyim/Library/Application Support/Code/User/globalStorage/vexrobotics.vexcode/sdk/cpp/IQ2/IQ2_20250520_15_00_00/vexiq2/gcc/libs/libc_nano.a(lib_a-init.o)
 .ARM.attributes